<html>
<body>
<pre>
<h1>µVision Build Log</h1>
<h2>Tool Versions:</h2>
IDE-Version: µVision V5.24.2.0
Copyright (C) 2017 ARM Ltd and ARM Germany GmbH. All rights reserved.
License Information: al gao, cqu, LIC=1WS74-FXUBD-UK7B6-D1AUN-J4CUQ-YWS0Q
 
Tool Versions:
Toolchain:       MDK-ARM Professional  Version: 5.24.1
Toolchain Path:  C:\Keil_v5\ARM\ARMCC\Bin
C Compiler:      Armcc.exe V5.06 update 5 (build 528)
Assembler:       Armasm.exe V5.06 update 5 (build 528)
Linker/Locator:  ArmLink.exe V5.06 update 5 (build 528)
Library Manager: ArmAr.exe V5.06 update 5 (build 528)
Hex Converter:   FromElf.exe V5.06 update 5 (build 528)
CPU DLL:         SARMCM3.DLL V5.24.1
Dialog DLL:      DCM.DLL V1.16.0.0
Target DLL:      Segger\JL2CM3.dll V2.99.26.0
Dialog DLL:      TCM.DLL V1.32.0.0
 
<h2>Project:</h2>
E:\ucosiii\Micrium_STM3240G-EVAL_OS3\Micrium\Examples\ST\STM3240G-EVAL\OS3\KeilMDK\OS3.uvprojx
Project File Date:  10/20/2019

<h2>Output:</h2>
*** Using Compiler 'V5.06 update 5 (build 528)', folder: 'C:\Keil_v5\ARM\ARMCC\Bin'
Rebuild target 'FLASH'
compiling app_serial.c...
compiling os_app_hooks.c...
compiling bsp.c...
compiling app.c...
..\app.c(607): warning:  #1035-D: single-precision operand implicitly converted to double-precision
          while (((2.00 * eps) < delta) ||
..\app.c(609): warning:  #1035-D: single-precision operand implicitly converted to double-precision
              c   = (a + b) / 2.00;
..\app.c(613): warning:  #1035-D: single-precision operand implicitly converted to double-precision
              if (((f_a > 0.0) && (f_c < 0.0)) ||
..\app.c(613): warning:  #1035-D: single-precision operand implicitly converted to double-precision
              if (((f_a > 0.0) && (f_c < 0.0)) ||
..\app.c(614): warning:  #1035-D: single-precision operand implicitly converted to double-precision
                  ((f_a < 0.0) && (f_c > 0.0))) {
..\app.c(614): warning:  #1035-D: single-precision operand implicitly converted to double-precision
                  ((f_a < 0.0) && (f_c > 0.0))) {
..\app.c(616): warning:  #1035-D: single-precision operand implicitly converted to double-precision
              } else if (((f_a > 0.0) && (f_c > 0.0)) ||
..\app.c(616): warning:  #1035-D: single-precision operand implicitly converted to double-precision
              } else if (((f_a > 0.0) && (f_c > 0.0)) ||
..\app.c(617): warning:  #1035-D: single-precision operand implicitly converted to double-precision
                         ((f_a < 0.0) && (f_c < 0.0))) {
..\app.c(617): warning:  #1035-D: single-precision operand implicitly converted to double-precision
                         ((f_a < 0.0) && (f_c < 0.0))) {
..\app.c(696): warning:  #1035-D: single-precision operand implicitly converted to double-precision
          while ((2.00 * eps) < delta) {
..\app.c(697): warning:  #1035-D: single-precision operand implicitly converted to double-precision
              c   = (a + b) / 2.0;
..\app.c(698): warning:  #1035-D: single-precision operand implicitly converted to double-precision
              f_a = a * a - 3.0;
..\app.c(699): warning:  #1035-D: single-precision operand implicitly converted to double-precision
              f_c = c * c - 3.0;
..\app.c(701): warning:  #1035-D: single-precision operand implicitly converted to double-precision
              if (((f_a > 0.0) && (f_c < 0.0)) ||
..\app.c(701): warning:  #1035-D: single-precision operand implicitly converted to double-precision
              if (((f_a > 0.0) && (f_c < 0.0)) ||
..\app.c(702): warning:  #1035-D: single-precision operand implicitly converted to double-precision
                  ((f_a < 0.0) && (f_c > 0.0))) {
..\app.c(702): warning:  #1035-D: single-precision operand implicitly converted to double-precision
                  ((f_a < 0.0) && (f_c > 0.0))) {
..\app.c(704): warning:  #1035-D: single-precision operand implicitly converted to double-precision
              } else if (((f_a > 0.0) && (f_c > 0.0)) ||
..\app.c(704): warning:  #1035-D: single-precision operand implicitly converted to double-precision
              } else if (((f_a > 0.0) && (f_c > 0.0)) ||
..\app.c(705): warning:  #1035-D: single-precision operand implicitly converted to double-precision
                         ((f_a < 0.0) && (f_c < 0.0))) {
..\app.c(705): warning:  #1035-D: single-precision operand implicitly converted to double-precision
                         ((f_a < 0.0) && (f_c < 0.0))) {
..\app.c: 22 warnings, 0 errors
compiling bsp_int.c...
compiling bsp_periph.c...
compiling cpu_bsp.c...
assembling startup.s...
compiling bsp_os.c...
compiling system_stm32f4xx.c...
compiling serial_bsp_stm3240x.c...
compiling stm32f4xx_hal.c...
compiling stm32f4xx_hal_adc.c...
compiling stm32f4xx_hal_adc_ex.c...
compiling stm32f4xx_hal_can.c...
compiling stm32f4xx_hal_cec.c...
compiling stm32f4xx_hal_crc.c...
compiling stm32f4xx_hal_cortex.c...
compiling stm32f4xx_hal_cryp.c...
compiling stm32f4xx_hal_cryp_ex.c...
compiling stm32f4xx_hal_dac.c...
compiling stm32f4xx_hal_dac_ex.c...
compiling stm32f4xx_hal_dcmi_ex.c...
compiling stm32f4xx_hal_dcmi.c...
compiling stm32f4xx_hal_dma_ex.c...
compiling stm32f4xx_hal_dma2d.c...
compiling stm32f4xx_hal_dma.c...
compiling stm32f4xx_hal_flash.c...
compiling stm32f4xx_hal_eth.c...
compiling stm32f4xx_hal_flash_ex.c...
compiling stm32f4xx_hal_fmpi2c.c...
compiling stm32f4xx_hal_flash_ramfunc.c...
compiling stm32f4xx_hal_fmpi2c_ex.c...
compiling stm32f4xx_hal_hash.c...
compiling stm32f4xx_hal_gpio.c...
compiling stm32f4xx_hal_hash_ex.c...
compiling stm32f4xx_hal_hcd.c...
compiling stm32f4xx_hal_i2c.c...
compiling stm32f4xx_hal_i2c_ex.c...
compiling stm32f4xx_hal_i2s.c...
compiling stm32f4xx_hal_irda.c...
compiling stm32f4xx_hal_i2s_ex.c...
compiling stm32f4xx_hal_iwdg.c...
compiling stm32f4xx_hal_ltdc.c...
compiling stm32f4xx_hal_msp_template.c...
compiling stm32f4xx_hal_pccard.c...
compiling stm32f4xx_hal_nand.c...
compiling stm32f4xx_hal_nor.c...
compiling stm32f4xx_hal_pcd_ex.c...
compiling stm32f4xx_hal_pwr.c...
compiling stm32f4xx_hal_pcd.c...
compiling stm32f4xx_hal_pwr_ex.c...
compiling stm32f4xx_hal_qspi.c...
compiling stm32f4xx_hal_rcc.c...
compiling stm32f4xx_hal_rng.c...
compiling stm32f4xx_hal_rcc_ex.c...
compiling stm32f4xx_hal_rtc.c...
compiling stm32f4xx_hal_sai.c...
compiling stm32f4xx_hal_sai_ex.c...
compiling stm32f4xx_hal_rtc_ex.c...
compiling stm32f4xx_hal_sdram.c...
compiling stm32f4xx_hal_smartcard.c...
compiling stm32f4xx_hal_sd.c...
compiling stm32f4xx_hal_spdifrx.c...
compiling stm32f4xx_hal_sram.c...
compiling stm32f4xx_hal_spi.c...
compiling stm32f4xx_hal_tim_ex.c...
compiling stm32f4xx_hal_uart.c...
compiling stm32f4xx_hal_tim.c...
compiling stm32f4xx_hal_wwdg.c...
compiling stm32f4xx_ll_fmc.c...
compiling stm32f4xx_hal_usart.c...
compiling stm32f4xx_ll_fsmc.c...
compiling stm32f4xx_ll_sdmmc.c...
compiling cpu_core.c...
assembling cpu_a.asm...
compiling cpu_c.c...
compiling lib_ascii.c...
compiling stm32f4xx_ll_usb.c...
compiling lib_math.c...
compiling lib_mem.c...
compiling lib_str.c...
assembling lib_mem_a.asm...
compiling serial_buf.c...
compiling serial_os.c...
compiling serial.c...
compiling serial_line_dflt.c...
compiling serial_line_probe.c...
compiling serial_line_tty.c...
compiling serial_drv_stm32.c...
compiling os_cfg_app.c...
compiling os_dbg.c...
compiling os_flag.c...
compiling os_core.c...
compiling os_int.c...
compiling os_mem.c...
compiling os_msg.c...
compiling os_mutex.c...
compiling os_prio.c...
compiling os_pend_multi.c...
compiling os_q.c...
compiling os_stat.c...
compiling os_sem.c...
compiling os_time.c...
compiling os_tick.c...
compiling os_task.c...
assembling os_cpu_a.asm...
compiling os_var.c...
compiling os_tmr.c...
compiling os_cpu_c.c...
linking...
Program Size: Code=42488 RO-data=1520 RW-data=368 ZI-data=15800  
".\Objects\OS3.axf" - 0 Error(s), 22 Warning(s).

<h2>Software Packages used:</h2>

Package Vendor: Keil
                http://www.keil.com/pack/Keil.STM32F4xx_DFP.2.13.0.pack
                Keil.STM32F4xx_DFP.2.13.0
                STMicroelectronics STM32F4 Series Device Support, Drivers and Examples

<h2>Collection of Component include folders:</h2>
  .\RTE\_FLASH
  C:\Keil_v5\ARM\PACK\Keil\STM32F4xx_DFP\2.13.0\Drivers\CMSIS\Device\ST\STM32F4xx\Include

<h2>Collection of Component Files used:</h2>
Build Time Elapsed:  00:01:33
</pre>
</body>
</html>
