###############################################################################
#
# IAR ELF Linker V8.30.1.114/W32 for ARM                  21/Oct/2019  13:51:20
# Copyright 2007-2018 IAR Systems AB.
#
#    Output file  =  
#        E:\ucosiii\Micrium_STM3240G-EVAL_OS3\Micrium\Examples\ST\STM3240G-EVAL\OS3\IAR\FLASH\Exe\OS3.out
#    Map file     =  
#        E:\ucosiii\Micrium_STM3240G-EVAL_OS3\Micrium\Examples\ST\STM3240G-EVAL\OS3\IAR\FLASH\List\OS3.map
#    Command line =  
#        -f C:\Users\i_lov\AppData\Local\Temp\EW839A.tmp
#        (E:\ucosiii\Micrium_STM3240G-EVAL_OS3\Micrium\Examples\ST\STM3240G-EVAL\OS3\IAR\FLASH\Obj\app.o
#        E:\ucosiii\Micrium_STM3240G-EVAL_OS3\Micrium\Examples\ST\STM3240G-EVAL\OS3\IAR\FLASH\Obj\app_serial.o
#        E:\ucosiii\Micrium_STM3240G-EVAL_OS3\Micrium\Examples\ST\STM3240G-EVAL\OS3\IAR\FLASH\Obj\bsp.o
#        E:\ucosiii\Micrium_STM3240G-EVAL_OS3\Micrium\Examples\ST\STM3240G-EVAL\OS3\IAR\FLASH\Obj\bsp_int.o
#        E:\ucosiii\Micrium_STM3240G-EVAL_OS3\Micrium\Examples\ST\STM3240G-EVAL\OS3\IAR\FLASH\Obj\bsp_os.o
#        E:\ucosiii\Micrium_STM3240G-EVAL_OS3\Micrium\Examples\ST\STM3240G-EVAL\OS3\IAR\FLASH\Obj\bsp_periph.o
#        E:\ucosiii\Micrium_STM3240G-EVAL_OS3\Micrium\Examples\ST\STM3240G-EVAL\OS3\IAR\FLASH\Obj\cpu_a.o
#        E:\ucosiii\Micrium_STM3240G-EVAL_OS3\Micrium\Examples\ST\STM3240G-EVAL\OS3\IAR\FLASH\Obj\cpu_bsp.o
#        E:\ucosiii\Micrium_STM3240G-EVAL_OS3\Micrium\Examples\ST\STM3240G-EVAL\OS3\IAR\FLASH\Obj\cpu_c.o
#        E:\ucosiii\Micrium_STM3240G-EVAL_OS3\Micrium\Examples\ST\STM3240G-EVAL\OS3\IAR\FLASH\Obj\cpu_core.o
#        E:\ucosiii\Micrium_STM3240G-EVAL_OS3\Micrium\Examples\ST\STM3240G-EVAL\OS3\IAR\FLASH\Obj\cstartup.o
#        E:\ucosiii\Micrium_STM3240G-EVAL_OS3\Micrium\Examples\ST\STM3240G-EVAL\OS3\IAR\FLASH\Obj\lib_ascii.o
#        E:\ucosiii\Micrium_STM3240G-EVAL_OS3\Micrium\Examples\ST\STM3240G-EVAL\OS3\IAR\FLASH\Obj\lib_math.o
#        E:\ucosiii\Micrium_STM3240G-EVAL_OS3\Micrium\Examples\ST\STM3240G-EVAL\OS3\IAR\FLASH\Obj\lib_mem.o
#        E:\ucosiii\Micrium_STM3240G-EVAL_OS3\Micrium\Examples\ST\STM3240G-EVAL\OS3\IAR\FLASH\Obj\lib_mem_a.o
#        E:\ucosiii\Micrium_STM3240G-EVAL_OS3\Micrium\Examples\ST\STM3240G-EVAL\OS3\IAR\FLASH\Obj\lib_str.o
#        E:\ucosiii\Micrium_STM3240G-EVAL_OS3\Micrium\Examples\ST\STM3240G-EVAL\OS3\IAR\FLASH\Obj\os_app_hooks.o
#        E:\ucosiii\Micrium_STM3240G-EVAL_OS3\Micrium\Examples\ST\STM3240G-EVAL\OS3\IAR\FLASH\Obj\os_cfg_app.o
#        E:\ucosiii\Micrium_STM3240G-EVAL_OS3\Micrium\Examples\ST\STM3240G-EVAL\OS3\IAR\FLASH\Obj\os_core.o
#        E:\ucosiii\Micrium_STM3240G-EVAL_OS3\Micrium\Examples\ST\STM3240G-EVAL\OS3\IAR\FLASH\Obj\os_cpu_a.o
#        E:\ucosiii\Micrium_STM3240G-EVAL_OS3\Micrium\Examples\ST\STM3240G-EVAL\OS3\IAR\FLASH\Obj\os_cpu_c.o
#        E:\ucosiii\Micrium_STM3240G-EVAL_OS3\Micrium\Examples\ST\STM3240G-EVAL\OS3\IAR\FLASH\Obj\os_dbg.o
#        E:\ucosiii\Micrium_STM3240G-EVAL_OS3\Micrium\Examples\ST\STM3240G-EVAL\OS3\IAR\FLASH\Obj\os_flag.o
#        E:\ucosiii\Micrium_STM3240G-EVAL_OS3\Micrium\Examples\ST\STM3240G-EVAL\OS3\IAR\FLASH\Obj\os_int.o
#        E:\ucosiii\Micrium_STM3240G-EVAL_OS3\Micrium\Examples\ST\STM3240G-EVAL\OS3\IAR\FLASH\Obj\os_mem.o
#        E:\ucosiii\Micrium_STM3240G-EVAL_OS3\Micrium\Examples\ST\STM3240G-EVAL\OS3\IAR\FLASH\Obj\os_msg.o
#        E:\ucosiii\Micrium_STM3240G-EVAL_OS3\Micrium\Examples\ST\STM3240G-EVAL\OS3\IAR\FLASH\Obj\os_mutex.o
#        E:\ucosiii\Micrium_STM3240G-EVAL_OS3\Micrium\Examples\ST\STM3240G-EVAL\OS3\IAR\FLASH\Obj\os_pend_multi.o
#        E:\ucosiii\Micrium_STM3240G-EVAL_OS3\Micrium\Examples\ST\STM3240G-EVAL\OS3\IAR\FLASH\Obj\os_prio.o
#        E:\ucosiii\Micrium_STM3240G-EVAL_OS3\Micrium\Examples\ST\STM3240G-EVAL\OS3\IAR\FLASH\Obj\os_q.o
#        E:\ucosiii\Micrium_STM3240G-EVAL_OS3\Micrium\Examples\ST\STM3240G-EVAL\OS3\IAR\FLASH\Obj\os_sem.o
#        E:\ucosiii\Micrium_STM3240G-EVAL_OS3\Micrium\Examples\ST\STM3240G-EVAL\OS3\IAR\FLASH\Obj\os_stat.o
#        E:\ucosiii\Micrium_STM3240G-EVAL_OS3\Micrium\Examples\ST\STM3240G-EVAL\OS3\IAR\FLASH\Obj\os_task.o
#        E:\ucosiii\Micrium_STM3240G-EVAL_OS3\Micrium\Examples\ST\STM3240G-EVAL\OS3\IAR\FLASH\Obj\os_tick.o
#        E:\ucosiii\Micrium_STM3240G-EVAL_OS3\Micrium\Examples\ST\STM3240G-EVAL\OS3\IAR\FLASH\Obj\os_time.o
#        E:\ucosiii\Micrium_STM3240G-EVAL_OS3\Micrium\Examples\ST\STM3240G-EVAL\OS3\IAR\FLASH\Obj\os_tmr.o
#        E:\ucosiii\Micrium_STM3240G-EVAL_OS3\Micrium\Examples\ST\STM3240G-EVAL\OS3\IAR\FLASH\Obj\os_var.o
#        E:\ucosiii\Micrium_STM3240G-EVAL_OS3\Micrium\Examples\ST\STM3240G-EVAL\OS3\IAR\FLASH\Obj\serial.o
#        E:\ucosiii\Micrium_STM3240G-EVAL_OS3\Micrium\Examples\ST\STM3240G-EVAL\OS3\IAR\FLASH\Obj\serial_bsp_stm3240x.o
#        E:\ucosiii\Micrium_STM3240G-EVAL_OS3\Micrium\Examples\ST\STM3240G-EVAL\OS3\IAR\FLASH\Obj\serial_buf.o
#        E:\ucosiii\Micrium_STM3240G-EVAL_OS3\Micrium\Examples\ST\STM3240G-EVAL\OS3\IAR\FLASH\Obj\serial_drv_stm32.o
#        E:\ucosiii\Micrium_STM3240G-EVAL_OS3\Micrium\Examples\ST\STM3240G-EVAL\OS3\IAR\FLASH\Obj\serial_line_dflt.o
#        E:\ucosiii\Micrium_STM3240G-EVAL_OS3\Micrium\Examples\ST\STM3240G-EVAL\OS3\IAR\FLASH\Obj\serial_line_probe.o
#        E:\ucosiii\Micrium_STM3240G-EVAL_OS3\Micrium\Examples\ST\STM3240G-EVAL\OS3\IAR\FLASH\Obj\serial_line_tty.o
#        E:\ucosiii\Micrium_STM3240G-EVAL_OS3\Micrium\Examples\ST\STM3240G-EVAL\OS3\IAR\FLASH\Obj\serial_os.o
#        E:\ucosiii\Micrium_STM3240G-EVAL_OS3\Micrium\Examples\ST\STM3240G-EVAL\OS3\IAR\FLASH\Obj\stm32f4xx_hal.o
#        E:\ucosiii\Micrium_STM3240G-EVAL_OS3\Micrium\Examples\ST\STM3240G-EVAL\OS3\IAR\FLASH\Obj\stm32f4xx_hal_adc.o
#        E:\ucosiii\Micrium_STM3240G-EVAL_OS3\Micrium\Examples\ST\STM3240G-EVAL\OS3\IAR\FLASH\Obj\stm32f4xx_hal_adc_ex.o
#        E:\ucosiii\Micrium_STM3240G-EVAL_OS3\Micrium\Examples\ST\STM3240G-EVAL\OS3\IAR\FLASH\Obj\stm32f4xx_hal_can.o
#        E:\ucosiii\Micrium_STM3240G-EVAL_OS3\Micrium\Examples\ST\STM3240G-EVAL\OS3\IAR\FLASH\Obj\stm32f4xx_hal_cec.o
#        E:\ucosiii\Micrium_STM3240G-EVAL_OS3\Micrium\Examples\ST\STM3240G-EVAL\OS3\IAR\FLASH\Obj\stm32f4xx_hal_cortex.o
#        E:\ucosiii\Micrium_STM3240G-EVAL_OS3\Micrium\Examples\ST\STM3240G-EVAL\OS3\IAR\FLASH\Obj\stm32f4xx_hal_crc.o
#        E:\ucosiii\Micrium_STM3240G-EVAL_OS3\Micrium\Examples\ST\STM3240G-EVAL\OS3\IAR\FLASH\Obj\stm32f4xx_hal_cryp.o
#        E:\ucosiii\Micrium_STM3240G-EVAL_OS3\Micrium\Examples\ST\STM3240G-EVAL\OS3\IAR\FLASH\Obj\stm32f4xx_hal_cryp_ex.o
#        E:\ucosiii\Micrium_STM3240G-EVAL_OS3\Micrium\Examples\ST\STM3240G-EVAL\OS3\IAR\FLASH\Obj\stm32f4xx_hal_dac.o
#        E:\ucosiii\Micrium_STM3240G-EVAL_OS3\Micrium\Examples\ST\STM3240G-EVAL\OS3\IAR\FLASH\Obj\stm32f4xx_hal_dac_ex.o
#        E:\ucosiii\Micrium_STM3240G-EVAL_OS3\Micrium\Examples\ST\STM3240G-EVAL\OS3\IAR\FLASH\Obj\stm32f4xx_hal_dcmi.o
#        E:\ucosiii\Micrium_STM3240G-EVAL_OS3\Micrium\Examples\ST\STM3240G-EVAL\OS3\IAR\FLASH\Obj\stm32f4xx_hal_dcmi_ex.o
#        E:\ucosiii\Micrium_STM3240G-EVAL_OS3\Micrium\Examples\ST\STM3240G-EVAL\OS3\IAR\FLASH\Obj\stm32f4xx_hal_dma.o
#        E:\ucosiii\Micrium_STM3240G-EVAL_OS3\Micrium\Examples\ST\STM3240G-EVAL\OS3\IAR\FLASH\Obj\stm32f4xx_hal_dma2d.o
#        E:\ucosiii\Micrium_STM3240G-EVAL_OS3\Micrium\Examples\ST\STM3240G-EVAL\OS3\IAR\FLASH\Obj\stm32f4xx_hal_dma_ex.o
#        E:\ucosiii\Micrium_STM3240G-EVAL_OS3\Micrium\Examples\ST\STM3240G-EVAL\OS3\IAR\FLASH\Obj\stm32f4xx_hal_eth.o
#        E:\ucosiii\Micrium_STM3240G-EVAL_OS3\Micrium\Examples\ST\STM3240G-EVAL\OS3\IAR\FLASH\Obj\stm32f4xx_hal_flash.o
#        E:\ucosiii\Micrium_STM3240G-EVAL_OS3\Micrium\Examples\ST\STM3240G-EVAL\OS3\IAR\FLASH\Obj\stm32f4xx_hal_flash_ex.o
#        E:\ucosiii\Micrium_STM3240G-EVAL_OS3\Micrium\Examples\ST\STM3240G-EVAL\OS3\IAR\FLASH\Obj\stm32f4xx_hal_flash_ramfunc.o
#        E:\ucosiii\Micrium_STM3240G-EVAL_OS3\Micrium\Examples\ST\STM3240G-EVAL\OS3\IAR\FLASH\Obj\stm32f4xx_hal_fmpi2c.o
#        E:\ucosiii\Micrium_STM3240G-EVAL_OS3\Micrium\Examples\ST\STM3240G-EVAL\OS3\IAR\FLASH\Obj\stm32f4xx_hal_fmpi2c_ex.o
#        E:\ucosiii\Micrium_STM3240G-EVAL_OS3\Micrium\Examples\ST\STM3240G-EVAL\OS3\IAR\FLASH\Obj\stm32f4xx_hal_gpio.o
#        E:\ucosiii\Micrium_STM3240G-EVAL_OS3\Micrium\Examples\ST\STM3240G-EVAL\OS3\IAR\FLASH\Obj\stm32f4xx_hal_hash.o
#        E:\ucosiii\Micrium_STM3240G-EVAL_OS3\Micrium\Examples\ST\STM3240G-EVAL\OS3\IAR\FLASH\Obj\stm32f4xx_hal_hash_ex.o
#        E:\ucosiii\Micrium_STM3240G-EVAL_OS3\Micrium\Examples\ST\STM3240G-EVAL\OS3\IAR\FLASH\Obj\stm32f4xx_hal_hcd.o
#        E:\ucosiii\Micrium_STM3240G-EVAL_OS3\Micrium\Examples\ST\STM3240G-EVAL\OS3\IAR\FLASH\Obj\stm32f4xx_hal_i2c.o
#        E:\ucosiii\Micrium_STM3240G-EVAL_OS3\Micrium\Examples\ST\STM3240G-EVAL\OS3\IAR\FLASH\Obj\stm32f4xx_hal_i2c_ex.o
#        E:\ucosiii\Micrium_STM3240G-EVAL_OS3\Micrium\Examples\ST\STM3240G-EVAL\OS3\IAR\FLASH\Obj\stm32f4xx_hal_i2s.o
#        E:\ucosiii\Micrium_STM3240G-EVAL_OS3\Micrium\Examples\ST\STM3240G-EVAL\OS3\IAR\FLASH\Obj\stm32f4xx_hal_i2s_ex.o
#        E:\ucosiii\Micrium_STM3240G-EVAL_OS3\Micrium\Examples\ST\STM3240G-EVAL\OS3\IAR\FLASH\Obj\stm32f4xx_hal_irda.o
#        E:\ucosiii\Micrium_STM3240G-EVAL_OS3\Micrium\Examples\ST\STM3240G-EVAL\OS3\IAR\FLASH\Obj\stm32f4xx_hal_iwdg.o
#        E:\ucosiii\Micrium_STM3240G-EVAL_OS3\Micrium\Examples\ST\STM3240G-EVAL\OS3\IAR\FLASH\Obj\stm32f4xx_hal_ltdc.o
#        E:\ucosiii\Micrium_STM3240G-EVAL_OS3\Micrium\Examples\ST\STM3240G-EVAL\OS3\IAR\FLASH\Obj\stm32f4xx_hal_msp_template.o
#        E:\ucosiii\Micrium_STM3240G-EVAL_OS3\Micrium\Examples\ST\STM3240G-EVAL\OS3\IAR\FLASH\Obj\stm32f4xx_hal_nand.o
#        E:\ucosiii\Micrium_STM3240G-EVAL_OS3\Micrium\Examples\ST\STM3240G-EVAL\OS3\IAR\FLASH\Obj\stm32f4xx_hal_nor.o
#        E:\ucosiii\Micrium_STM3240G-EVAL_OS3\Micrium\Examples\ST\STM3240G-EVAL\OS3\IAR\FLASH\Obj\stm32f4xx_hal_pccard.o
#        E:\ucosiii\Micrium_STM3240G-EVAL_OS3\Micrium\Examples\ST\STM3240G-EVAL\OS3\IAR\FLASH\Obj\stm32f4xx_hal_pcd.o
#        E:\ucosiii\Micrium_STM3240G-EVAL_OS3\Micrium\Examples\ST\STM3240G-EVAL\OS3\IAR\FLASH\Obj\stm32f4xx_hal_pcd_ex.o
#        E:\ucosiii\Micrium_STM3240G-EVAL_OS3\Micrium\Examples\ST\STM3240G-EVAL\OS3\IAR\FLASH\Obj\stm32f4xx_hal_pwr.o
#        E:\ucosiii\Micrium_STM3240G-EVAL_OS3\Micrium\Examples\ST\STM3240G-EVAL\OS3\IAR\FLASH\Obj\stm32f4xx_hal_pwr_ex.o
#        E:\ucosiii\Micrium_STM3240G-EVAL_OS3\Micrium\Examples\ST\STM3240G-EVAL\OS3\IAR\FLASH\Obj\stm32f4xx_hal_qspi.o
#        E:\ucosiii\Micrium_STM3240G-EVAL_OS3\Micrium\Examples\ST\STM3240G-EVAL\OS3\IAR\FLASH\Obj\stm32f4xx_hal_rcc.o
#        E:\ucosiii\Micrium_STM3240G-EVAL_OS3\Micrium\Examples\ST\STM3240G-EVAL\OS3\IAR\FLASH\Obj\stm32f4xx_hal_rcc_ex.o
#        E:\ucosiii\Micrium_STM3240G-EVAL_OS3\Micrium\Examples\ST\STM3240G-EVAL\OS3\IAR\FLASH\Obj\stm32f4xx_hal_rng.o
#        E:\ucosiii\Micrium_STM3240G-EVAL_OS3\Micrium\Examples\ST\STM3240G-EVAL\OS3\IAR\FLASH\Obj\stm32f4xx_hal_rtc.o
#        E:\ucosiii\Micrium_STM3240G-EVAL_OS3\Micrium\Examples\ST\STM3240G-EVAL\OS3\IAR\FLASH\Obj\stm32f4xx_hal_rtc_ex.o
#        E:\ucosiii\Micrium_STM3240G-EVAL_OS3\Micrium\Examples\ST\STM3240G-EVAL\OS3\IAR\FLASH\Obj\stm32f4xx_hal_sai.o
#        E:\ucosiii\Micrium_STM3240G-EVAL_OS3\Micrium\Examples\ST\STM3240G-EVAL\OS3\IAR\FLASH\Obj\stm32f4xx_hal_sai_ex.o
#        E:\ucosiii\Micrium_STM3240G-EVAL_OS3\Micrium\Examples\ST\STM3240G-EVAL\OS3\IAR\FLASH\Obj\stm32f4xx_hal_sd.o
#        E:\ucosiii\Micrium_STM3240G-EVAL_OS3\Micrium\Examples\ST\STM3240G-EVAL\OS3\IAR\FLASH\Obj\stm32f4xx_hal_sdram.o
#        E:\ucosiii\Micrium_STM3240G-EVAL_OS3\Micrium\Examples\ST\STM3240G-EVAL\OS3\IAR\FLASH\Obj\stm32f4xx_hal_smartcard.o
#        E:\ucosiii\Micrium_STM3240G-EVAL_OS3\Micrium\Examples\ST\STM3240G-EVAL\OS3\IAR\FLASH\Obj\stm32f4xx_hal_spdifrx.o
#        E:\ucosiii\Micrium_STM3240G-EVAL_OS3\Micrium\Examples\ST\STM3240G-EVAL\OS3\IAR\FLASH\Obj\stm32f4xx_hal_spi.o
#        E:\ucosiii\Micrium_STM3240G-EVAL_OS3\Micrium\Examples\ST\STM3240G-EVAL\OS3\IAR\FLASH\Obj\stm32f4xx_hal_sram.o
#        E:\ucosiii\Micrium_STM3240G-EVAL_OS3\Micrium\Examples\ST\STM3240G-EVAL\OS3\IAR\FLASH\Obj\stm32f4xx_hal_tim.o
#        E:\ucosiii\Micrium_STM3240G-EVAL_OS3\Micrium\Examples\ST\STM3240G-EVAL\OS3\IAR\FLASH\Obj\stm32f4xx_hal_tim_ex.o
#        E:\ucosiii\Micrium_STM3240G-EVAL_OS3\Micrium\Examples\ST\STM3240G-EVAL\OS3\IAR\FLASH\Obj\stm32f4xx_hal_uart.o
#        E:\ucosiii\Micrium_STM3240G-EVAL_OS3\Micrium\Examples\ST\STM3240G-EVAL\OS3\IAR\FLASH\Obj\stm32f4xx_hal_usart.o
#        E:\ucosiii\Micrium_STM3240G-EVAL_OS3\Micrium\Examples\ST\STM3240G-EVAL\OS3\IAR\FLASH\Obj\stm32f4xx_hal_wwdg.o
#        E:\ucosiii\Micrium_STM3240G-EVAL_OS3\Micrium\Examples\ST\STM3240G-EVAL\OS3\IAR\FLASH\Obj\stm32f4xx_ll_fmc.o
#        E:\ucosiii\Micrium_STM3240G-EVAL_OS3\Micrium\Examples\ST\STM3240G-EVAL\OS3\IAR\FLASH\Obj\stm32f4xx_ll_fsmc.o
#        E:\ucosiii\Micrium_STM3240G-EVAL_OS3\Micrium\Examples\ST\STM3240G-EVAL\OS3\IAR\FLASH\Obj\stm32f4xx_ll_sdmmc.o
#        E:\ucosiii\Micrium_STM3240G-EVAL_OS3\Micrium\Examples\ST\STM3240G-EVAL\OS3\IAR\FLASH\Obj\stm32f4xx_ll_usb.o
#        E:\ucosiii\Micrium_STM3240G-EVAL_OS3\Micrium\Examples\ST\STM3240G-EVAL\OS3\IAR\FLASH\Obj\system_stm32f4xx.o
#        --no_out_extension -o
#        E:\ucosiii\Micrium_STM3240G-EVAL_OS3\Micrium\Examples\ST\STM3240G-EVAL\OS3\IAR\FLASH\Exe\OS3.out
#        --map
#        E:\ucosiii\Micrium_STM3240G-EVAL_OS3\Micrium\Examples\ST\STM3240G-EVAL\OS3\IAR\FLASH\List\OS3.map
#        --config
#        E:\ucosiii\Micrium_STM3240G-EVAL_OS3\Micrium\Examples\ST\STM3240G-EVAL\OS3\IAR\..\..\BSP\IAR\STM32F4xx_FLASH.icf
#        --semihosting --entry __iar_program_start --vfe --text_out locale)
#
###############################################################################

*******************************************************************************
*** RUNTIME MODEL ATTRIBUTES
***

CppFlavor       = *
__Heap_Handler  = Basic
__SystemLibrary = DLib
__dlib_version  = 6


*******************************************************************************
*** HEAP SELECTION
***

The basic heap was selected because no calls to memory allocation
functions were found in the application outside of system library
functions, and there are calls to deallocation functions in the
application.


*******************************************************************************
*** PLACEMENT SUMMARY
***

"A0":  place at 0x800'0000 { ro section .intvec };
"P1":  place in [from 0x800'0200 to 0x80f'ffff] { ro };
define block CSTACK with size = 512, alignment = 8 { };
define block HEAP with size = 0M, alignment = 8 { };
"P2":  place in [from 0x2000'0000 to 0x2001'ffff] {
          rw, block CSTACK, block HEAP };
initialize by copy { rw };

  Section            Kind         Address    Size  Object
  -------            ----         -------    ----  ------
"A0":                                       0x188
  .intvec            const     0x800'0000   0x188  cstartup.o [1]
                             - 0x800'0188   0x188

"P1":                                      0xa31e
  .text              ro code   0x800'0200   0xe26  xprintffull_nomb.o [2]
  .text              ro code   0x800'1026    0x3a  zero_init3.o [4]
  .text              ro code   0x800'1060    0x16  strchr.o [4]
  .text              ro code   0x800'1076     0xa  xsprout.o [2]
  .text              ro code   0x800'1080    0x40  xfail_s.o [2]
  .text              ro code   0x800'10c0    0x36  strlen.o [4]
  .rodata            const     0x800'10f6     0x2  os_cfg_app.o [1]
  .text              ro code   0x800'10f8    0x58  memchr.o [4]
  .text              ro code   0x800'1150   0x230  I64DivMod.o [4]
  .text              ro code   0x800'1380   0x1a2  DblMul.o [3]
  .rodata            const     0x800'1522     0x2  os_dbg.o [1]
  .text              ro code   0x800'1524    0xa6  ABImemcpy.o [4]
  .rodata            const     0x800'15ca     0x2  os_dbg.o [1]
  .text              ro code   0x800'15cc    0x70  frexp.o [3]
  .text              ro code   0x800'163c    0x2e  DblCmpLe.o [3]
  .rodata            const     0x800'166a     0x2  os_dbg.o [1]
  .text              ro code   0x800'166c    0x2e  DblCmpGe.o [3]
  .rodata            const     0x800'169a     0x2  os_dbg.o [1]
  .text              ro code   0x800'169c   0x13a  ldexp.o [3]
  .rodata            const     0x800'17d6     0x2  os_dbg.o [1]
  .text              ro code   0x800'17d8    0x3a  DblToS32.o [3]
  .rodata            const     0x800'1812     0x2  os_dbg.o [1]
  .text              ro code   0x800'1814    0x22  S32ToDbl.o [3]
  .rodata            const     0x800'1836     0x2  os_dbg.o [1]
  .text              ro code   0x800'1838    0xe2  DblSub.o [3]
  .rodata            const     0x800'191a     0x2  os_dbg.o [1]
  .text              ro code   0x800'191c   0x246  DblDiv.o [3]
  .rodata            const     0x800'1b62     0x2  os_dbg.o [1]
  .text              ro code   0x800'1b64    0x28  DblToU32.o [3]
  .text              ro code   0x800'1b8c    0x1a  U32ToDbl.o [3]
  .rodata            const     0x800'1ba6     0x2  os_dbg.o [1]
  .text              ro code   0x800'1ba8     0x8  xlocale_c.o [2]
  .text              ro code   0x800'1bb0     0x6  abort.o [2]
  .rodata            const     0x800'1bb6     0x2  os_dbg.o [1]
  .text              ro code   0x800'1bb8     0x2  I64DivZer.o [4]
  .rodata            const     0x800'1bba     0x2  os_dbg.o [1]
  .text              ro code   0x800'1bbc   0x17a  DblAdd.o [3]
  .rodata            const     0x800'1d36     0x2  os_dbg.o [1]
  .text              ro code   0x800'1d38    0x14  exit.o [5]
  .text              ro code   0x800'1d4c    0x30  iarttio.o [5]
  .text              ro code   0x800'1d7c     0xc  XShttio.o [2]
  .text              ro code   0x800'1d88   0xcb0  serial.o [1]
  .text              ro code   0x800'2a38   0x126  serial_os.o [1]
  .rodata            const     0x800'2b5e     0x2  os_dbg.o [1]
  .text              ro code   0x800'2b60   0x4bc  lib_mem.o [1]
  .text              ro code   0x800'301c   0x200  cpu_core.o [1]
  .text              ro code   0x800'321c   0x142  lib_str.o [1]
  .text              ro code   0x800'335e   0x18a  serial_buf.o [1]
  .text              ro code   0x800'34e8   0x4b2  os_sem.o [1]
  .rodata            const     0x800'399a     0x2  os_dbg.o [1]
  .text              ro code   0x800'399c    0x3c  cpu_bsp.o [1]
  .text              ro code   0x800'39d8   0xb28  os_core.o [1]
  .text              ro code   0x800'4500   0x220  bsp.o [1]
  .text              ro code   0x800'4720   0x344  os_cpu_c.o [1]
  .text              ro code   0x800'4a64    0x98  os_prio.o [1]
  .text              ro code   0x800'4afc   0x530  os_flag.o [1]
  .text              ro code   0x800'502c    0x1c  os_mem.o [1]
  .text              ro code   0x800'5048   0x1b0  os_msg.o [1]
  .text              ro code   0x800'51f8   0x40a  os_mutex.o [1]
  .rodata            const     0x800'5602     0x2  os_dbg.o [1]
  .text              ro code   0x800'5604   0x300  os_q.o [1]
  .text              ro code   0x800'5904   0x8f8  os_task.o [1]
  .text              ro code   0x800'61fc   0x4b0  os_tick.o [1]
  .text              ro code   0x800'66ac   0x578  os_stat.o [1]
  .text              ro code   0x800'6c24   0x214  os_tmr.o [1]
  .text              ro code   0x800'6e38   0x234  os_dbg.o [1]
  .text              ro code   0x800'706c    0xb8  os_cfg_app.o [1]
  CODE               ro code   0x800'7124   0x118  os_cpu_a.o [1]
  .text              ro code   0x800'723c   0x3d2  bsp_int.o [1]
  .rodata            const     0x800'760e     0x2  os_dbg.o [1]
  .text              ro code   0x800'7610   0x648  stm32f4xx_hal_rcc.o [1]
  .text              ro code   0x800'7c58    0x40  stm32f4xx_hal.o [1]
  .text              ro code   0x800'7c98    0x34  stm32f4xx_hal_cortex.o [1]
  .text              ro code   0x800'7ccc   0x254  bsp_periph.o [1]
  .text              ro code   0x800'7f20   0x278  stm32f4xx_hal_gpio.o [1]
  .text              ro code   0x800'8198   0x1f0  os_time.o [1]
  CODE               ro code   0x800'8388    0x34  cpu_a.o [1]
  .text              ro code   0x800'83bc   0x148  cpu_c.o [1]
  .text              ro code   0x800'8504     0xc  stm32f4xx_hal.o [1]
  .text              ro code   0x800'8510    0xa8  stm32f4xx_hal_rcc.o [1]
  .text              ro code   0x800'85b8     0x2  stm32f4xx_hal_msp_template.o [1]
  .rodata            const     0x800'85ba     0x2  os_dbg.o [1]
  .text              ro code   0x800'85bc   0x85c  app.o [1]
  .text              ro code   0x800'8e18    0x74  lib_math.o [1]
  .text              ro code   0x800'8e8c    0x98  os_app_hooks.o [1]
  .text              ro code   0x800'8f24    0xd4  app_serial.o [1]
  .text              ro code   0x800'8ff8    0x48  FltToDbl.o [3]
  .text              ro code   0x800'9040    0x68  DblToFlt.o [3]
  .text              ro code   0x800'90a8    0x2a  math_wrappers64.o [3]
  .rodata            const     0x800'90d2     0x2  os_dbg.o [1]
  .text              ro code   0x800'90d4    0x10  stm32f4xx_hal.o [1]
  .text              ro code   0x800'90e4    0x34  vsprintf.o [2]
  .text              ro code   0x800'9118    0x4c  exp64.o [3]
  .text              ro code   0x800'9164   0x44c  cos_sin64.o [3]
  .text              ro code   0x800'95b0   0x404  iar_Exp64.o [3]
  .text              ro code   0x800'99b4   0x28c  serial_drv_stm32.o [1]
  .text              ro code   0x800'9c40   0x13e  serial_line_tty.o [1]
  .rodata            const     0x800'9d7e     0x2  os_dbg.o [1]
  .text              ro code   0x800'9d80    0xbc  serial_bsp_stm3240x.o [1]
  .text              ro code   0x800'9e3c    0x6e  serial_line_dflt.o [1]
  .rodata            const     0x800'9eaa     0x2  os_dbg.o [1]
  .text              ro code   0x800'9eac    0x60  system_stm32f4xx.o [1]
  .text              ro code   0x800'9f0c    0x3c  cstartup.o [1]
  .text              ro code   0x800'9f48     0xc  cstartup_M.o [4]
  .text              ro code   0x800'9f54    0x22  fpinit_M.o [3]
  .rodata            const     0x800'9f76     0x1  os_cfg_app.o [1]
  .rodata            const     0x800'9f77     0x1  os_cfg_app.o [1]
  .text              ro code   0x800'9f78    0x1e  cmain.o [4]
  .text              ro code   0x800'9f96     0x4  low_level_init.o [2]
  .rodata            const     0x800'9f9a     0x1  os_cfg_app.o [1]
  .rodata            const     0x800'9f9b     0x1  os_dbg.o [1]
  .text              ro code   0x800'9f9c    0x28  data_init.o [4]
  .text              ro code   0x800'9fc4     0x4  exit.o [2]
  .text              ro code   0x800'9fc8     0xa  cexit.o [4]
  .text              ro code   0x800'9fd2    0x38  packbits_init_single.o [4]
  .rodata            const     0x800'a00a     0x1  os_dbg.o [1]
  .rodata            const     0x800'a00b     0x1  os_dbg.o [1]
  .rodata            const     0x800'a00c    0x30  os_dbg.o [1]
  .rodata            const     0x800'a03c    0x30  os_dbg.o [1]
  .rodata            const     0x800'a06c    0x30  os_dbg.o [1]
  .rodata            const     0x800'a09c    0x28  app.o [1]
  .rodata            const     0x800'a0c4    0x28  app.o [1]
  .rodata            const     0x800'a0ec    0x28  app.o [1]
  .rodata            const     0x800'a114    0x28  os_dbg.o [1]
  .rodata            const     0x800'a13c    0x28  os_dbg.o [1]
  .rodata            const     0x800'a164    0x28  serial_drv_stm32.o [1]
  .rodata            const     0x800'a18c    0x24  app.o [1]
  .rodata            const     0x800'a1b0    0x24  app.o [1]
  .rodata            const     0x800'a1d4    0x24  lib_mem.o [1]
  .iar.init_table    const     0x800'a1f8    0x20  - Linker created -
  .rodata            const     0x800'a218    0x20  app.o [1]
  .rodata            const     0x800'a238    0x20  os_dbg.o [1]
  .rodata            const     0x800'a258    0x1c  app.o [1]
  .rodata            const     0x800'a274    0x1c  app.o [1]
  .rodata            const     0x800'a290    0x18  app.o [1]
  .rodata            const     0x800'a2a8    0x18  app.o [1]
  .rodata            const     0x800'a2c0    0x18  app.o [1]
  .rodata            const     0x800'a2d8    0x18  os_tmr.o [1]
  .rodata            const     0x800'a2f0    0x14  lib_mem.o [1]
  .rodata            const     0x800'a304    0x14  os_core.o [1]
  .rodata            const     0x800'a318    0x14  os_stat.o [1]
  .rodata            const     0x800'a32c    0x14  os_tick.o [1]
  .rodata            const     0x800'a340    0x14  serial_bsp_stm3240x.o [1]
  .rodata            const     0x800'a354    0x10  app.o [1]
  .rodata            const     0x800'a364    0x10  app.o [1]
  .rodata            const     0x800'a374    0x10  app.o [1]
  .rodata            const     0x800'a384    0x10  os_tmr.o [1]
  .rodata            const     0x800'a394    0x10  serial_line_dflt.o [1]
  .rodata            const     0x800'a3a4    0x10  serial_line_tty.o [1]
  .rodata            const     0x800'a3b4    0x10  stm32f4xx_hal_rcc.o [1]
  .rodata            const     0x800'a3c4     0xc  app.o [1]
  .rodata            const     0x800'a3d0     0xc  app.o [1]
  .rodata            const     0x800'a3dc     0xc  app.o [1]
  .rodata            const     0x800'a3e8     0xc  app.o [1]
  .rodata            const     0x800'a3f4     0xc  app.o [1]
  .rodata            const     0x800'a400     0xc  app.o [1]
  .rodata            const     0x800'a40c     0xc  os_core.o [1]
  .rodata            const     0x800'a418     0x8  app_serial.o [1]
  .rodata            const     0x800'a420     0x8  lib_mem.o [1]
  .rodata            const     0x800'a428     0x8  os_core.o [1]
  .rodata            const     0x800'a430     0x8  os_sem.o [1]
  .rodata            const     0x800'a438     0x8  os_task.o [1]
  .rodata            const     0x800'a440     0x4  os_cfg_app.o [1]
  .rodata            const     0x800'a444     0x4  os_cfg_app.o [1]
  .rodata            const     0x800'a448     0x4  os_cfg_app.o [1]
  .rodata            const     0x800'a44c     0x4  os_cfg_app.o [1]
  .rodata            const     0x800'a450     0x4  os_cfg_app.o [1]
  .rodata            const     0x800'a454     0x4  os_cfg_app.o [1]
  .rodata            const     0x800'a458     0x4  os_cfg_app.o [1]
  .rodata            const     0x800'a45c     0x4  os_cfg_app.o [1]
  .rodata            const     0x800'a460     0x4  os_cfg_app.o [1]
  .rodata            const     0x800'a464     0x4  os_cfg_app.o [1]
  .rodata            const     0x800'a468     0x4  os_cfg_app.o [1]
  .rodata            const     0x800'a46c     0x4  os_cfg_app.o [1]
  .rodata            const     0x800'a470     0x4  os_cfg_app.o [1]
  .rodata            const     0x800'a474     0x4  os_cfg_app.o [1]
  .rodata            const     0x800'a478     0x4  os_cfg_app.o [1]
  .rodata            const     0x800'a47c     0x4  os_cfg_app.o [1]
  .rodata            const     0x800'a480     0x4  os_cfg_app.o [1]
  .rodata            const     0x800'a484     0x4  os_cfg_app.o [1]
  .rodata            const     0x800'a488     0x4  os_cfg_app.o [1]
  .rodata            const     0x800'a48c     0x4  os_cfg_app.o [1]
  .rodata            const     0x800'a490     0x4  os_cfg_app.o [1]
  .rodata            const     0x800'a494     0x4  os_cfg_app.o [1]
  .rodata            const     0x800'a498     0x4  os_cfg_app.o [1]
  .rodata            const     0x800'a49c     0x4  os_cfg_app.o [1]
  .rodata            const     0x800'a4a0     0x4  os_cfg_app.o [1]
  .rodata            const     0x800'a4a4     0x4  os_cfg_app.o [1]
  .rodata            const     0x800'a4a8     0x4  os_dbg.o [1]
  .rodata            const     0x800'a4ac     0x4  os_dbg.o [1]
  .rodata            const     0x800'a4b0     0x4  os_dbg.o [1]
  .rodata            const     0x800'a4b4     0x4  xlocale_c.o [2]
  .rodata            const     0x800'a4b8     0x1  os_dbg.o [1]
  .rodata            const     0x800'a4b9     0x1  os_dbg.o [1]
  .rodata            const     0x800'a4ba     0x1  os_dbg.o [1]
  .rodata            const     0x800'a4bb     0x1  os_dbg.o [1]
  .rodata            const     0x800'a4bc     0x1  os_dbg.o [1]
  .rodata            const     0x800'a4bd     0x1  os_dbg.o [1]
  .rodata            const     0x800'a4be     0x1  os_dbg.o [1]
  .rodata            const     0x800'a4bf     0x1  os_dbg.o [1]
  .rodata            const     0x800'a4c0     0x1  os_dbg.o [1]
  .rodata            const     0x800'a4c1     0x1  os_dbg.o [1]
  .rodata            const     0x800'a4c2     0x1  os_dbg.o [1]
  .rodata            const     0x800'a4c3     0x1  os_dbg.o [1]
  .rodata            const     0x800'a4c4     0x1  os_dbg.o [1]
  .rodata            const     0x800'a4c5     0x1  os_dbg.o [1]
  .rodata            const     0x800'a4c6     0x1  os_dbg.o [1]
  .rodata            const     0x800'a4c7     0x1  os_dbg.o [1]
  .rodata            const     0x800'a4c8     0x1  os_dbg.o [1]
  .rodata            const     0x800'a4c9     0x1  os_dbg.o [1]
  .rodata            const     0x800'a4ca     0x1  os_dbg.o [1]
  .rodata            const     0x800'a4cb     0x1  os_dbg.o [1]
  .rodata            const     0x800'a4cc     0x1  os_dbg.o [1]
  .rodata            const     0x800'a4cd     0x1  os_dbg.o [1]
  .rodata            const     0x800'a4ce     0x1  os_dbg.o [1]
  .rodata            const     0x800'a4cf     0x1  os_dbg.o [1]
  .rodata            const     0x800'a4d0     0x1  os_dbg.o [1]
  .rodata            const     0x800'a4d1     0x1  os_dbg.o [1]
  .rodata            const     0x800'a4d2     0x1  os_dbg.o [1]
  .rodata            const     0x800'a4d3     0x1  os_dbg.o [1]
  .rodata            const     0x800'a4d4     0x1  os_dbg.o [1]
  .rodata            const     0x800'a4d5     0x1  os_dbg.o [1]
  .rodata            const     0x800'a4d6     0x1  os_dbg.o [1]
  .rodata            const     0x800'a4d7     0x1  os_dbg.o [1]
  .rodata            const     0x800'a4d8     0x1  os_dbg.o [1]
  .rodata            const     0x800'a4d9     0x1  os_dbg.o [1]
  .rodata            const     0x800'a4da     0x1  os_dbg.o [1]
  .rodata            const     0x800'a4db     0x1  os_dbg.o [1]
  .rodata            const     0x800'a4dc     0x0  zero_init3.o [4]
  .rodata            const     0x800'a4dc     0x0  packbits_init_single.o [4]
  Initializer bytes  const     0x800'a4dc    0x42  <for P2-1>
                             - 0x800'a51e  0xa31e

"P2", part 1 of 3:                           0x50
  P2-1                        0x2000'0000    0x50  <Init block>
    .data            inited   0x2000'0000     0xc  serial_bsp_stm3240x.o [1]
    .data            inited   0x2000'000c     0x4  system_stm32f4xx.o [1]
    .data            inited   0x2000'0010    0x38  xlocale_c.o [2]
    .data            inited   0x2000'0048     0x8  XShttio.o [2]
                            - 0x2000'0050    0x50

"P2", part 2 of 3:                         0x3c9c
  .bss               zero     0x2000'0050   0x800  app.o [1]
  .bss               zero     0x2000'0850   0x800  app.o [1]
  .bss               zero     0x2000'1050   0x640  os_cfg_app.o [1]
  .bss               zero     0x2000'1690   0x400  app.o [1]
  .bss               zero     0x2000'1a90   0x400  app.o [1]
  .bss               zero     0x2000'1e90   0x400  app.o [1]
  .bss               zero     0x2000'2290   0x400  lib_mem.o [1]
  .bss               zero     0x2000'2690   0x200  os_cfg_app.o [1]
  .bss               zero     0x2000'2890   0x200  os_cfg_app.o [1]
  .bss               zero     0x2000'2a90   0x200  os_cfg_app.o [1]
  .bss               zero     0x2000'2c90   0x190  os_cfg_app.o [1]
  .bss               zero     0x2000'2e20   0x190  os_cfg_app.o [1]
  .bss               zero     0x2000'2fb0   0x180  os_var.o [1]
  .bss               zero     0x2000'3130   0x180  serial.o [1]
  .bss               zero     0x2000'32b0   0x148  bsp_int.o [1]
  .bss               zero     0x2000'33f8    0xc0  app.o [1]
  .bss               zero     0x2000'34b8    0xc0  app.o [1]
  .bss               zero     0x2000'3578    0xc0  app.o [1]
  .bss               zero     0x2000'3638    0xc0  app.o [1]
  .bss               zero     0x2000'36f8    0xc0  app.o [1]
  .bss               zero     0x2000'37b8    0xc0  os_var.o [1]
  .bss               zero     0x2000'3878    0xc0  os_var.o [1]
  .bss               zero     0x2000'3938    0xc0  os_var.o [1]
  .bss               zero     0x2000'39f8    0xc0  os_var.o [1]
  .bss               zero     0x2000'3ab8    0x30  app.o [1]
  .bss               zero     0x2000'3ae8    0x30  app.o [1]
  .bss               zero     0x2000'3b18    0x30  os_var.o [1]
  .bss               zero     0x2000'3b48    0x28  app.o [1]
  .bss               zero     0x2000'3b70    0x28  app.o [1]
  .bss               zero     0x2000'3b98    0x28  app.o [1]
  .bss               zero     0x2000'3bc0    0x18  serial_os.o [1]
  .bss               zero     0x2000'3bd8    0x14  lib_mem.o [1]
  .bss               zero     0x2000'3bec    0x10  cpu_core.o [1]
  .bss               zero     0x2000'3bfc     0xc  os_var.o [1]
  .bss               zero     0x2000'3c08     0x8  os_var.o [1]
  .bss               zero     0x2000'3c10     0x8  os_var.o [1]
  .bss               zero     0x2000'3c18     0x4  cpu_core.o [1]
  .bss               zero     0x2000'3c1c     0x4  cpu_core.o [1]
  .bss               zero     0x2000'3c20     0x4  cpu_core.o [1]
  .bss               zero     0x2000'3c24     0x4  cpu_core.o [1]
  .bss               zero     0x2000'3c28     0x4  cpu_core.o [1]
  .bss               zero     0x2000'3c2c     0x4  cpu_core.o [1]
  .bss               zero     0x2000'3c30     0x4  lib_math.o [1]
  .bss               zero     0x2000'3c34     0x4  lib_mem.o [1]
  .bss               zero     0x2000'3c38     0x4  os_cpu_c.o [1]
  .bss               zero     0x2000'3c3c     0x4  os_prio.o [1]
  .bss               zero     0x2000'3c40     0x4  os_var.o [1]
  .bss               zero     0x2000'3c44     0x4  os_var.o [1]
  .bss               zero     0x2000'3c48     0x4  os_var.o [1]
  .bss               zero     0x2000'3c4c     0x4  os_var.o [1]
  .bss               zero     0x2000'3c50     0x4  os_var.o [1]
  .bss               zero     0x2000'3c54     0x4  os_var.o [1]
  .bss               zero     0x2000'3c58     0x4  os_var.o [1]
  .bss               zero     0x2000'3c5c     0x4  os_var.o [1]
  .bss               zero     0x2000'3c60     0x4  os_var.o [1]
  .bss               zero     0x2000'3c64     0x4  os_var.o [1]
  .bss               zero     0x2000'3c68     0x4  os_var.o [1]
  .bss               zero     0x2000'3c6c     0x4  os_var.o [1]
  .bss               zero     0x2000'3c70     0x4  os_var.o [1]
  .bss               zero     0x2000'3c74     0x4  os_var.o [1]
  .bss               zero     0x2000'3c78     0x4  os_var.o [1]
  .bss               zero     0x2000'3c7c     0x4  os_var.o [1]
  .bss               zero     0x2000'3c80     0x4  os_var.o [1]
  .bss               zero     0x2000'3c84     0x4  os_var.o [1]
  .bss               zero     0x2000'3c88     0x4  os_var.o [1]
  .bss               zero     0x2000'3c8c     0x4  os_var.o [1]
  .bss               zero     0x2000'3c90     0x4  os_var.o [1]
  .bss               zero     0x2000'3c94     0x4  os_var.o [1]
  .bss               zero     0x2000'3c98     0x4  os_var.o [1]
  .bss               zero     0x2000'3c9c     0x4  os_var.o [1]
  .bss               zero     0x2000'3ca0     0x4  os_var.o [1]
  .bss               zero     0x2000'3ca4     0x4  os_var.o [1]
  .bss               zero     0x2000'3ca8     0x4  os_var.o [1]
  .bss               zero     0x2000'3cac     0x4  os_var.o [1]
  .bss               zero     0x2000'3cb0     0x4  os_var.o [1]
  .bss               zero     0x2000'3cb4     0x4  os_var.o [1]
  .bss               zero     0x2000'3cb8     0x4  serial_bsp_stm3240x.o [1]
  .bss               zero     0x2000'3cbc     0x4  serial_line_tty.o [1]
  .bss               zero     0x2000'3cc0     0x4  stm32f4xx_hal.o [1]
  .bss               zero     0x2000'3cc4     0x4  xfail_s.o [2]
  .bss               zero     0x2000'3cc8     0x2  cpu_core.o [1]
  .bss               zero     0x2000'3cca     0x2  cpu_core.o [1]
  .bss               zero     0x2000'3ccc     0x2  os_var.o [1]
  .bss               zero     0x2000'3cce     0x2  os_var.o [1]
  .bss               zero     0x2000'3cd0     0x2  os_var.o [1]
  .bss               zero     0x2000'3cd2     0x2  os_var.o [1]
  .bss               zero     0x2000'3cd4     0x2  os_var.o [1]
  .bss               zero     0x2000'3cd6     0x2  os_var.o [1]
  .bss               zero     0x2000'3cd8     0x2  os_var.o [1]
  .bss               zero     0x2000'3cda     0x2  os_var.o [1]
  .bss               zero     0x2000'3cdc     0x2  os_var.o [1]
  .bss               zero     0x2000'3cde     0x1  app_serial.o [1]
  .bss               zero     0x2000'3cdf     0x1  os_var.o [1]
  .bss               zero     0x2000'3ce0     0x1  os_var.o [1]
  .bss               zero     0x2000'3ce1     0x1  os_var.o [1]
  .bss               zero     0x2000'3ce2     0x1  os_var.o [1]
  .bss               zero     0x2000'3ce3     0x1  os_var.o [1]
  .bss               zero     0x2000'3ce4     0x1  os_var.o [1]
  .bss               zero     0x2000'3ce5     0x1  os_var.o [1]
  .bss               zero     0x2000'3ce6     0x1  os_var.o [1]
  .bss               zero     0x2000'3ce7     0x1  os_var.o [1]
  .bss               zero     0x2000'3ce8     0x1  serial.o [1]
                            - 0x2000'3ce9  0x3c99

"P2", part 3 of 3:                          0x200
  CSTACK                      0x2000'3cf0   0x200  <Block>
    CSTACK           uninit   0x2000'3cf0   0x200  <Block tail>
                            - 0x2000'3ef0   0x200

Unused ranges:

         From           To      Size
         ----           --      ----
   0x800'a51e   0x80f'ffff  0xf'5ae2
  0x2000'3cec  0x2000'3cef       0x4
  0x2000'3ef0  0x2001'ffff  0x1'c110


*******************************************************************************
*** INIT TABLE
***

          Address      Size
          -------      ----
Zero (__iar_zero_init3)
    1 destination range, total size 0x3c99:
          0x2000'0050  0x3c99

Copy/packbits (__iar_packbits_init_single3)
    1 source range, total size 0x42 (82% of destination):
           0x800'a4dc    0x42
    1 destination range, total size 0x50:
          0x2000'0000    0x50



*******************************************************************************
*** MODULE SUMMARY
***

    Module                        ro code  ro data  rw data
    ------                        -------  -------  -------
command line/config:
    -------------------------------------------------------
    Total:

E:\ucosiii\Micrium_STM3240G-EVAL_OS3\Micrium\Examples\ST\STM3240G-EVAL\OS3\IAR\FLASH\Obj: [1]
    app.o                           2 140      472    8 344
    app_serial.o                      212        8        1
    bsp.o                             544
    bsp_int.o                         978               328
    bsp_periph.o                      596
    cpu_a.o                            52
    cpu_bsp.o                          60
    cpu_c.o                           328
    cpu_core.o                        512                44
    cstartup.o                         60      392
    lib_math.o                        116                 4
    lib_mem.o                       1 212       64    1 048
    lib_str.o                         322
    os_app_hooks.o                    152
    os_cfg_app.o                      184      109    3 936
    os_core.o                       2 856       40
    os_cpu_a.o                        280
    os_cpu_c.o                        836                 4
    os_dbg.o                          564      349
    os_flag.o                       1 328
    os_mem.o                           28
    os_msg.o                          432
    os_mutex.o                      1 034
    os_prio.o                         152                 4
    os_q.o                            768
    os_sem.o                        1 202        8
    os_stat.o                       1 400       20
    os_task.o                       2 296        8
    os_tick.o                       1 200       20
    os_time.o                         496
    os_tmr.o                          532       40
    os_var.o                                          1 375
    serial.o                        3 248               385
    serial_bsp_stm3240x.o             188       29       16
    serial_buf.o                      394
    serial_drv_stm32.o                652       40
    serial_line_dflt.o                110       16
    serial_line_tty.o                 318       16        4
    serial_os.o                       294                24
    stm32f4xx_hal.o                    92                 4
    stm32f4xx_hal_cortex.o             52
    stm32f4xx_hal_gpio.o              632
    stm32f4xx_hal_msp_template.o        2
    stm32f4xx_hal_rcc.o             1 776       16
    system_stm32f4xx.o                 96        4        4
    -------------------------------------------------------
    Total:                         30 726    1 651   15 525

dl7M_tlf.a: [2]
    XShttio.o                          12        7        8
    abort.o                             6
    exit.o                              4
    low_level_init.o                    4
    vsprintf.o                         52
    xfail_s.o                          64                 4
    xlocale_c.o                         8       50       56
    xprintffull_nomb.o              3 622
    xsprout.o                          10
    -------------------------------------------------------
    Total:                          3 782       57       68

m7M_tls.a: [3]
    DblAdd.o                          378
    DblCmpGe.o                         46
    DblCmpLe.o                         46
    DblDiv.o                          582
    DblMul.o                          418
    DblSub.o                          226
    DblToFlt.o                        104
    DblToS32.o                         58
    DblToU32.o                         40
    FltToDbl.o                         72
    S32ToDbl.o                         34
    U32ToDbl.o                         26
    cos_sin64.o                     1 100
    exp64.o                            76
    fpinit_M.o                         34
    frexp.o                           112
    iar_Exp64.o                     1 028
    ldexp.o                           314
    math_wrappers64.o                  42
    -------------------------------------------------------
    Total:                          4 736

rt7M_tl.a: [4]
    ABImemcpy.o                       166
    I64DivMod.o                       560
    I64DivZer.o                         2
    cexit.o                            10
    cmain.o                            30
    cstartup_M.o                       12
    data_init.o                        40
    memchr.o                           88
    packbits_init_single.o             56
    strchr.o                           22
    strlen.o                           54
    zero_init3.o                       58
    -------------------------------------------------------
    Total:                          1 098

shb_l.a: [5]
    exit.o                             20
    iarttio.o                          48
    -------------------------------------------------------
    Total:                             68

    Linker created                              32      512
-----------------------------------------------------------
    Grand Total:                   40 410    1 740   16 105


*******************************************************************************
*** ENTRY LIST
***

Entry                       Address   Size  Type      Object
-----                       -------   ----  ----      ------
.iar.init_table$$Base    0x800'a1f8          --   Gb  - Linker created -
.iar.init_table$$Limit   0x800'a218          --   Gb  - Linker created -
?main                    0x800'9f79         Code  Gb  cmain.o [4]
APBAHBPrescTable         0x800'a3b4   0x10  Data  Gb  stm32f4xx_hal_rcc.o [1]
AppObjCreate             0x800'87ed   0x52  Code  Lc  app.o [1]
AppTaskCreate            0x800'86f9   0xf4  Code  Lc  app.o [1]
AppTaskEq0Fp             0x800'8945  0x272  Code  Lc  app.o [1]
AppTaskEq0FpStk         0x2000'0050  0x800  Data  Lc  app.o [1]
AppTaskEq0FpTCB         0x2000'3638   0xc0  Data  Lc  app.o [1]
AppTaskEq1Fp             0x800'8bd5  0x1a8  Code  Lc  app.o [1]
AppTaskEq1FpStk         0x2000'0850  0x800  Data  Lc  app.o [1]
AppTaskEq1FpTCB         0x2000'36f8   0xc0  Data  Lc  app.o [1]
AppTaskObj0              0x800'8841   0x80  Code  Lc  app.o [1]
AppTaskObj0Stk          0x2000'1a90  0x400  Data  Lc  app.o [1]
AppTaskObj0TCB          0x2000'34b8   0xc0  Data  Lc  app.o [1]
AppTaskObj1              0x800'88c1   0x82  Code  Lc  app.o [1]
AppTaskObj1Stk          0x2000'1e90  0x400  Data  Lc  app.o [1]
AppTaskObj1TCB          0x2000'3578   0xc0  Data  Lc  app.o [1]
AppTaskObjFlag          0x2000'3b98   0x28  Data  Lc  app.o [1]
AppTaskObjMutex         0x2000'3ab8   0x30  Data  Lc  app.o [1]
AppTaskObjQ             0x2000'3ae8   0x30  Data  Lc  app.o [1]
AppTaskObjSem           0x2000'3b70   0x28  Data  Lc  app.o [1]
AppTaskStart             0x800'8629   0xd0  Code  Lc  app.o [1]
AppTaskStartStk         0x2000'1690  0x400  Data  Lc  app.o [1]
AppTaskStartTCB         0x2000'33f8   0xc0  Data  Lc  app.o [1]
AppTraceSem             0x2000'3b48   0x28  Data  Lc  app.o [1]
App_BusFault_ISR         0x800'9f41    0x2  Code  Lc  cstartup.o [1]
App_Fault_ISR            0x800'9f3f    0x2  Code  Lc  cstartup.o [1]
App_MemFault_ISR         0x800'9f45    0x2  Code  Lc  cstartup.o [1]
App_NMI_ISR              0x800'9f3d    0x2  Code  Lc  cstartup.o [1]
App_OS_IdleTaskHook      0x800'8f11    0x2  Code  Gb  os_app_hooks.o [1]
App_OS_SetAllHooks       0x800'8e8d   0x50  Code  Gb  os_app_hooks.o [1]
App_OS_StatTaskHook      0x800'8f15    0x2  Code  Gb  os_app_hooks.o [1]
App_OS_TaskCreateHook    0x800'8ef9    0x8  Code  Gb  os_app_hooks.o [1]
App_OS_TaskDelHook       0x800'8f01    0x8  Code  Gb  os_app_hooks.o [1]
App_OS_TaskReturnHook    0x800'8f09    0x8  Code  Gb  os_app_hooks.o [1]
App_OS_TaskSwHook        0x800'8f19    0x2  Code  Gb  os_app_hooks.o [1]
App_OS_TimeTickHook      0x800'8f1d    0x8  Code  Gb  os_app_hooks.o [1]
App_Reset_ISR            0x800'9f0d   0x26  Code  Lc  cstartup.o [1]
App_SerPrintf            0x800'8faf   0x36  Code  Gb  app_serial.o [1]
App_SerTraceIF_Nbr      0x2000'3cde    0x1  Data  Lc  app_serial.o [1]
App_SerialInit           0x800'8f25   0x8a  Code  Gb  app_serial.o [1]
App_Spurious_ISR         0x800'9f47    0x2  Code  Lc  cstartup.o [1]
App_UsageFault_ISR       0x800'9f43    0x2  Code  Lc  cstartup.o [1]
BSP_CPU_ClkFreq          0x800'459d    0x8  Code  Gb  bsp.o [1]
BSP_Init                 0x800'4501   0x9c  Code  Gb  bsp.o [1]
BSP_IntDisAll            0x800'723d    0x8  Code  Gb  bsp_int.o [1]
BSP_IntEn                0x800'7245   0x14  Code  Gb  bsp_int.o [1]
BSP_IntHandler           0x800'75cf   0x36  Code  Lc  bsp_int.o [1]
BSP_IntHandlerADC        0x800'734f    0xa  Code  Gb  bsp_int.o [1]
BSP_IntHandlerCAN1_RX0   0x800'7363    0xa  Code  Gb  bsp_int.o [1]
BSP_IntHandlerCAN1_RX1   0x800'736d    0xa  Code  Gb  bsp_int.o [1]
BSP_IntHandlerCAN1_SCE   0x800'7377    0xa  Code  Gb  bsp_int.o [1]
BSP_IntHandlerCAN1_TX    0x800'7359    0xa  Code  Gb  bsp_int.o [1]
BSP_IntHandlerCAN2_RX0   0x800'751b    0xa  Code  Gb  bsp_int.o [1]
BSP_IntHandlerCAN2_RX1   0x800'7525    0xa  Code  Gb  bsp_int.o [1]
BSP_IntHandlerCAN2_SCE   0x800'752f    0xa  Code  Gb  bsp_int.o [1]
BSP_IntHandlerCAN2_TX    0x800'7511    0xa  Code  Gb  bsp_int.o [1]
BSP_IntHandlerCRYP       0x800'75b1    0xa  Code  Gb  bsp_int.o [1]
BSP_IntHandlerDCMI       0x800'75a7    0xa  Code  Gb  bsp_int.o [1]
BSP_IntHandlerDMA1_CH0   0x800'7309    0xa  Code  Gb  bsp_int.o [1]
BSP_IntHandlerDMA1_CH1   0x800'7313    0xa  Code  Gb  bsp_int.o [1]
BSP_IntHandlerDMA1_CH2   0x800'731d    0xa  Code  Gb  bsp_int.o [1]
BSP_IntHandlerDMA1_CH3   0x800'7327    0xa  Code  Gb  bsp_int.o [1]
BSP_IntHandlerDMA1_CH4   0x800'7331    0xa  Code  Gb  bsp_int.o [1]
BSP_IntHandlerDMA1_CH5   0x800'733b    0xa  Code  Gb  bsp_int.o [1]
BSP_IntHandlerDMA1_CH6   0x800'7345    0xa  Code  Gb  bsp_int.o [1]
BSP_IntHandlerDMA1_STREAM7
                         0x800'7471    0xa  Code  Gb  bsp_int.o [1]
BSP_IntHandlerDMA2_CH0   0x800'74cb    0xa  Code  Gb  bsp_int.o [1]
BSP_IntHandlerDMA2_CH1   0x800'74d5    0xa  Code  Gb  bsp_int.o [1]
BSP_IntHandlerDMA2_CH2   0x800'74df    0xa  Code  Gb  bsp_int.o [1]
BSP_IntHandlerDMA2_CH3   0x800'74e9    0xa  Code  Gb  bsp_int.o [1]
BSP_IntHandlerDMA2_CH4   0x800'74f3    0xa  Code  Gb  bsp_int.o [1]
BSP_IntHandlerDMA2_CH5   0x800'7543    0xa  Code  Gb  bsp_int.o [1]
BSP_IntHandlerDMA2_CH6   0x800'754d    0xa  Code  Gb  bsp_int.o [1]
BSP_IntHandlerDMA2_CH7   0x800'7557    0xa  Code  Gb  bsp_int.o [1]
BSP_IntHandlerDummy      0x800'760d    0x2  Code  Lc  bsp_int.o [1]
BSP_IntHandlerETH        0x800'74fd    0xa  Code  Gb  bsp_int.o [1]
BSP_IntHandlerETHWakeup
                         0x800'7507    0xa  Code  Gb  bsp_int.o [1]
BSP_IntHandlerEXTI0      0x800'72d7    0xa  Code  Gb  bsp_int.o [1]
BSP_IntHandlerEXTI1      0x800'72e1    0xa  Code  Gb  bsp_int.o [1]
BSP_IntHandlerEXTI15_10
                         0x800'742b    0xa  Code  Gb  bsp_int.o [1]
BSP_IntHandlerEXTI2      0x800'72eb    0xa  Code  Gb  bsp_int.o [1]
BSP_IntHandlerEXTI3      0x800'72f5    0xa  Code  Gb  bsp_int.o [1]
BSP_IntHandlerEXTI4      0x800'72ff    0xa  Code  Gb  bsp_int.o [1]
BSP_IntHandlerEXTI9_5    0x800'7381    0xa  Code  Gb  bsp_int.o [1]
BSP_IntHandlerFLASH      0x800'72c3    0xa  Code  Gb  bsp_int.o [1]
BSP_IntHandlerFPU        0x800'75c5    0xa  Code  Gb  bsp_int.o [1]
BSP_IntHandlerFSMC       0x800'747b    0xa  Code  Gb  bsp_int.o [1]
BSP_IntHandlerHASH_RNG   0x800'75bb    0xa  Code  Gb  bsp_int.o [1]
BSP_IntHandlerI2C1_ER    0x800'73db    0xa  Code  Gb  bsp_int.o [1]
BSP_IntHandlerI2C1_EV    0x800'73d1    0xa  Code  Gb  bsp_int.o [1]
BSP_IntHandlerI2C2_ER    0x800'73ef    0xa  Code  Gb  bsp_int.o [1]
BSP_IntHandlerI2C2_EV    0x800'73e5    0xa  Code  Gb  bsp_int.o [1]
BSP_IntHandlerI2C3_ER    0x800'7575    0xa  Code  Gb  bsp_int.o [1]
BSP_IntHandlerI2C3_EV    0x800'756b    0xa  Code  Gb  bsp_int.o [1]
BSP_IntHandlerOTG_FS     0x800'7539    0xa  Code  Gb  bsp_int.o [1]
BSP_IntHandlerOTG_FS_WKUP
                         0x800'743f    0xa  Code  Gb  bsp_int.o [1]
BSP_IntHandlerOTG_HS     0x800'759d    0xa  Code  Gb  bsp_int.o [1]
BSP_IntHandlerOTG_HS_EP1_IN
                         0x800'7589    0xa  Code  Gb  bsp_int.o [1]
BSP_IntHandlerOTG_HS_EP1_OUT
                         0x800'757f    0xa  Code  Gb  bsp_int.o [1]
BSP_IntHandlerOTG_HS_WKUP
                         0x800'7593    0xa  Code  Gb  bsp_int.o [1]
BSP_IntHandlerPVD        0x800'72a5    0xa  Code  Gb  bsp_int.o [1]
BSP_IntHandlerRCC        0x800'72cd    0xa  Code  Gb  bsp_int.o [1]
BSP_IntHandlerRTCAlarm   0x800'7435    0xa  Code  Gb  bsp_int.o [1]
BSP_IntHandlerRTC_WKUP   0x800'72b9    0xa  Code  Gb  bsp_int.o [1]
BSP_IntHandlerSDIO       0x800'7485    0xa  Code  Gb  bsp_int.o [1]
BSP_IntHandlerSPI1       0x800'73f9    0xa  Code  Gb  bsp_int.o [1]
BSP_IntHandlerSPI2       0x800'7403    0xa  Code  Gb  bsp_int.o [1]
BSP_IntHandlerSPI3       0x800'7499    0xa  Code  Gb  bsp_int.o [1]
BSP_IntHandlerTAMP_STAMP
                         0x800'72af    0xa  Code  Gb  bsp_int.o [1]
BSP_IntHandlerTIM1_BRK_TIM9
                         0x800'738b    0xa  Code  Gb  bsp_int.o [1]
BSP_IntHandlerTIM1_CC    0x800'73a9    0xa  Code  Gb  bsp_int.o [1]
BSP_IntHandlerTIM1_TRG_COM_TIM11
                         0x800'739f    0xa  Code  Gb  bsp_int.o [1]
BSP_IntHandlerTIM1_UP_TIM10
                         0x800'7395    0xa  Code  Gb  bsp_int.o [1]
BSP_IntHandlerTIM2       0x800'73b3    0xa  Code  Gb  bsp_int.o [1]
BSP_IntHandlerTIM3       0x800'73bd    0xa  Code  Gb  bsp_int.o [1]
BSP_IntHandlerTIM4       0x800'73c7    0xa  Code  Gb  bsp_int.o [1]
BSP_IntHandlerTIM5       0x800'748f    0xa  Code  Gb  bsp_int.o [1]
BSP_IntHandlerTIM6_DAC   0x800'74b7    0xa  Code  Gb  bsp_int.o [1]
BSP_IntHandlerTIM7       0x800'74c1    0xa  Code  Gb  bsp_int.o [1]
BSP_IntHandlerTIM8_BRK_TIM12
                         0x800'7449    0xa  Code  Gb  bsp_int.o [1]
BSP_IntHandlerTIM8_CC    0x800'7467    0xa  Code  Gb  bsp_int.o [1]
BSP_IntHandlerTIM8_TRG_COM_TIM14
                         0x800'745d    0xa  Code  Gb  bsp_int.o [1]
BSP_IntHandlerTIM8_UP_TIM13
                         0x800'7453    0xa  Code  Gb  bsp_int.o [1]
BSP_IntHandlerUSART1     0x800'740d    0xa  Code  Gb  bsp_int.o [1]
BSP_IntHandlerUSART2     0x800'7417    0xa  Code  Gb  bsp_int.o [1]
BSP_IntHandlerUSART3     0x800'7421    0xa  Code  Gb  bsp_int.o [1]
BSP_IntHandlerUSART4     0x800'74a3    0xa  Code  Gb  bsp_int.o [1]
BSP_IntHandlerUSART5     0x800'74ad    0xa  Code  Gb  bsp_int.o [1]
BSP_IntHandlerUSART6     0x800'7561    0xa  Code  Gb  bsp_int.o [1]
BSP_IntHandlerWWDG       0x800'729b    0xa  Code  Gb  bsp_int.o [1]
BSP_IntInit              0x800'7283   0x18  Code  Gb  bsp_int.o [1]
BSP_IntVectSet           0x800'7259   0x2a  Code  Gb  bsp_int.o [1]
BSP_IntVectTbl          0x2000'32b0  0x148  Data  Lc  bsp_int.o [1]
BSP_LED_Init             0x800'45d7   0x50  Code  Lc  bsp.o [1]
BSP_LED_Off              0x800'4627   0x74  Code  Gb  bsp.o [1]
BSP_LED_Toggle           0x800'469b   0x66  Code  Gb  bsp.o [1]
BSP_PeriphClkFreqGet     0x800'7ccd   0xb2  Code  Gb  bsp_periph.o [1]
BSP_PeriphDis            0x800'7e43   0xc4  Code  Gb  bsp_periph.o [1]
BSP_PeriphEn             0x800'7d7f   0xc4  Code  Gb  bsp_periph.o [1]
BSP_Tick_Init            0x800'45bf   0x18  Code  Gb  bsp.o [1]
CPU_CntLeadZeros         0x800'83a7         Code  Gb  cpu_a.o [1]
CPU_CntTrailZeros        0x800'83ad         Code  Gb  cpu_a.o [1]
CPU_Init                 0x800'301d   0x10  Code  Gb  cpu_core.o [1]
CPU_IntDis               0x800'8389         Code  Gb  cpu_a.o [1]
CPU_IntDisMeasCtr       0x2000'3cc8    0x2  Data  Gb  cpu_core.o [1]
CPU_IntDisMeasInit       0x800'316d   0x72  Code  Lc  cpu_core.o [1]
CPU_IntDisMeasMaxCalc    0x800'31df   0x18  Code  Lc  cpu_core.o [1]
CPU_IntDisMeasMaxCurGet
                         0x800'30c9   0x1a  Code  Gb  cpu_core.o [1]
CPU_IntDisMeasMaxCurReset
                         0x800'30af   0x1a  Code  Gb  cpu_core.o [1]
CPU_IntDisMeasMaxCur_cnts
                        0x2000'3c28    0x4  Data  Gb  cpu_core.o [1]
CPU_IntDisMeasMaxGet     0x800'30e3   0x1a  Code  Gb  cpu_core.o [1]
CPU_IntDisMeasMax_cnts  0x2000'3c2c    0x4  Data  Gb  cpu_core.o [1]
CPU_IntDisMeasOvrhd_cnts
                        0x2000'3c24    0x4  Data  Gb  cpu_core.o [1]
CPU_IntDisMeasStart      0x800'30fd   0x22  Code  Gb  cpu_core.o [1]
CPU_IntDisMeasStart_cnts
                        0x2000'3c1c    0x4  Data  Gb  cpu_core.o [1]
CPU_IntDisMeasStop       0x800'311f   0x38  Code  Gb  cpu_core.o [1]
CPU_IntDisMeasStop_cnts
                        0x2000'3c20    0x4  Data  Gb  cpu_core.o [1]
CPU_IntDisNestCtr       0x2000'3cca    0x2  Data  Gb  cpu_core.o [1]
CPU_IntEn                0x800'838d         Code  Gb  cpu_a.o [1]
CPU_IntSrcEn             0x800'83bd  0x136  Code  Gb  cpu_c.o [1]
CPU_Name                0x2000'3bec   0x10  Data  Gb  cpu_core.o [1]
CPU_NameClr              0x800'302f   0x22  Code  Gb  cpu_core.o [1]
CPU_NameInit             0x800'3157    0x8  Code  Lc  cpu_core.o [1]
CPU_NameSet              0x800'3051   0x56  Code  Gb  cpu_core.o [1]
CPU_RevBits              0x800'83b7         Code  Gb  cpu_a.o [1]
CPU_SR_Restore           0x800'8399         Code  Gb  cpu_a.o [1]
CPU_SR_Save              0x800'8391         Code  Gb  cpu_a.o [1]
CPU_SW_Exception         0x800'302d    0x2  Code  Gb  cpu_core.o [1]
CPU_TS_Init              0x800'315f    0xe  Code  Lc  cpu_core.o [1]
CPU_TS_TmrFreqSet        0x800'30a7    0x8  Code  Gb  cpu_core.o [1]
CPU_TS_TmrFreq_Hz       0x2000'3c18    0x4  Data  Gb  cpu_core.o [1]
CPU_TS_TmrInit           0x800'399d   0x2a  Code  Gb  cpu_bsp.o [1]
CPU_TS_TmrRd             0x800'39c7    0x6  Code  Gb  cpu_bsp.o [1]
CPU_WaitForExcept        0x800'83a3         Code  Gb  cpu_a.o [1]
CPU_WaitForInt           0x800'839f         Code  Gb  cpu_a.o [1]
CSTACK$$Base            0x2000'3cf0          --   Gb  - Linker created -
CSTACK$$Limit           0x2000'3ef0          --   Gb  - Linker created -
HAL_GPIO_Init            0x800'7f21  0x216  Code  Gb  stm32f4xx_hal_gpio.o [1]
HAL_GPIO_TogglePin       0x800'8151    0xc  Code  Gb  stm32f4xx_hal_gpio.o [1]
HAL_GPIO_WritePin        0x800'8137   0x1a  Code  Gb  stm32f4xx_hal_gpio.o [1]
HAL_GetREVID             0x800'7c89    0x8  Code  Gb  stm32f4xx_hal.o [1]
HAL_GetTick              0x800'8505    0xc  Code  Wk  stm32f4xx_hal.o [1]
HAL_IncTick              0x800'90d5   0x10  Code  Wk  stm32f4xx_hal.o [1]
HAL_Init                 0x800'7c59   0x30  Code  Gb  stm32f4xx_hal.o [1]
HAL_InitTick             0x800'45a5   0x1a  Code  Gb  bsp.o [1]
HAL_MspInit              0x800'85b9    0x2  Code  Gb  stm32f4xx_hal_msp_template.o [1]
HAL_NVIC_SetPriorityGrouping
                         0x800'7cb7    0xc  Code  Gb  stm32f4xx_hal_cortex.o [1]
HAL_RCC_ClockConfig      0x800'7667  0x248  Code  Gb  stm32f4xx_hal_rcc.o [1]
HAL_RCC_DeInit           0x800'7611   0x56  Code  Gb  stm32f4xx_hal_rcc.o [1]
HAL_RCC_GetHCLKFreq      0x800'78af   0x26  Code  Gb  stm32f4xx_hal_rcc.o [1]
HAL_RCC_OscConfig        0x800'78fd  0x35c  Code  Wk  stm32f4xx_hal_rcc.o [1]
LoadInt                  0x800'03af   0x7a  Code  Lc  xprintffull_nomb.o [2]
Math_Init                0x800'8e19    0xa  Code  Gb  lib_math.o [1]
Math_Rand                0x800'8e41   0x32  Code  Gb  lib_math.o [1]
Math_RandSeed            0x800'8e73   0x12  Code  Gb  lib_math.o [1]
Math_RandSeedCur        0x2000'3c30    0x4  Data  Gb  lib_math.o [1]
Math_RandSetSeed         0x800'8e23   0x1e  Code  Gb  lib_math.o [1]
Mem_Clr                  0x800'2b9b   0x12  Code  Gb  lib_mem.o [1]
Mem_Heap                0x2000'2290  0x400  Data  Gb  lib_mem.o [1]
Mem_HeapAlloc            0x800'2c0f   0x34  Code  Gb  lib_mem.o [1]
Mem_Init                 0x800'2b61   0x3a  Code  Gb  lib_mem.o [1]
Mem_PoolBlkFree          0x800'2e43   0x50  Code  Gb  lib_mem.o [1]
Mem_PoolBlkGet           0x800'2de9   0x5a  Code  Gb  lib_mem.o [1]
Mem_PoolClr              0x800'2dc9   0x20  Code  Gb  lib_mem.o [1]
Mem_PoolCreate           0x800'2c87  0x142  Code  Gb  lib_mem.o [1]
Mem_SegAllocExtCritical
                         0x800'2f83   0x9a  Code  Lc  lib_mem.o [1]
Mem_SegAllocInternal     0x800'2f21   0x62  Code  Lc  lib_mem.o [1]
Mem_SegCreate            0x800'2c43   0x44  Code  Gb  lib_mem.o [1]
Mem_SegCreateCritical    0x800'2e93   0x1e  Code  Lc  lib_mem.o [1]
Mem_SegHeadPtr          0x2000'3c34    0x4  Data  Gb  lib_mem.o [1]
Mem_SegHeap             0x2000'3bd8   0x14  Data  Gb  lib_mem.o [1]
Mem_SegOverlapChkCritical
                         0x800'2eb1   0x56  Code  Lc  lib_mem.o [1]
Mem_Set                  0x800'2bad   0x62  Code  Gb  lib_mem.o [1]
OSCfg_DataSizeRAM        0x800'a4a4    0x4  Data  Gb  os_cfg_app.o [1]
OSCfg_ISRStk            0x2000'2c90  0x190  Data  Gb  os_cfg_app.o [1]
OSCfg_ISRStkBasePtr      0x800'a450    0x4  Data  Gb  os_cfg_app.o [1]
OSCfg_ISRStkSize         0x800'a454    0x4  Data  Gb  os_cfg_app.o [1]
OSCfg_ISRStkSizeRAM      0x800'a458    0x4  Data  Gb  os_cfg_app.o [1]
OSCfg_IdleTaskStk       0x2000'2690  0x200  Data  Gb  os_cfg_app.o [1]
OSCfg_IdleTaskStkBasePtr
                         0x800'a440    0x4  Data  Gb  os_cfg_app.o [1]
OSCfg_IdleTaskStkLimit   0x800'a444    0x4  Data  Gb  os_cfg_app.o [1]
OSCfg_IdleTaskStkSize    0x800'a448    0x4  Data  Gb  os_cfg_app.o [1]
OSCfg_IdleTaskStkSizeRAM
                         0x800'a44c    0x4  Data  Gb  os_cfg_app.o [1]
OSCfg_Init               0x800'706d   0xb8  Code  Gb  os_cfg_app.o [1]
OSCfg_MsgPool           0x2000'1050  0x640  Data  Gb  os_cfg_app.o [1]
OSCfg_MsgPoolBasePtr     0x800'a460    0x4  Data  Gb  os_cfg_app.o [1]
OSCfg_MsgPoolSize        0x800'10f6    0x2  Data  Gb  os_cfg_app.o [1]
OSCfg_MsgPoolSizeRAM     0x800'a45c    0x4  Data  Gb  os_cfg_app.o [1]
OSCfg_StatTaskPrio       0x800'9f76    0x1  Data  Gb  os_cfg_app.o [1]
OSCfg_StatTaskRate_Hz    0x800'a464    0x4  Data  Gb  os_cfg_app.o [1]
OSCfg_StatTaskStk       0x2000'2e20  0x190  Data  Gb  os_cfg_app.o [1]
OSCfg_StatTaskStkBasePtr
                         0x800'a468    0x4  Data  Gb  os_cfg_app.o [1]
OSCfg_StatTaskStkLimit   0x800'a46c    0x4  Data  Gb  os_cfg_app.o [1]
OSCfg_StatTaskStkSize    0x800'a470    0x4  Data  Gb  os_cfg_app.o [1]
OSCfg_StatTaskStkSizeRAM
                         0x800'a474    0x4  Data  Gb  os_cfg_app.o [1]
OSCfg_StkSizeMin         0x800'a478    0x4  Data  Gb  os_cfg_app.o [1]
OSCfg_TickRate_Hz        0x800'a47c    0x4  Data  Gb  os_cfg_app.o [1]
OSCfg_TickTaskPrio       0x800'9f77    0x1  Data  Gb  os_cfg_app.o [1]
OSCfg_TickTaskStk       0x2000'2890  0x200  Data  Gb  os_cfg_app.o [1]
OSCfg_TickTaskStkBasePtr
                         0x800'a480    0x4  Data  Gb  os_cfg_app.o [1]
OSCfg_TickTaskStkLimit   0x800'a484    0x4  Data  Gb  os_cfg_app.o [1]
OSCfg_TickTaskStkSize    0x800'a488    0x4  Data  Gb  os_cfg_app.o [1]
OSCfg_TickTaskStkSizeRAM
                         0x800'a48c    0x4  Data  Gb  os_cfg_app.o [1]
OSCfg_TmrTaskPrio        0x800'9f9a    0x1  Data  Gb  os_cfg_app.o [1]
OSCfg_TmrTaskRate_Hz     0x800'a490    0x4  Data  Gb  os_cfg_app.o [1]
OSCfg_TmrTaskStk        0x2000'2a90  0x200  Data  Gb  os_cfg_app.o [1]
OSCfg_TmrTaskStkBasePtr
                         0x800'a494    0x4  Data  Gb  os_cfg_app.o [1]
OSCfg_TmrTaskStkLimit    0x800'a498    0x4  Data  Gb  os_cfg_app.o [1]
OSCfg_TmrTaskStkSize     0x800'a49c    0x4  Data  Gb  os_cfg_app.o [1]
OSCfg_TmrTaskStkSizeRAM
                         0x800'a4a0    0x4  Data  Gb  os_cfg_app.o [1]
OSCtxSw                  0x800'71cd         Code  Gb  os_cpu_a.o [1]
OSDbg_AppHooksEn         0x800'a00b    0x1  Data  Gb  os_dbg.o [1]
OSDbg_ArgChkEn           0x800'a00a    0x1  Data  Gb  os_dbg.o [1]
OSDbg_CalledFromISRChkEn
                         0x800'a4b8    0x1  Data  Gb  os_dbg.o [1]
OSDbg_DataSize           0x800'a4b0    0x4  Data  Gb  os_dbg.o [1]
OSDbg_DbgEn              0x800'9f9b    0x1  Data  Gb  os_dbg.o [1]
OSDbg_EndiannessTest     0x800'a4a8    0x4  Data  Gb  os_dbg.o [1]
OSDbg_FlagDelEn          0x800'a4ba    0x1  Data  Gb  os_dbg.o [1]
OSDbg_FlagEn             0x800'a4b9    0x1  Data  Gb  os_dbg.o [1]
OSDbg_FlagGrp            0x800'a114   0x28  Data  Gb  os_dbg.o [1]
OSDbg_FlagGrpSize        0x800'1522    0x2  Data  Gb  os_dbg.o [1]
OSDbg_FlagModeClrEn      0x800'a4bb    0x1  Data  Gb  os_dbg.o [1]
OSDbg_FlagPendAbortEn    0x800'a4bc    0x1  Data  Gb  os_dbg.o [1]
OSDbg_FlagWidth          0x800'15ca    0x2  Data  Gb  os_dbg.o [1]
OSDbg_ISRPostDeferredEn
                         0x800'a4bd    0x1  Data  Gb  os_dbg.o [1]
OSDbg_Mem                0x800'a238   0x20  Data  Gb  os_dbg.o [1]
OSDbg_MemEn              0x800'a4be    0x1  Data  Gb  os_dbg.o [1]
OSDbg_MemSize            0x800'166a    0x2  Data  Gb  os_dbg.o [1]
OSDbg_MsgEn              0x800'a4bf    0x1  Data  Gb  os_dbg.o [1]
OSDbg_MsgPoolSize        0x800'17d6    0x2  Data  Gb  os_dbg.o [1]
OSDbg_MsgQSize           0x800'1812    0x2  Data  Gb  os_dbg.o [1]
OSDbg_MsgSize            0x800'169a    0x2  Data  Gb  os_dbg.o [1]
OSDbg_Mutex              0x800'a00c   0x30  Data  Gb  os_dbg.o [1]
OSDbg_MutexDelEn         0x800'a4c1    0x1  Data  Gb  os_dbg.o [1]
OSDbg_MutexEn            0x800'a4c0    0x1  Data  Gb  os_dbg.o [1]
OSDbg_MutexPendAbortEn   0x800'a4c2    0x1  Data  Gb  os_dbg.o [1]
OSDbg_MutexSize          0x800'1836    0x2  Data  Gb  os_dbg.o [1]
OSDbg_ObjTypeChkEn       0x800'a4c3    0x1  Data  Gb  os_dbg.o [1]
OSDbg_PendDataSize       0x800'191a    0x2  Data  Gb  os_dbg.o [1]
OSDbg_PendListSize       0x800'1b62    0x2  Data  Gb  os_dbg.o [1]
OSDbg_PendMultiEn        0x800'a4c4    0x1  Data  Gb  os_dbg.o [1]
OSDbg_PendObjSize        0x800'1ba6    0x2  Data  Gb  os_dbg.o [1]
OSDbg_PrioMax            0x800'1bb6    0x2  Data  Gb  os_dbg.o [1]
OSDbg_PrioTblSize        0x800'1bba    0x2  Data  Gb  os_dbg.o [1]
OSDbg_PtrSize            0x800'1d36    0x2  Data  Gb  os_dbg.o [1]
OSDbg_Q                  0x800'a03c   0x30  Data  Gb  os_dbg.o [1]
OSDbg_QDelEn             0x800'a4c6    0x1  Data  Gb  os_dbg.o [1]
OSDbg_QEn                0x800'a4c5    0x1  Data  Gb  os_dbg.o [1]
OSDbg_QFlushEn           0x800'a4c7    0x1  Data  Gb  os_dbg.o [1]
OSDbg_QPendAbortEn       0x800'a4c8    0x1  Data  Gb  os_dbg.o [1]
OSDbg_QSize              0x800'2b5e    0x2  Data  Gb  os_dbg.o [1]
OSDbg_RdyList            0x800'5602    0x2  Data  Gb  os_dbg.o [1]
OSDbg_RdyListSize        0x800'a4ac    0x4  Data  Gb  os_dbg.o [1]
OSDbg_SchedRoundRobinEn
                         0x800'a4c9    0x1  Data  Gb  os_dbg.o [1]
OSDbg_Sem                0x800'a13c   0x28  Data  Gb  os_dbg.o [1]
OSDbg_SemDelEn           0x800'a4cb    0x1  Data  Gb  os_dbg.o [1]
OSDbg_SemEn              0x800'a4ca    0x1  Data  Gb  os_dbg.o [1]
OSDbg_SemPendAbortEn     0x800'a4cc    0x1  Data  Gb  os_dbg.o [1]
OSDbg_SemSetEn           0x800'a4cd    0x1  Data  Gb  os_dbg.o [1]
OSDbg_SemSize            0x800'399a    0x2  Data  Gb  os_dbg.o [1]
OSDbg_StatTaskEn         0x800'a4cf    0x1  Data  Gb  os_dbg.o [1]
OSDbg_StatTaskStkChkEn   0x800'a4d0    0x1  Data  Gb  os_dbg.o [1]
OSDbg_StkWidth           0x800'a4ce    0x1  Data  Gb  os_dbg.o [1]
OSDbg_TCBSize            0x800'85ba    0x2  Data  Gb  os_dbg.o [1]
OSDbg_TaskChangePrioEn   0x800'a4d1    0x1  Data  Gb  os_dbg.o [1]
OSDbg_TaskDelEn          0x800'a4d2    0x1  Data  Gb  os_dbg.o [1]
OSDbg_TaskProfileEn      0x800'a4d5    0x1  Data  Gb  os_dbg.o [1]
OSDbg_TaskQEn            0x800'a4d3    0x1  Data  Gb  os_dbg.o [1]
OSDbg_TaskQPendAbortEn   0x800'a4d4    0x1  Data  Gb  os_dbg.o [1]
OSDbg_TaskRegTblSize     0x800'760e    0x2  Data  Gb  os_dbg.o [1]
OSDbg_TaskSemPendAbortEn
                         0x800'a4d6    0x1  Data  Gb  os_dbg.o [1]
OSDbg_TaskSuspendEn      0x800'a4d7    0x1  Data  Gb  os_dbg.o [1]
OSDbg_TickListSize       0x800'90d2    0x2  Data  Gb  os_dbg.o [1]
OSDbg_TimeDlyHMSMEn      0x800'a4d8    0x1  Data  Gb  os_dbg.o [1]
OSDbg_TimeDlyResumeEn    0x800'a4d9    0x1  Data  Gb  os_dbg.o [1]
OSDbg_Tmr                0x800'a06c   0x30  Data  Gb  os_dbg.o [1]
OSDbg_TmrDelEn           0x800'a4db    0x1  Data  Gb  os_dbg.o [1]
OSDbg_TmrEn              0x800'a4da    0x1  Data  Gb  os_dbg.o [1]
OSDbg_TmrSize            0x800'9d7e    0x2  Data  Gb  os_dbg.o [1]
OSDbg_VersionNbr         0x800'9eaa    0x2  Data  Gb  os_dbg.o [1]
OSFlagCreate             0x800'4afd   0x50  Code  Gb  os_flag.o [1]
OSFlagDbgListPtr        0x2000'3c64    0x4  Data  Gb  os_var.o [1]
OSFlagPend               0x800'4b4d  0x274  Code  Gb  os_flag.o [1]
OSFlagPost               0x800'4dc1   0x38  Code  Gb  os_flag.o [1]
OSFlagQty               0x2000'3ccc    0x2  Data  Gb  os_var.o [1]
OSIdleTaskCtr           0x2000'3c5c    0x4  Data  Gb  os_var.o [1]
OSIdleTaskHook           0x800'4721   0x10  Code  Gb  os_cpu_c.o [1]
OSIdleTaskTCB           0x2000'37b8   0xc0  Data  Gb  os_var.o [1]
OSInit                   0x800'39d9  0x146  Code  Gb  os_core.o [1]
OSInitHook               0x800'4731   0x1a  Code  Gb  os_cpu_c.o [1]
OSIntCtxSw               0x800'71d5         Code  Gb  os_cpu_a.o [1]
OSIntDisTimeMax         0x2000'3c60    0x4  Data  Gb  os_var.o [1]
OSIntEnter               0x800'3b1f   0x1c  Code  Gb  os_core.o [1]
OSIntExit                0x800'3b3b   0x96  Code  Gb  os_core.o [1]
OSIntNestingCtr         0x2000'3cdf    0x1  Data  Gb  os_var.o [1]
OSMemDbgListPtr         0x2000'3c68    0x4  Data  Gb  os_var.o [1]
OSMemQty                0x2000'3cce    0x2  Data  Gb  os_var.o [1]
OSMsgPool               0x2000'3bfc    0xc  Data  Gb  os_var.o [1]
OSMutexCreate            0x800'51f9   0x58  Code  Gb  os_mutex.o [1]
OSMutexDbgListPtr       0x2000'3c6c    0x4  Data  Gb  os_var.o [1]
OSMutexPend              0x800'5251  0x1b4  Code  Gb  os_mutex.o [1]
OSMutexPost              0x800'5405  0x14e  Code  Gb  os_mutex.o [1]
OSMutexQty              0x2000'3cd0    0x2  Data  Gb  os_var.o [1]
OSPrioCur               0x2000'3ce1    0x1  Data  Gb  os_var.o [1]
OSPrioHighRdy           0x2000'3ce2    0x1  Data  Gb  os_var.o [1]
OSPrioSaved             0x2000'3ce3    0x1  Data  Gb  os_var.o [1]
OSPrioTbl               0x2000'3c3c    0x4  Data  Gb  os_prio.o [1]
OSQCreate                0x800'5605   0x52  Code  Gb  os_q.o [1]
OSQDbgListPtr           0x2000'3c70    0x4  Data  Gb  os_var.o [1]
OSQPend                  0x800'5657  0x160  Code  Gb  os_q.o [1]
OSQPost                  0x800'57b7   0x44  Code  Gb  os_q.o [1]
OSQQty                  0x2000'3cd2    0x2  Data  Gb  os_var.o [1]
OSRdyList               0x2000'2fb0  0x180  Data  Gb  os_var.o [1]
OSRunning               0x2000'3ce0    0x1  Data  Gb  os_var.o [1]
OSSched                  0x800'3bd1   0x72  Code  Gb  os_core.o [1]
OSSchedLock              0x800'3c43   0x48  Code  Gb  os_core.o [1]
OSSchedLockNestingCtr   0x2000'3ce4    0x1  Data  Gb  os_var.o [1]
OSSchedUnlock            0x800'3c8b   0x62  Code  Gb  os_core.o [1]
OSSemCreate              0x800'34e9   0x50  Code  Gb  os_sem.o [1]
OSSemDbgListPtr         0x2000'3c74    0x4  Data  Gb  os_var.o [1]
OSSemDel                 0x800'3539   0xe6  Code  Gb  os_sem.o [1]
OSSemPend                0x800'361f  0x14c  Code  Gb  os_sem.o [1]
OSSemPendAbort           0x800'376b   0x96  Code  Gb  os_sem.o [1]
OSSemPost                0x800'3801   0x30  Code  Gb  os_sem.o [1]
OSSemQty                0x2000'3cd4    0x2  Data  Gb  os_var.o [1]
OSStart                  0x800'3ced   0x52  Code  Gb  os_core.o [1]
OSStartHighRdy           0x800'7151         Code  Gb  os_cpu_a.o [1]
OSStatReset              0x800'66ad  0x106  Code  Gb  os_stat.o [1]
OSStatResetFlag         0x2000'3ce5    0x1  Data  Gb  os_var.o [1]
OSStatTaskCPUUsage      0x2000'3cd6    0x2  Data  Gb  os_var.o [1]
OSStatTaskCPUUsageInit   0x800'67b3   0xda  Code  Gb  os_stat.o [1]
OSStatTaskCPUUsageMax   0x2000'3cd8    0x2  Data  Gb  os_var.o [1]
OSStatTaskCtr           0x2000'3c78    0x4  Data  Gb  os_var.o [1]
OSStatTaskCtrMax        0x2000'3c7c    0x4  Data  Gb  os_var.o [1]
OSStatTaskCtrRun        0x2000'3c80    0x4  Data  Gb  os_var.o [1]
OSStatTaskHook           0x800'474b   0x10  Code  Gb  os_cpu_c.o [1]
OSStatTaskRdy           0x2000'3ce6    0x1  Data  Gb  os_var.o [1]
OSStatTaskTCB           0x2000'3878   0xc0  Data  Gb  os_var.o [1]
OSStatTaskTimeMax       0x2000'3c84    0x4  Data  Gb  os_var.o [1]
OSTCBCurPtr             0x2000'3cb0    0x4  Data  Gb  os_var.o [1]
OSTCBHighRdyPtr         0x2000'3cb4    0x4  Data  Gb  os_var.o [1]
OSTaskCreate             0x800'5905  0x128  Code  Gb  os_task.o [1]
OSTaskCreateHook         0x800'475b   0x14  Code  Gb  os_cpu_c.o [1]
OSTaskCtxSwCtr          0x2000'3c88    0x4  Data  Gb  os_var.o [1]
OSTaskDbgListPtr        0x2000'3c8c    0x4  Data  Gb  os_var.o [1]
OSTaskQty               0x2000'3cda    0x2  Data  Gb  os_var.o [1]
OSTaskRegNextAvailID    0x2000'3ce7    0x1  Data  Gb  os_var.o [1]
OSTaskResume             0x800'5a2d   0x24  Code  Gb  os_task.o [1]
OSTaskReturnHook         0x800'476f   0x14  Code  Gb  os_cpu_c.o [1]
OSTaskSemPend            0x800'5a51  0x18e  Code  Gb  os_task.o [1]
OSTaskSemPost            0x800'5bdf   0x1e  Code  Gb  os_task.o [1]
OSTaskStkChk             0x800'5bfd   0x8c  Code  Gb  os_task.o [1]
OSTaskStkInit            0x800'4783  0x15c  Code  Gb  os_cpu_c.o [1]
OSTaskSuspend            0x800'5c89   0x20  Code  Gb  os_task.o [1]
OSTaskSwHook             0x800'48df   0x82  Code  Gb  os_cpu_c.o [1]
OSTickCtr               0x2000'3c90    0x4  Data  Gb  os_var.o [1]
OSTickListDly           0x2000'3c08    0x8  Data  Gb  os_var.o [1]
OSTickListTimeout       0x2000'3c10    0x8  Data  Gb  os_var.o [1]
OSTickTaskTCB           0x2000'3938   0xc0  Data  Gb  os_var.o [1]
OSTickTaskTimeMax       0x2000'3c94    0x4  Data  Gb  os_var.o [1]
OSTimeDly                0x800'8199   0x92  Code  Gb  os_time.o [1]
OSTimeDlyHMSM            0x800'822b  0x110  Code  Gb  os_time.o [1]
OSTimeTick               0x800'833b   0x30  Code  Gb  os_time.o [1]
OSTimeTickHook           0x800'4961   0x10  Code  Gb  os_cpu_c.o [1]
OSTmrDbgListPtr         0x2000'3c98    0x4  Data  Gb  os_var.o [1]
OSTmrListEntries        0x2000'3cdc    0x2  Data  Gb  os_var.o [1]
OSTmrListPtr            0x2000'3c9c    0x4  Data  Gb  os_var.o [1]
OSTmrMutex              0x2000'3b18   0x30  Data  Gb  os_var.o [1]
OSTmrTaskTCB            0x2000'39f8   0xc0  Data  Gb  os_var.o [1]
OSTmrTaskTimeMax        0x2000'3ca0    0x4  Data  Gb  os_var.o [1]
OSTmrTickCtr            0x2000'3ca4    0x4  Data  Gb  os_var.o [1]
OSTmrUpdateCnt          0x2000'3ca8    0x4  Data  Gb  os_var.o [1]
OSTmrUpdateCtr          0x2000'3cac    0x4  Data  Gb  os_var.o [1]
OS_AppIdleTaskHookPtr   0x2000'3c4c    0x4  Data  Gb  os_var.o [1]
OS_AppStatTaskHookPtr   0x2000'3c50    0x4  Data  Gb  os_var.o [1]
OS_AppTaskCreateHookPtr
                        0x2000'3c40    0x4  Data  Gb  os_var.o [1]
OS_AppTaskDelHookPtr    0x2000'3c44    0x4  Data  Gb  os_var.o [1]
OS_AppTaskReturnHookPtr
                        0x2000'3c48    0x4  Data  Gb  os_var.o [1]
OS_AppTaskSwHookPtr     0x2000'3c54    0x4  Data  Gb  os_var.o [1]
OS_AppTimeTickHookPtr   0x2000'3c58    0x4  Data  Gb  os_var.o [1]
OS_CPU_ExceptStkBase    0x2000'3c38    0x4  Data  Gb  os_cpu_c.o [1]
OS_CPU_FP_Reg_Pop        0x800'713f         Code  Gb  os_cpu_a.o [1]
OS_CPU_FP_Reg_Push       0x800'7125         Code  Gb  os_cpu_a.o [1]
OS_CPU_PendSVHandler     0x800'71dd         Code  Gb  os_cpu_a.o [1]
OS_CPU_SysTickHandler    0x800'4971   0x28  Code  Gb  os_cpu_c.o [1]
OS_CPU_SysTickInit       0x800'4999   0x24  Code  Gb  os_cpu_c.o [1]
OS_Dbg_Init              0x800'6e39  0x234  Code  Gb  os_dbg.o [1]
OS_FlagBlock             0x800'4df9   0x34  Code  Gb  os_flag.o [1]
OS_FlagDbgListAdd        0x800'4e3f   0x22  Code  Gb  os_flag.o [1]
OS_FlagInit              0x800'4e2d   0x12  Code  Gb  os_flag.o [1]
OS_FlagPost              0x800'4e79  0x14c  Code  Gb  os_flag.o [1]
OS_FlagTaskRdy           0x800'4fc5   0x68  Code  Gb  os_flag.o [1]
OS_IdleTask              0x800'3d3f   0x36  Code  Gb  os_core.o [1]
OS_IdleTaskInit          0x800'3d75   0x52  Code  Gb  os_core.o [1]
OS_MemInit               0x800'502d   0x12  Code  Gb  os_mem.o [1]
OS_MsgPoolInit           0x800'5049   0x62  Code  Gb  os_msg.o [1]
OS_MsgQGet               0x800'50bf   0x66  Code  Gb  os_msg.o [1]
OS_MsgQInit              0x800'50ab   0x14  Code  Gb  os_msg.o [1]
OS_MsgQPut               0x800'5125   0xc6  Code  Gb  os_msg.o [1]
OS_MutexDbgListAdd       0x800'5553   0x22  Code  Gb  os_mutex.o [1]
OS_MutexGrpAdd           0x800'55a5    0x8  Code  Gb  os_mutex.o [1]
OS_MutexGrpPrioFindHighest
                         0x800'55c5   0x3e  Code  Gb  os_mutex.o [1]
OS_MutexGrpRemove        0x800'55ad   0x18  Code  Gb  os_mutex.o [1]
OS_MutexInit             0x800'5575   0x12  Code  Gb  os_mutex.o [1]
OS_Pend                  0x800'3dc7   0x6e  Code  Gb  os_core.o [1]
OS_PendAbort             0x800'3e35   0xc6  Code  Gb  os_core.o [1]
OS_PendAbort1            0x800'3efb   0x26  Code  Gb  os_core.o [1]
OS_PendDataInit          0x800'3f21   0x3a  Code  Gb  os_core.o [1]
OS_PendDbgNameAdd        0x800'3f5b   0x4c  Code  Gb  os_core.o [1]
OS_PendDbgNameRemove     0x800'3fa7   0x22  Code  Gb  os_core.o [1]
OS_PendListChangePrio    0x800'3fcd   0x40  Code  Gb  os_core.o [1]
OS_PendListInit          0x800'400d    0xe  Code  Gb  os_core.o [1]
OS_PendListInsertPrio    0x800'401b   0x7a  Code  Gb  os_core.o [1]
OS_PendListRemove        0x800'4095   0x3c  Code  Gb  os_core.o [1]
OS_PendListRemove1       0x800'40d1   0x54  Code  Gb  os_core.o [1]
OS_PendObjDel            0x800'4125   0xbe  Code  Gb  os_core.o [1]
OS_PendObjDel1           0x800'41e3   0x26  Code  Gb  os_core.o [1]
OS_Post                  0x800'4209   0xf0  Code  Gb  os_core.o [1]
OS_Post1                 0x800'42f9   0x2c  Code  Gb  os_core.o [1]
OS_PrioGetHighest        0x800'4a79   0x1e  Code  Gb  os_prio.o [1]
OS_PrioInit              0x800'4a65   0x14  Code  Gb  os_prio.o [1]
OS_PrioInsert            0x800'4a97   0x30  Code  Gb  os_prio.o [1]
OS_PrioRemove            0x800'4ac7   0x30  Code  Gb  os_prio.o [1]
OS_QDbgListAdd           0x800'57fb   0x22  Code  Gb  os_q.o [1]
OS_QInit                 0x800'581d   0x12  Code  Gb  os_q.o [1]
OS_QPost                 0x800'5849   0xbc  Code  Gb  os_q.o [1]
OS_RdyListInit           0x800'4325   0x30  Code  Gb  os_core.o [1]
OS_RdyListInsert         0x800'4355   0x28  Code  Gb  os_core.o [1]
OS_RdyListInsertHead     0x800'437d   0x40  Code  Gb  os_core.o [1]
OS_RdyListInsertTail     0x800'43bd   0x3e  Code  Gb  os_core.o [1]
OS_RdyListRemove         0x800'43fb   0x5e  Code  Gb  os_core.o [1]
OS_SemClr                0x800'3831   0x1e  Code  Gb  os_sem.o [1]
OS_SemDbgListAdd         0x800'384f   0x22  Code  Gb  os_sem.o [1]
OS_SemDbgListRemove      0x800'3871   0x36  Code  Gb  os_sem.o [1]
OS_SemInit               0x800'38a7   0x12  Code  Gb  os_sem.o [1]
OS_SemPool              0x2000'3bc0   0x18  Data  Lc  serial_os.o [1]
OS_SemPost               0x800'38d9   0xc2  Code  Gb  os_sem.o [1]
OS_StatTask              0x800'688d  0x298  Code  Gb  os_stat.o [1]
OS_StatTaskInit          0x800'6b25   0x8c  Code  Gb  os_stat.o [1]
OS_TaskBlock             0x800'4459   0x2a  Code  Gb  os_core.o [1]
OS_TaskChangePrio        0x800'60e9   0xf4  Code  Gb  os_task.o [1]
OS_TaskDbgListAdd        0x800'5ca9   0x28  Code  Gb  os_task.o [1]
OS_TaskInit              0x800'5cd1   0x1e  Code  Gb  os_task.o [1]
OS_TaskInitTCB           0x800'5cef  0x120  Code  Gb  os_task.o [1]
OS_TaskResume            0x800'5e0f   0xe6  Code  Gb  os_task.o [1]
OS_TaskReturn            0x800'5ef5   0x18  Code  Gb  os_task.o [1]
OS_TaskSemPost           0x800'5f0d   0xea  Code  Gb  os_task.o [1]
OS_TaskSuspend           0x800'5ffd   0xe4  Code  Gb  os_task.o [1]
OS_TickListInsert        0x800'62fb   0x92  Code  Gb  os_tick.o [1]
OS_TickListInsertDly     0x800'638d   0xbc  Code  Gb  os_tick.o [1]
OS_TickListRemove        0x800'6449   0x70  Code  Gb  os_tick.o [1]
OS_TickListUpdateDly     0x800'64b9   0x9c  Code  Lc  os_tick.o [1]
OS_TickListUpdateTimeout
                         0x800'6555  0x122  Code  Lc  os_tick.o [1]
OS_TickTask              0x800'61fd   0x58  Code  Gb  os_tick.o [1]
OS_TickTaskInit          0x800'6255   0xa6  Code  Gb  os_tick.o [1]
OS_TmrInit               0x800'6c25   0xcc  Code  Gb  os_tmr.o [1]
OS_TmrLock               0x800'6dcb   0x16  Code  Lc  os_tmr.o [1]
OS_TmrTask               0x800'6d35   0x96  Code  Gb  os_tmr.o [1]
OS_TmrUnlink             0x800'6cf1   0x40  Code  Gb  os_tmr.o [1]
OS_TmrUnlock             0x800'6de1   0x10  Code  Lc  os_tmr.o [1]
Region$$Table$$Base      0x800'a1f8          --   Gb  - Linker created -
Region$$Table$$Limit     0x800'a218          --   Gb  - Linker created -
SerialBSP_STM32_USART3   0x800'a340   0x14  Data  Lc  serial_bsp_stm3240x.o [1]
SerialBSP_STM32_USART3_CfgGPIO
                         0x800'9da3   0x54  Code  Lc  serial_bsp_stm3240x.o [1]
SerialBSP_STM32_USART3_CfgInt
                         0x800'9df7   0x20  Code  Lc  serial_bsp_stm3240x.o [1]
SerialBSP_STM32_USART3_ClkDis
                         0x800'9d93   0x10  Code  Lc  serial_bsp_stm3240x.o [1]
SerialBSP_STM32_USART3_ClkEn
                         0x800'9d81   0x12  Code  Lc  serial_bsp_stm3240x.o [1]
SerialBSP_STM32_USART3_ClkFreqGet
                         0x800'9e17    0xa  Code  Lc  serial_bsp_stm3240x.o [1]
SerialBSP_STM32_USART3_IntHandler
                         0x800'9e21   0x14  Code  Lc  serial_bsp_stm3240x.o [1]
SerialBuf_Clr            0x800'3381    0xa  Code  Gb  serial_buf.o [1]
SerialBuf_Cmp            0x800'3447   0x80  Code  Gb  serial_buf.o [1]
SerialBuf_DataLen        0x800'34df    0xa  Code  Gb  serial_buf.o [1]
SerialBuf_Init           0x800'335f   0x22  Code  Gb  serial_buf.o [1]
SerialBuf_IsFull         0x800'34c7   0x12  Code  Gb  serial_buf.o [1]
SerialBuf_RdOctet        0x800'338b   0x60  Code  Gb  serial_buf.o [1]
SerialBuf_Size           0x800'34d9    0x6  Code  Gb  serial_buf.o [1]
SerialBuf_WrOctet        0x800'33eb   0x5c  Code  Gb  serial_buf.o [1]
SerialDevCfg_STM32_USART3
                        0x2000'0000    0xc  Data  Gb  serial_bsp_stm3240x.o [1]
SerialDev_STM32_USART3_DevPtr
                        0x2000'3cb8    0x4  Data  Lc  serial_bsp_stm3240x.o [1]
SerialDrv_Close          0x800'9b15   0x32  Code  Lc  serial_drv_stm32.o [1]
SerialDrv_ISR_Handler    0x800'9be1   0x60  Code  Lc  serial_drv_stm32.o [1]
SerialDrv_Init           0x800'99b5    0x6  Code  Lc  serial_drv_stm32.o [1]
SerialDrv_Open           0x800'99bb  0x15a  Code  Lc  serial_drv_stm32.o [1]
SerialDrv_RxOctet        0x800'9b75   0x1e  Code  Lc  serial_drv_stm32.o [1]
SerialDrv_RxStart        0x800'9b47   0x16  Code  Lc  serial_drv_stm32.o [1]
SerialDrv_RxStop         0x800'9b5d   0x18  Code  Lc  serial_drv_stm32.o [1]
SerialDrv_STM32_API      0x800'a164   0x28  Data  Gb  serial_drv_stm32.o [1]
SerialDrv_TxOctet        0x800'9bc1   0x20  Code  Lc  serial_drv_stm32.o [1]
SerialDrv_TxStart        0x800'9b93   0x16  Code  Lc  serial_drv_stm32.o [1]
SerialDrv_TxStop         0x800'9ba9   0x18  Code  Lc  serial_drv_stm32.o [1]
SerialIF_NbrNext        0x2000'3ce8    0x1  Data  Lc  serial.o [1]
SerialIF_Rx              0x800'2359  0x1cc  Code  Gb  serial.o [1]
SerialIF_Tx              0x800'252d  0x10c  Code  Gb  serial.o [1]
SerialIF_TxWrBuf         0x800'2639   0x50  Code  Gb  serial.o [1]
SerialLine_Close         0x800'9e4b    0xe  Code  Lc  serial_line_dflt.o [1]
SerialLine_Close         0x800'9c87   0x22  Code  Lc  serial_line_tty.o [1]
SerialLine_Dflt          0x800'a394   0x10  Data  Gb  serial_line_dflt.o [1]
SerialLine_Open          0x800'9e3d    0xe  Code  Lc  serial_line_dflt.o [1]
SerialLine_Open          0x800'9c41   0x46  Code  Lc  serial_line_tty.o [1]
SerialLine_RdOctet       0x800'9e59   0x28  Code  Lc  serial_line_dflt.o [1]
SerialLine_RdOctet       0x800'9cad   0x6c  Code  Lc  serial_line_tty.o [1]
SerialLine_TTY           0x800'a3a4   0x10  Data  Gb  serial_line_tty.o [1]
SerialLine_TTY_Info     0x2000'3cbc    0x4  Data  Lc  serial_line_tty.o [1]
SerialLine_WrOctet       0x800'9e81   0x2a  Code  Lc  serial_line_dflt.o [1]
SerialLine_WrOctet       0x800'9d19   0x66  Code  Lc  serial_line_tty.o [1]
SerialOS_Init            0x800'2a39   0x3c  Code  Gb  serial_os.o [1]
SerialOS_SemCreate       0x800'2a75   0x4c  Code  Gb  serial_os.o [1]
SerialOS_SemDel          0x800'2ac1   0x28  Code  Gb  serial_os.o [1]
SerialOS_SemSignal       0x800'2b41   0x1e  Code  Gb  serial_os.o [1]
SerialOS_SemWait         0x800'2ae9   0x50  Code  Gb  serial_os.o [1]
Serial_DevDrvAdd         0x800'1dfb  0x240  Code  Gb  serial.o [1]
Serial_IF_Clr            0x800'2691   0x2e  Code  Lc  serial.o [1]
Serial_IF_IsValid        0x800'203b   0x4e  Code  Lc  serial.o [1]
Serial_IF_RdClr          0x800'26bf   0x1e  Code  Lc  serial.o [1]
Serial_IF_RxReset        0x800'26f7   0x18  Code  Lc  serial.o [1]
Serial_IF_RxStop         0x800'270f   0x1e  Code  Lc  serial.o [1]
Serial_IF_Tbl           0x2000'3130  0x180  Data  Lc  serial.o [1]
Serial_IF_WrClr          0x800'26dd   0x1a  Code  Lc  serial.o [1]
Serial_Init              0x800'1d89   0x72  Code  Gb  serial.o [1]
Serial_Open              0x800'2149  0x12c  Code  Gb  serial.o [1]
Serial_SetLineDrv        0x800'2089   0xc0  Code  Gb  serial.o [1]
Serial_Wr                0x800'2275   0xe4  Code  Gb  serial.o [1]
Serial_WrBufInsert       0x800'272d   0x86  Code  Lc  serial.o [1]
Serial_WrBufRemove       0x800'27b3   0x78  Code  Lc  serial.o [1]
Serial_WrBufTxStart      0x800'282b   0x52  Code  Lc  serial.o [1]
Serial_WrCallback        0x800'2a1d   0x1c  Code  Lc  serial.o [1]
Serial_WrEnd             0x800'2963   0xba  Code  Lc  serial.o [1]
Serial_WrNext            0x800'28d5   0x8e  Code  Lc  serial.o [1]
Serial_WrStart           0x800'287d   0x58  Code  Lc  serial.o [1]
Str_Cmp                  0x800'32a3   0x16  Code  Gb  lib_str.o [1]
Str_Cmp_N                0x800'32b9   0xa6  Code  Gb  lib_str.o [1]
Str_Copy_N               0x800'324d   0x56  Code  Gb  lib_str.o [1]
Str_Len                  0x800'321d   0x10  Code  Gb  lib_str.o [1]
Str_Len_N                0x800'322d   0x20  Code  Gb  lib_str.o [1]
SystemCoreClock         0x2000'000c    0x4  Data  Gb  system_stm32f4xx.o [1]
SystemInit               0x800'9ead   0x40  Code  Gb  system_stm32f4xx.o [1]
_GenldFullNoMb           0x800'0d25  0x274  Code  Lc  xprintffull_nomb.o [2]
_LdtobFullNoMb           0x800'08f9  0x400  Code  Lc  xprintffull_nomb.o [2]
_LitobFullNoMb           0x800'07a1  0x112  Code  Lc  xprintffull_nomb.o [2]
_Locale_lconv           0x2000'0010   0x38  Data  Lc  xlocale_c.o [2]
_PrintfFullNoMb          0x800'0201  0x19e  Code  Gb  xprintffull_nomb.o [2]
_PutcharsFullNoMb        0x800'0f99   0x2e  Code  Lc  xprintffull_nomb.o [2]
_PutfldFullNoMb          0x800'0429  0x26c  Code  Lc  xprintffull_nomb.o [2]
_PuttxtFullNoMb          0x800'0695  0x10c  Code  Lc  xprintffull_nomb.o [2]
_SProut                  0x800'1077    0xa  Code  Gb  xsprout.o [2]
__NVIC_SetPriorityGrouping
                         0x800'7c99   0x1e  Code  Lc  stm32f4xx_hal_cortex.o [1]
__aeabi_cdcmple          0x800'163d         Code  Gb  DblCmpLe.o [3]
__aeabi_cdrcmple         0x800'166d         Code  Gb  DblCmpGe.o [3]
__aeabi_d2f              0x800'9041         Code  Gb  DblToFlt.o [3]
__aeabi_d2iz             0x800'17d9         Code  Gb  DblToS32.o [3]
__aeabi_d2uiz            0x800'1b65         Code  Gb  DblToU32.o [3]
__aeabi_dadd             0x800'1bbd         Code  Gb  DblAdd.o [3]
__aeabi_ddiv             0x800'191d         Code  Gb  DblDiv.o [3]
__aeabi_dmul             0x800'1381         Code  Gb  DblMul.o [3]
__aeabi_dsub             0x800'1839         Code  Gb  DblSub.o [3]
__aeabi_f2d              0x800'8ff9         Code  Gb  FltToDbl.o [3]
__aeabi_i2d              0x800'1815         Code  Gb  S32ToDbl.o [3]
__aeabi_ldiv0            0x800'1bb9         Code  Gb  I64DivZer.o [4]
__aeabi_memcpy           0x800'1525         Code  Gb  ABImemcpy.o [4]
__aeabi_memcpy4          0x800'1545         Code  Gb  ABImemcpy.o [4]
__aeabi_memcpy8          0x800'1545         Code  Gb  ABImemcpy.o [4]
__aeabi_ui2d             0x800'1b8d         Code  Gb  U32ToDbl.o [3]
__aeabi_uldivmod         0x800'1151         Code  Gb  I64DivMod.o [4]
__cmain                  0x800'9f79         Code  Gb  cmain.o [4]
__exit                   0x800'1d39   0x14  Code  Gb  exit.o [5]
__iar_Exp64              0x800'95b1  0x3a4  Code  Gb  iar_Exp64.o [3]
__iar_Fail_s             0x800'1081   0x1c  Code  Gb  xfail_s.o [2]
__iar_Memchr             0x800'10f9         Code  Gb  memchr.o [4]
__iar_Sin64              0x800'9165  0x3b2  Code  Lc  cos_sin64.o [3]
__iar_Strchr             0x800'1061         Code  Gb  strchr.o [4]
__iar_close_ttio         0x800'1d4d   0x2e  Code  Gb  iarttio.o [5]
__iar_cos64              0x800'95a9    0x4  Code  Gb  cos_sin64.o [3]
__iar_cos_medium         0x800'95a9    0x4  Code  Gb  cos_sin64.o [3]
__iar_cos_medium64       0x800'95a9    0x4  Code  Gb  cos_sin64.o [3]
__iar_cos_mediuml        0x800'95a9    0x4  Code  Gb  cos_sin64.o [3]
__iar_dadd               0x800'1849         Code  Gb  DblSub.o [3]
__iar_data_init3         0x800'9f9d   0x28  Code  Gb  data_init.o [4]
__iar_dsub               0x800'1bcd         Code  Gb  DblAdd.o [3]
__iar_dsubStart          0x800'1bdf         Code  Gb  DblAdd.o [3]
__iar_exp64              0x800'9119   0x4c  Code  Gb  exp64.o [3]
__iar_exp_medium         0x800'9119   0x4c  Code  Gb  exp64.o [3]
__iar_exp_medium64       0x800'9119   0x4c  Code  Gb  exp64.o [3]
__iar_exp_mediuml        0x800'9119   0x4c  Code  Gb  exp64.o [3]
__iar_frexp              0x800'15d9         Code  Gb  frexp.o [3]
__iar_frexpl             0x800'15d9         Code  Gb  frexp.o [3]
__iar_init_vfp           0x800'9f55         Code  Gb  fpinit_M.o [3]
__iar_ldexp64            0x800'169d         Code  Gb  ldexp.o [3]
__iar_lookup_ttioh       0x800'1d7d    0x4  Code  Gb  XShttio.o [2]
__iar_packbits_init_single3
                         0x800'9fd3   0x38  Code  Gb  packbits_init_single.o [4]
__iar_program_start      0x800'9f49         Code  Gb  cstartup_M.o [4]
__iar_scalbln64          0x800'169d         Code  Gb  ldexp.o [3]
__iar_scalbn64           0x800'169d         Code  Gb  ldexp.o [3]
__iar_sin64              0x800'95ad    0x4  Code  Gb  cos_sin64.o [3]
__iar_sin_medium         0x800'95ad    0x4  Code  Gb  cos_sin64.o [3]
__iar_sin_medium64       0x800'95ad    0x4  Code  Gb  cos_sin64.o [3]
__iar_sin_mediuml        0x800'95ad    0x4  Code  Gb  cos_sin64.o [3]
__iar_softfp___iar_frexp64
                         0x800'15cd         Code  Gb  frexp.o [3]
__iar_softfp_frexp       0x800'15cd         Code  Gb  frexp.o [3]
__iar_softfp_frexpl      0x800'15cd         Code  Gb  frexp.o [3]
__iar_ttio_handles      0x2000'0048    0x8  Data  Lc  XShttio.o [2]
__iar_vfp_cos            0x800'90bb    0xc  Code  Gb  math_wrappers64.o [3]
__iar_vfp_exp            0x800'90af    0xc  Code  Gb  math_wrappers64.o [3]
__iar_vfp_sin            0x800'90c7    0xc  Code  Gb  math_wrappers64.o [3]
__iar_zero_init3         0x800'1027   0x3a  Code  Gb  zero_init3.o [4]
__low_level_init         0x800'9f97    0x4  Code  Gb  low_level_init.o [2]
__vector_table           0x800'0000  0x188  Data  Gb  cstartup.o [1]
_call_main               0x800'9f85         Code  Gb  cmain.o [4]
_exit                    0x800'9fc9         Code  Gb  cexit.o [4]
_main                    0x800'9f93         Code  Gb  cmain.o [4]
abort                    0x800'1bb1    0x6  Code  Gb  abort.o [2]
cos                      0x800'95a9    0x4  Code  Gb  cos_sin64.o [3]
cosl                     0x800'95a9    0x4  Code  Gb  cos_sin64.o [3]
exit                     0x800'9fc5    0x4  Code  Gb  exit.o [2]
exp                      0x800'9119   0x4c  Code  Gb  exp64.o [3]
expl                     0x800'9119   0x4c  Code  Gb  exp64.o [3]
ldexp                    0x800'169d         Code  Gb  ldexp.o [3]
ldexpl                   0x800'169d         Code  Gb  ldexp.o [3]
localeconv               0x800'1ba9    0x4  Code  Gb  xlocale_c.o [2]
main                     0x800'85bd   0x6c  Code  Gb  app.o [1]
memchr                   0x800'10f9         Code  Gb  memchr.o [4]
scalbln                  0x800'169d         Code  Gb  ldexp.o [3]
scalblnl                 0x800'169d         Code  Gb  ldexp.o [3]
scalbn                   0x800'169d         Code  Gb  ldexp.o [3]
scalbnl                  0x800'169d         Code  Gb  ldexp.o [3]
scale                    0x800'08b3   0x46  Code  Lc  xprintffull_nomb.o [2]
sec_hand                0x2000'3cc4    0x4  Data  Lc  xfail_s.o [2]
sin                      0x800'95ad    0x4  Code  Gb  cos_sin64.o [3]
sinl                     0x800'95ad    0x4  Code  Gb  cos_sin64.o [3]
strchr                   0x800'1061         Code  Gb  strchr.o [4]
strlen                   0x800'10c1         Code  Gb  strlen.o [4]
uwTick                  0x2000'3cc0    0x4  Data  Lc  stm32f4xx_hal.o [1]
vsprintf                 0x800'90e5   0x34  Code  Gb  vsprintf.o [2]


[1] = E:\ucosiii\Micrium_STM3240G-EVAL_OS3\Micrium\Examples\ST\STM3240G-EVAL\OS3\IAR\FLASH\Obj
[2] = dl7M_tlf.a
[3] = m7M_tls.a
[4] = rt7M_tl.a
[5] = shb_l.a

  40 410 bytes of readonly  code memory
   1 740 bytes of readonly  data memory
  16 105 bytes of readwrite data memory

Errors: none
Warnings: none
