Component: ARM Compiler 5.06 update 5 (build 528) Tool: armlink [4d35e2]

==============================================================================

Section Cross References

    app.o(i.AppObjCreate) refers to os_sem.o(i.OSSemCreate) for OSSemCreate
    app.o(i.AppObjCreate) refers to os_mutex.o(i.OSMutexCreate) for OSMutexCreate
    app.o(i.AppObjCreate) refers to os_q.o(i.OSQCreate) for OSQCreate
    app.o(i.AppObjCreate) refers to os_flag.o(i.OSFlagCreate) for OSFlagCreate
    app.o(i.AppObjCreate) refers to app.o(.bss) for AppTaskObjSem
    app.o(i.AppTaskCreate) refers to os_task.o(i.OSTaskCreate) for OSTaskCreate
    app.o(i.AppTaskCreate) refers to app.o(.bss) for AppTaskObj0Stk
    app.o(i.AppTaskCreate) refers to app.o(i.AppTaskObj0) for AppTaskObj0
    app.o(i.AppTaskCreate) refers to app.o(i.AppTaskObj1) for AppTaskObj1
    app.o(i.AppTaskCreate) refers to app.o(i.AppTaskEq0Fp) for AppTaskEq0Fp
    app.o(i.AppTaskCreate) refers to app.o(i.AppTaskEq1Fp) for AppTaskEq1Fp
    app.o(i.AppTaskEq0Fp) refers to f2d.o(.text) for __aeabi_f2d
    app.o(i.AppTaskEq0Fp) refers to dmul.o(.text) for __aeabi_dmul
    app.o(i.AppTaskEq0Fp) refers to d2f.o(.text) for __aeabi_d2f
    app.o(i.AppTaskEq0Fp) refers to ddiv.o(.text) for __aeabi_ddiv
    app.o(i.AppTaskEq0Fp) refers to cos.o(i.__hardfp_cos) for __hardfp_cos
    app.o(i.AppTaskEq0Fp) refers to sin.o(i.__hardfp_sin) for __hardfp_sin
    app.o(i.AppTaskEq0Fp) refers to dadd.o(.text) for __aeabi_dsub
    app.o(i.AppTaskEq0Fp) refers to exp.o(i.__hardfp_exp) for __hardfp_exp
    app.o(i.AppTaskEq0Fp) refers to cdrcmple.o(.text) for __aeabi_cdrcmple
    app.o(i.AppTaskEq0Fp) refers to cdcmple.o(.text) for __aeabi_cdcmple
    app.o(i.AppTaskEq0Fp) refers to lib_math.o(i.Math_Rand) for Math_Rand
    app.o(i.AppTaskEq0Fp) refers to app_serial.o(i.App_SerPrintf) for App_SerPrintf
    app.o(i.AppTaskEq1Fp) refers to f2d.o(.text) for __aeabi_f2d
    app.o(i.AppTaskEq1Fp) refers to dmul.o(.text) for __aeabi_dmul
    app.o(i.AppTaskEq1Fp) refers to d2f.o(.text) for __aeabi_d2f
    app.o(i.AppTaskEq1Fp) refers to ddiv.o(.text) for __aeabi_ddiv
    app.o(i.AppTaskEq1Fp) refers to dadd.o(.text) for __aeabi_dsub
    app.o(i.AppTaskEq1Fp) refers to cdrcmple.o(.text) for __aeabi_cdrcmple
    app.o(i.AppTaskEq1Fp) refers to cdcmple.o(.text) for __aeabi_cdcmple
    app.o(i.AppTaskEq1Fp) refers to lib_math.o(i.Math_Rand) for Math_Rand
    app.o(i.AppTaskEq1Fp) refers to app_serial.o(i.App_SerPrintf) for App_SerPrintf
    app.o(i.AppTaskObj0) refers to os_sem.o(i.OSSemPost) for OSSemPost
    app.o(i.AppTaskObj0) refers to os_mutex.o(i.OSMutexPend) for OSMutexPend
    app.o(i.AppTaskObj0) refers to os_time.o(i.OSTimeDlyHMSM) for OSTimeDlyHMSM
    app.o(i.AppTaskObj0) refers to os_mutex.o(i.OSMutexPost) for OSMutexPost
    app.o(i.AppTaskObj0) refers to os_q.o(i.OSQPost) for OSQPost
    app.o(i.AppTaskObj0) refers to os_flag.o(i.OSFlagPost) for OSFlagPost
    app.o(i.AppTaskObj0) refers to app_serial.o(i.App_SerPrintf) for App_SerPrintf
    app.o(i.AppTaskObj0) refers to app.o(.bss) for AppTaskObjSem
    app.o(i.AppTaskObj1) refers to os_sem.o(i.OSSemPend) for OSSemPend
    app.o(i.AppTaskObj1) refers to os_mutex.o(i.OSMutexPend) for OSMutexPend
    app.o(i.AppTaskObj1) refers to os_mutex.o(i.OSMutexPost) for OSMutexPost
    app.o(i.AppTaskObj1) refers to os_q.o(i.OSQPend) for OSQPend
    app.o(i.AppTaskObj1) refers to os_flag.o(i.OSFlagPend) for OSFlagPend
    app.o(i.AppTaskObj1) refers to os_time.o(i.OSTimeDlyHMSM) for OSTimeDlyHMSM
    app.o(i.AppTaskObj1) refers to app_serial.o(i.App_SerPrintf) for App_SerPrintf
    app.o(i.AppTaskObj1) refers to app.o(.bss) for AppTaskObjSem
    app.o(i.AppTaskStart) refers to bsp.o(i.BSP_Init) for BSP_Init
    app.o(i.AppTaskStart) refers to cpu_core.o(i.CPU_Init) for CPU_Init
    app.o(i.AppTaskStart) refers to os_stat.o(i.OSStatTaskCPUUsageInit) for OSStatTaskCPUUsageInit
    app.o(i.AppTaskStart) refers to cpu_core.o(i.CPU_IntDisMeasMaxCurReset) for CPU_IntDisMeasMaxCurReset
    app.o(i.AppTaskStart) refers to app_serial.o(i.App_SerialInit) for App_SerialInit
    app.o(i.AppTaskStart) refers to app_serial.o(i.App_SerPrintf) for App_SerPrintf
    app.o(i.AppTaskStart) refers to app.o(i.AppObjCreate) for AppObjCreate
    app.o(i.AppTaskStart) refers to app.o(i.AppTaskCreate) for AppTaskCreate
    app.o(i.AppTaskStart) refers to bsp.o(i.BSP_LED_Off) for BSP_LED_Off
    app.o(i.AppTaskStart) refers to bsp.o(i.BSP_LED_Toggle) for BSP_LED_Toggle
    app.o(i.AppTaskStart) refers to os_time.o(i.OSTimeDlyHMSM) for OSTimeDlyHMSM
    app.o(i.AppTrace) refers to printfa.o(i.__0vsnprintf) for vsnprintf
    app.o(i.AppTrace) refers to os_sem.o(i.OSSemPend) for OSSemPend
    app.o(i.AppTrace) refers to printfa.o(i.__0printf) for __2printf
    app.o(i.AppTrace) refers to os_sem.o(i.OSSemPost) for OSSemPost
    app.o(i.AppTrace) refers to app.o(.bss) for AppTraceSem
    app.o(i.main) refers to stm32f4xx_hal.o(i.HAL_Init) for HAL_Init
[...]
    OSQPend                                  0x080040e5   Thumb Code   402  os_q.o(i.OSQPend)
    OSQPost                                  0x08004285   Thumb Code    58  os_q.o(i.OSQPost)
    OSSched                                  0x080042c5   Thumb Code   134  os_core.o(i.OSSched)
    OSSchedLock                              0x08004369   Thumb Code    92  os_core.o(i.OSSchedLock)
    OSSchedUnlock                            0x080043cd   Thumb Code   128  os_core.o(i.OSSchedUnlock)
    OSSemCreate                              0x08004455   Thumb Code    96  os_sem.o(i.OSSemCreate)
    OSSemDel                                 0x080044bd   Thumb Code   266  os_sem.o(i.OSSemDel)
    OSSemPend                                0x080045d1   Thumb Code   378  os_sem.o(i.OSSemPend)
    OSSemPendAbort                           0x08004759   Thumb Code   176  os_sem.o(i.OSSemPendAbort)
    OSSemPost                                0x0800480d   Thumb Code    54  os_sem.o(i.OSSemPost)
    OSStart                                  0x08004849   Thumb Code    78  os_core.o(i.OSStart)
    OSStatReset                              0x080048b1   Thumb Code   294  os_stat.o(i.OSStatReset)
    OSStatTaskCPUUsageInit                   0x080049f9   Thumb Code   228  os_stat.o(i.OSStatTaskCPUUsageInit)
    OSStatTaskHook                           0x08004af9   Thumb Code    16  os_cpu_c.o(i.OSStatTaskHook)
    OSTaskCreate                             0x08004b0d   Thumb Code   312  os_task.o(i.OSTaskCreate)
    OSTaskCreateHook                         0x08004c51   Thumb Code    20  os_cpu_c.o(i.OSTaskCreateHook)
    OSTaskResume                             0x08004c69   Thumb Code    54  os_task.o(i.OSTaskResume)
    OSTaskReturnHook                         0x08004ca1   Thumb Code    20  os_cpu_c.o(i.OSTaskReturnHook)
    OSTaskSemPend                            0x08004cb9   Thumb Code   448  os_task.o(i.OSTaskSemPend)
    OSTaskSemPost                            0x08004e81   Thumb Code    36  os_task.o(i.OSTaskSemPost)
    OSTaskStkChk                             0x08004ea5   Thumb Code   184  os_task.o(i.OSTaskStkChk)
    OSTaskStkInit                            0x08004f61   Thumb Code   600  os_cpu_c.o(i.OSTaskStkInit)
    OSTaskSuspend                            0x08005225   Thumb Code    32  os_task.o(i.OSTaskSuspend)
    OSTaskSwHook                             0x08005249   Thumb Code   160  os_cpu_c.o(i.OSTaskSwHook)
    OSTimeDly                                0x080052f5   Thumb Code   168  os_time.o(i.OSTimeDly)
    OSTimeDlyHMSM                            0x080053a5   Thumb Code   262  os_time.o(i.OSTimeDlyHMSM)
    OSTimeTick                               0x080054b9   Thumb Code    50  os_time.o(i.OSTimeTick)
    OSTimeTickHook                           0x080054fd   Thumb Code    16  os_cpu_c.o(i.OSTimeTickHook)
    OS_CPU_SysTickHandler                    0x08005511   Thumb Code    60  os_cpu_c.o(i.OS_CPU_SysTickHandler)
    OS_CPU_SysTickInit                       0x08005551   Thumb Code    44  os_cpu_c.o(i.OS_CPU_SysTickInit)
    OS_Dbg_Init                              0x08005581   Thumb Code   146  os_dbg.o(i.OS_Dbg_Init)
    OS_FlagBlock                             0x08005729   Thumb Code    56  os_flag.o(i.OS_FlagBlock)
    OS_FlagDbgListAdd                        0x08005765   Thumb Code    38  os_flag.o(i.OS_FlagDbgListAdd)
    OS_FlagInit                              0x08005795   Thumb Code    14  os_flag.o(i.OS_FlagInit)
    OS_FlagPost                              0x080057ad   Thumb Code   372  os_flag.o(i.OS_FlagPost)
    OS_FlagTaskRdy                           0x08005921   Thumb Code   100  os_flag.o(i.OS_FlagTaskRdy)
    OS_IdleTask                              0x08005985   Thumb Code    66  os_core.o(i.OS_IdleTask)
    OS_IdleTaskInit                          0x080059d1   Thumb Code    66  os_core.o(i.OS_IdleTaskInit)
    OS_MemInit                               0x08005a41   Thumb Code    14  os_mem.o(i.OS_MemInit)
    OS_MsgPoolInit                           0x08005a59   Thumb Code    80  os_msg.o(i.OS_MsgPoolInit)
    OS_MsgQGet                               0x08005ab5   Thumb Code    98  os_msg.o(i.OS_MsgQGet)
    OS_MsgQInit                              0x08005b1d   Thumb Code    14  os_msg.o(i.OS_MsgQInit)
    OS_MsgQPut                               0x08005b2d   Thumb Code   254  os_msg.o(i.OS_MsgQPut)
    OS_MutexDbgListAdd                       0x08005c31   Thumb Code    38  os_mutex.o(i.OS_MutexDbgListAdd)
    OS_MutexGrpAdd                           0x08005c61   Thumb Code     8  os_mutex.o(i.OS_MutexGrpAdd)
    OS_MutexGrpPrioFindHighest               0x08005c69   Thumb Code    44  os_mutex.o(i.OS_MutexGrpPrioFindHighest)
    OS_MutexGrpRemove                        0x08005c95   Thumb Code    28  os_mutex.o(i.OS_MutexGrpRemove)
    OS_MutexInit                             0x08005cb1   Thumb Code    14  os_mutex.o(i.OS_MutexInit)
    OS_Pend                                  0x08005cc9   Thumb Code   100  os_core.o(i.OS_Pend)
    OS_PendAbort                             0x08005d31   Thumb Code   188  os_core.o(i.OS_PendAbort)
    OS_PendAbort1                            0x08005ded   Thumb Code    38  os_core.o(i.OS_PendAbort1)
    OS_PendDataInit                          0x08005e13   Thumb Code    40  os_core.o(i.OS_PendDataInit)
    OS_PendDbgNameAdd                        0x08005e3d   Thumb Code    66  os_core.o(i.OS_PendDbgNameAdd)
    OS_PendDbgNameRemove                     0x08005e99   Thumb Code    30  os_core.o(i.OS_PendDbgNameRemove)
    OS_PendListChangePrio                    0x08005ebd   Thumb Code    58  os_core.o(i.OS_PendListChangePrio)
    OS_PendListInit                          0x08005ef7   Thumb Code    10  os_core.o(i.OS_PendListInit)
    OS_PendListInsertPrio                    0x08005f01   Thumb Code   102  os_core.o(i.OS_PendListInsertPrio)
    OS_PendListRemove                        0x08005f67   Thumb Code    52  os_core.o(i.OS_PendListRemove)
    OS_PendListRemove1                       0x08005f9b   Thumb Code    66  os_core.o(i.OS_PendListRemove1)
    OS_PendObjDel                            0x08005fdd   Thumb Code   184  os_core.o(i.OS_PendObjDel)
    OS_PendObjDel1                           0x08006095   Thumb Code    38  os_core.o(i.OS_PendObjDel1)
    OS_Post                                  0x080060bb   Thumb Code   214  os_core.o(i.OS_Post)
    OS_Post1                                 0x08006191   Thumb Code    44  os_core.o(i.OS_Post1)
    OS_PrioGetHighest                        0x080061bd   Thumb Code    36  os_prio.o(i.OS_PrioGetHighest)
    OS_PrioInit                              0x080061e5   Thumb Code    20  os_prio.o(i.OS_PrioInit)
    OS_PrioInsert                            0x080061fd   Thumb Code    32  os_prio.o(i.OS_PrioInsert)
    OS_PrioRemove                            0x08006221   Thumb Code    32  os_prio.o(i.OS_PrioRemove)
    OS_QDbgListAdd                           0x08006245   Thumb Code    38  os_q.o(i.OS_QDbgListAdd)
    OS_QInit                                 0x08006275   Thumb Code    14  os_q.o(i.OS_QInit)
    OS_QPost                                 0x0800628d   Thumb Code   202  os_q.o(i.OS_QPost)
    OS_RdyListInit                           0x08006359   Thumb Code    32  os_core.o(i.OS_RdyListInit)
    OS_RdyListInsert                         0x0800637d   Thumb Code    40  os_core.o(i.OS_RdyListInsert)
    OS_RdyListInsertHead                     0x080063a9   Thumb Code    58  os_core.o(i.OS_RdyListInsertHead)
    OS_RdyListInsertTail                     0x080063e9   Thumb Code    56  os_core.o(i.OS_RdyListInsertTail)
    OS_RdyListRemove                         0x08006425   Thumb Code    86  os_core.o(i.OS_RdyListRemove)
    OS_SemClr                                0x08006481   Thumb Code    28  os_sem.o(i.OS_SemClr)
    OS_SemDbgListAdd                         0x080064a9   Thumb Code    38  os_sem.o(i.OS_SemDbgListAdd)
    OS_SemDbgListRemove                      0x080064d9   Thumb Code    44  os_sem.o(i.OS_SemDbgListRemove)
    OS_SemInit                               0x08006509   Thumb Code    14  os_sem.o(i.OS_SemInit)
    OS_SemPost                               0x08006521   Thumb Code   318  os_sem.o(i.OS_SemPost)
    OS_StatTask                              0x08006661   Thumb Code   738  os_stat.o(i.OS_StatTask)
    OS_StatTaskInit                          0x08006985   Thumb Code   136  os_stat.o(i.OS_StatTaskInit)
    OS_TaskBlock                             0x08006a51   Thumb Code    40  os_core.o(i.OS_TaskBlock)
    OS_TaskChangePrio                        0x08006a7d   Thumb Code   232  os_task.o(i.OS_TaskChangePrio)
    OS_TaskDbgListAdd                        0x08006b69   Thumb Code    42  os_task.o(i.OS_TaskDbgListAdd)
    OS_TaskInit                              0x08006b99   Thumb Code    18  os_task.o(i.OS_TaskInit)
    OS_TaskInitTCB                           0x08006bb9   Thumb Code   182  os_task.o(i.OS_TaskInitTCB)
    OS_TaskResume                            0x08006c7d   Thumb Code   284  os_task.o(i.OS_TaskResume)
    OS_TaskReturn                            0x08006d99   Thumb Code    26  os_task.o(i.OS_TaskReturn)
    OS_TaskSemPost                           0x08006dbd   Thumb Code   492  os_task.o(i.OS_TaskSemPost)
    OS_TaskSuspend                           0x08006fad   Thumb Code   304  os_task.o(i.OS_TaskSuspend)
    OS_TickListInsert                        0x080070e5   Thumb Code   134  os_tick.o(i.OS_TickListInsert)
    OS_TickListInsertDly                     0x0800716d   Thumb Code   180  os_tick.o(i.OS_TickListInsertDly)
    OS_TickListRemove                        0x08007229   Thumb Code    88  os_tick.o(i.OS_TickListRemove)
    OS_TickTask                              0x0800743d   Thumb Code    98  os_tick.o(i.OS_TickTask)
    OS_TickTaskInit                          0x080074a9   Thumb Code   140  os_tick.o(i.OS_TickTaskInit)
    OS_TmrInit                               0x08007571   Thumb Code   200  os_tmr.o(i.OS_TmrInit)
    OS_TmrTask                               0x080076bd   Thumb Code   134  os_tmr.o(i.OS_TmrTask)
    OS_TmrUnlink                             0x08007751   Thumb Code    58  os_tmr.o(i.OS_TmrUnlink)
    SerialBuf_Clr                            0x08007a9d   Thumb Code    10  serial_buf.o(i.SerialBuf_Clr)
    SerialBuf_Cmp                            0x08007aa7   Thumb Code   158  serial_buf.o(i.SerialBuf_Cmp)
    SerialBuf_DataLen                        0x08007b45   Thumb Code    10  serial_buf.o(i.SerialBuf_DataLen)
    SerialBuf_Init                           0x08007b4f   Thumb Code    26  serial_buf.o(i.SerialBuf_Init)
    SerialBuf_IsFull                         0x08007b69   Thumb Code    16  serial_buf.o(i.SerialBuf_IsFull)
    SerialBuf_RdOctet                        0x08007b79   Thumb Code   114  serial_buf.o(i.SerialBuf_RdOctet)
    SerialBuf_Size                           0x08007beb   Thumb Code     6  serial_buf.o(i.SerialBuf_Size)
    SerialBuf_WrOctet                        0x08007bf1   Thumb Code   110  serial_buf.o(i.SerialBuf_WrOctet)
    SerialIF_Rx                              0x08007f31   Thumb Code   460  serial.o(i.SerialIF_Rx)
    SerialIF_Tx                              0x08008101   Thumb Code   302  serial.o(i.SerialIF_Tx)
    SerialIF_TxWrBuf                         0x08008235   Thumb Code    84  serial.o(i.SerialIF_TxWrBuf)
    SerialOS_Init                            0x0800840d   Thumb Code    62  serial_os.o(i.SerialOS_Init)
    SerialOS_SemCreate                       0x08008451   Thumb Code    68  serial_os.o(i.SerialOS_SemCreate)
    SerialOS_SemDel                          0x08008499   Thumb Code    38  serial_os.o(i.SerialOS_SemDel)
    SerialOS_SemSignal                       0x080084c5   Thumb Code    28  serial_os.o(i.SerialOS_SemSignal)
    SerialOS_SemWait                         0x080084e1   Thumb Code    86  serial_os.o(i.SerialOS_SemWait)
    Serial_DevDrvAdd                         0x0800853d   Thumb Code   596  serial.o(i.Serial_DevDrvAdd)
    Serial_Init                              0x08008871   Thumb Code    90  serial.o(i.Serial_Init)
    Serial_Open                              0x080088d5   Thumb Code   328  serial.o(i.Serial_Open)
    Serial_SetLineDrv                        0x08008a29   Thumb Code   216  serial.o(i.Serial_SetLineDrv)
    Serial_Wr                                0x08008b09   Thumb Code   214  serial.o(i.Serial_Wr)
    Str_Cmp                                  0x08008ee3   Thumb Code    24  lib_str.o(i.Str_Cmp)
    Str_Cmp_N                                0x08008efb   Thumb Code   156  lib_str.o(i.Str_Cmp_N)
    Str_Copy_N                               0x08008f97   Thumb Code    70  lib_str.o(i.Str_Copy_N)
    Str_Len                                  0x08008fdd   Thumb Code    20  lib_str.o(i.Str_Len)
    Str_Len_N                                0x08008ff1   Thumb Code    28  lib_str.o(i.Str_Len_N)
    SystemInit                               0x0800900d   Thumb Code    82  system_stm32f4xx.o(i.SystemInit)
    __0vsprintf                              0x08009071   Thumb Code    30  printfa.o(i.__0vsprintf)
    __1vsprintf                              0x08009071   Thumb Code     0  printfa.o(i.__0vsprintf)
    __2vsprintf                              0x08009071   Thumb Code     0  printfa.o(i.__0vsprintf)
    __c89vsprintf                            0x08009071   Thumb Code     0  printfa.o(i.__0vsprintf)
    vsprintf                                 0x08009071   Thumb Code     0  printfa.o(i.__0vsprintf)
    __ARM_fpclassify                         0x08009095   Thumb Code    48  fpclassify.o(i.__ARM_fpclassify)
    __hardfp_cos                             0x080090c9   Thumb Code   180  cos.o(i.__hardfp_cos)
    __hardfp_exp                             0x08009191   Thumb Code   714  exp.o(i.__hardfp_exp)
    __hardfp_sin                             0x080094e9   Thumb Code   180  sin.o(i.__hardfp_sin)
    __ieee754_rem_pio2                       0x080095b1   Thumb Code   938  rred.o(i.__ieee754_rem_pio2)
    __kernel_cos                             0x080099e9   Thumb Code   322  cos_i.o(i.__kernel_cos)
    __kernel_poly                            0x08009b59   Thumb Code   248  poly.o(i.__kernel_poly)
    __kernel_sin                             0x08009c51   Thumb Code   280  sin_i.o(i.__kernel_sin)
    __mathlib_dbl_infnan                     0x08009d81   Thumb Code    20  dunder.o(i.__mathlib_dbl_infnan)
    __mathlib_dbl_invalid                    0x08009d99   Thumb Code    24  dunder.o(i.__mathlib_dbl_invalid)
    __mathlib_dbl_overflow                   0x08009db9   Thumb Code    24  dunder.o(i.__mathlib_dbl_overflow)
    __mathlib_dbl_underflow                  0x08009dd9   Thumb Code    24  dunder.o(i.__mathlib_dbl_underflow)
    __scatterload_copy                       0x08009df9   Thumb Code    14  handlers.o(i.__scatterload_copy)
    __scatterload_null                       0x08009e07   Thumb Code     2  handlers.o(i.__scatterload_null)
    __scatterload_zeroinit                   0x08009e09   Thumb Code    14  handlers.o(i.__scatterload_zeroinit)
    __set_errno                              0x08009e19   Thumb Code     6  errno.o(i.__set_errno)
    fabs                                     0x0800a6e1   Thumb Code    24  fabs.o(i.fabs)
    main                                     0x0800a6f9   Thumb Code    96  app.o(i.main)
    APBAHBPrescTable                         0x0800a7f8   Data          16  stm32f4xx_hal_rcc.o(.constdata)
    SerialLine_Dflt                          0x0800a808   Data          16  serial_line_dflt.o(.constdata)
    SerialLine_TTY                           0x0800a818   Data          16  serial_line_tty.o(.constdata)
    SerialDrv_STM32_API                      0x0800a828   Data          40  serial_drv_stm32.o(.constdata)
    OSCfg_IdleTaskStkBasePtr                 0x0800a850   Data           4  os_cfg_app.o(.constdata)
    OSCfg_IdleTaskStkLimit                   0x0800a854   Data           4  os_cfg_app.o(.constdata)
    OSCfg_IdleTaskStkSize                    0x0800a858   Data           4  os_cfg_app.o(.constdata)
    OSCfg_IdleTaskStkSizeRAM                 0x0800a85c   Data           4  os_cfg_app.o(.constdata)
    OSCfg_IntQBasePtr                        0x0800a860   Data           4  os_cfg_app.o(.constdata)
    OSCfg_IntQSize                           0x0800a864   Data           2  os_cfg_app.o(.constdata)
    OSCfg_IntQSizeRAM                        0x0800a868   Data           4  os_cfg_app.o(.constdata)
    OSCfg_IntQTaskStkBasePtr                 0x0800a86c   Data           4  os_cfg_app.o(.constdata)
    OSCfg_IntQTaskStkLimit                   0x0800a870   Data           4  os_cfg_app.o(.constdata)
    OSCfg_IntQTaskStkSize                    0x0800a874   Data           4  os_cfg_app.o(.constdata)
    OSCfg_IntQTaskStkSizeRAM                 0x0800a878   Data           4  os_cfg_app.o(.constdata)
    OSCfg_ISRStkBasePtr                      0x0800a87c   Data           4  os_cfg_app.o(.constdata)
    OSCfg_ISRStkSize                         0x0800a880   Data           4  os_cfg_app.o(.constdata)
    OSCfg_ISRStkSizeRAM                      0x0800a884   Data           4  os_cfg_app.o(.constdata)
    OSCfg_MsgPoolSize                        0x0800a888   Data           2  os_cfg_app.o(.constdata)
    OSCfg_MsgPoolSizeRAM                     0x0800a88c   Data           4  os_cfg_app.o(.constdata)
    OSCfg_MsgPoolBasePtr                     0x0800a890   Data           4  os_cfg_app.o(.constdata)
    OSCfg_StatTaskPrio                       0x0800a894   Data           1  os_cfg_app.o(.constdata)
    OSCfg_StatTaskRate_Hz                    0x0800a898   Data           4  os_cfg_app.o(.constdata)
    OSCfg_StatTaskStkBasePtr                 0x0800a89c   Data           4  os_cfg_app.o(.constdata)
    OSCfg_StatTaskStkLimit                   0x0800a8a0   Data           4  os_cfg_app.o(.constdata)
    OSCfg_StatTaskStkSize                    0x0800a8a4   Data           4  os_cfg_app.o(.constdata)
    OSCfg_StatTaskStkSizeRAM                 0x0800a8a8   Data           4  os_cfg_app.o(.constdata)
    OSCfg_StkSizeMin                         0x0800a8ac   Data           4  os_cfg_app.o(.constdata)
    OSCfg_TickRate_Hz                        0x0800a8b0   Data           4  os_cfg_app.o(.constdata)
    OSCfg_TickTaskPrio                       0x0800a8b4   Data           1  os_cfg_app.o(.constdata)
    OSCfg_TickTaskStkBasePtr                 0x0800a8b8   Data           4  os_cfg_app.o(.constdata)
    OSCfg_TickTaskStkLimit                   0x0800a8bc   Data           4  os_cfg_app.o(.constdata)
    OSCfg_TickTaskStkSize                    0x0800a8c0   Data           4  os_cfg_app.o(.constdata)
    OSCfg_TickTaskStkSizeRAM                 0x0800a8c4   Data           4  os_cfg_app.o(.constdata)
    OSCfg_TmrTaskPrio                        0x0800a8c8   Data           1  os_cfg_app.o(.constdata)
    OSCfg_TmrTaskRate_Hz                     0x0800a8cc   Data           4  os_cfg_app.o(.constdata)
    OSCfg_TmrTaskStkBasePtr                  0x0800a8d0   Data           4  os_cfg_app.o(.constdata)
    OSCfg_TmrTaskStkLimit                    0x0800a8d4   Data           4  os_cfg_app.o(.constdata)
    OSCfg_TmrTaskStkSize                     0x0800a8d8   Data           4  os_cfg_app.o(.constdata)
    OSCfg_TmrTaskStkSizeRAM                  0x0800a8dc   Data           4  os_cfg_app.o(.constdata)
    OSCfg_DataSizeRAM                        0x0800a8e0   Data           4  os_cfg_app.o(.constdata)
    OSDbg_DbgEn                              0x0800a8e4   Data           1  os_dbg.o(.constdata)
    OSDbg_ArgChkEn                           0x0800a8e5   Data           1  os_dbg.o(.constdata)
    OSDbg_AppHooksEn                         0x0800a8e6   Data           1  os_dbg.o(.constdata)
    OSDbg_EndiannessTest                     0x0800a8e8   Data           4  os_dbg.o(.constdata)
    OSDbg_CalledFromISRChkEn                 0x0800a8ec   Data           1  os_dbg.o(.constdata)
    OSDbg_FlagEn                             0x0800a8ed   Data           1  os_dbg.o(.constdata)
    OSDbg_FlagGrp                            0x0800a8f0   Data          40  os_dbg.o(.constdata)
    OSDbg_FlagDelEn                          0x0800a918   Data           1  os_dbg.o(.constdata)
    OSDbg_FlagModeClrEn                      0x0800a919   Data           1  os_dbg.o(.constdata)
    OSDbg_FlagPendAbortEn                    0x0800a91a   Data           1  os_dbg.o(.constdata)
    OSDbg_FlagGrpSize                        0x0800a91c   Data           2  os_dbg.o(.constdata)
    OSDbg_FlagWidth                          0x0800a91e   Data           2  os_dbg.o(.constdata)
    OSDbg_IntQ                               0x0800a920   Data           2  os_dbg.o(.constdata)
    OSDbg_ISRPostDeferredEn                  0x0800a922   Data           1  os_dbg.o(.constdata)
    OSDbg_Mem                                0x0800a924   Data          32  os_dbg.o(.constdata)
    OSDbg_MemEn                              0x0800a944   Data           1  os_dbg.o(.constdata)
    OSDbg_MemSize                            0x0800a946   Data           2  os_dbg.o(.constdata)
    OSDbg_MsgEn                              0x0800a948   Data           1  os_dbg.o(.constdata)
    OSDbg_MsgSize                            0x0800a94a   Data           2  os_dbg.o(.constdata)
    OSDbg_MsgPoolSize                        0x0800a94c   Data           2  os_dbg.o(.constdata)
    OSDbg_MsgQSize                           0x0800a94e   Data           2  os_dbg.o(.constdata)
    OSDbg_Mutex                              0x0800a950   Data          48  os_dbg.o(.constdata)
    OSDbg_MutexEn                            0x0800a980   Data           1  os_dbg.o(.constdata)
    OSDbg_MutexDelEn                         0x0800a981   Data           1  os_dbg.o(.constdata)
    OSDbg_MutexPendAbortEn                   0x0800a982   Data           1  os_dbg.o(.constdata)
    OSDbg_MutexSize                          0x0800a984   Data           2  os_dbg.o(.constdata)
    OSDbg_ObjTypeChkEn                       0x0800a986   Data           1  os_dbg.o(.constdata)
    OSDbg_PendMultiEn                        0x0800a987   Data           1  os_dbg.o(.constdata)
    OSDbg_PendDataSize                       0x0800a988   Data           2  os_dbg.o(.constdata)
    OSDbg_PendListSize                       0x0800a98a   Data           2  os_dbg.o(.constdata)
    OSDbg_PendObjSize                        0x0800a98c   Data           2  os_dbg.o(.constdata)
    OSDbg_PrioMax                            0x0800a98e   Data           2  os_dbg.o(.constdata)
    OSDbg_PrioTblSize                        0x0800a990   Data           2  os_dbg.o(.constdata)
    OSDbg_PtrSize                            0x0800a992   Data           2  os_dbg.o(.constdata)
    OSDbg_Q                                  0x0800a994   Data          48  os_dbg.o(.constdata)
    OSDbg_QEn                                0x0800a9c4   Data           1  os_dbg.o(.constdata)
    OSDbg_QDelEn                             0x0800a9c5   Data           1  os_dbg.o(.constdata)
    OSDbg_QFlushEn                           0x0800a9c6   Data           1  os_dbg.o(.constdata)
    OSDbg_QPendAbortEn                       0x0800a9c7   Data           1  os_dbg.o(.constdata)
    OSDbg_QSize                              0x0800a9c8   Data           2  os_dbg.o(.constdata)
    OSDbg_SchedRoundRobinEn                  0x0800a9ca   Data           1  os_dbg.o(.constdata)
    OSDbg_Sem                                0x0800a9cc   Data          40  os_dbg.o(.constdata)
    OSDbg_SemEn                              0x0800a9f4   Data           1  os_dbg.o(.constdata)
    OSDbg_SemDelEn                           0x0800a9f5   Data           1  os_dbg.o(.constdata)
    OSDbg_SemPendAbortEn                     0x0800a9f6   Data           1  os_dbg.o(.constdata)
    OSDbg_SemSetEn                           0x0800a9f7   Data           1  os_dbg.o(.constdata)
    OSDbg_SemSize                            0x0800a9f8   Data           2  os_dbg.o(.constdata)
    OSDbg_RdyList                            0x0800a9fa   Data           2  os_dbg.o(.constdata)
    OSDbg_RdyListSize                        0x0800a9fc   Data           4  os_dbg.o(.constdata)
    OSDbg_StkWidth                           0x0800aa00   Data           1  os_dbg.o(.constdata)
    OSDbg_StatTaskEn                         0x0800aa01   Data           1  os_dbg.o(.constdata)
    OSDbg_StatTaskStkChkEn                   0x0800aa02   Data           1  os_dbg.o(.constdata)
    OSDbg_TaskChangePrioEn                   0x0800aa03   Data           1  os_dbg.o(.constdata)
    OSDbg_TaskDelEn                          0x0800aa04   Data           1  os_dbg.o(.constdata)
    OSDbg_TaskQEn                            0x0800aa05   Data           1  os_dbg.o(.constdata)
    OSDbg_TaskQPendAbortEn                   0x0800aa06   Data           1  os_dbg.o(.constdata)
    OSDbg_TaskProfileEn                      0x0800aa07   Data           1  os_dbg.o(.constdata)
    OSDbg_TaskRegTblSize                     0x0800aa08   Data           2  os_dbg.o(.constdata)
    OSDbg_TaskSemPendAbortEn                 0x0800aa0a   Data           1  os_dbg.o(.constdata)
    OSDbg_TaskSuspendEn                      0x0800aa0b   Data           1  os_dbg.o(.constdata)
    OSDbg_TCBSize                            0x0800aa0c   Data           2  os_dbg.o(.constdata)
    OSDbg_TickListSize                       0x0800aa0e   Data           2  os_dbg.o(.constdata)
    OSDbg_TimeDlyHMSMEn                      0x0800aa10   Data           1  os_dbg.o(.constdata)
    OSDbg_TimeDlyResumeEn                    0x0800aa11   Data           1  os_dbg.o(.constdata)
    OSDbg_TLS_TblSize                        0x0800aa12   Data           2  os_dbg.o(.constdata)
    OSDbg_Tmr                                0x0800aa14   Data          48  os_dbg.o(.constdata)
    OSDbg_TmrEn                              0x0800aa44   Data           1  os_dbg.o(.constdata)
    OSDbg_TmrDelEn                           0x0800aa45   Data           1  os_dbg.o(.constdata)
    OSDbg_TmrSize                            0x0800aa46   Data           2  os_dbg.o(.constdata)
    OSDbg_VersionNbr                         0x0800aa48   Data           2  os_dbg.o(.constdata)
    OSDbg_DataSize                           0x0800aa4c   Data           4  os_dbg.o(.constdata)
    Region$$Table$$Base                      0x0800abc8   Number         0  anon$$obj.o(Region$$Table)
    Region$$Table$$Limit                     0x0800abe8   Number         0  anon$$obj.o(Region$$Table)
    SerialDevCfg_STM32_USART1                0x20000004   Data          12  serial_bsp_stm3240x.o(.data)
    SerialDevCfg_STM32_USART2                0x20000010   Data          12  serial_bsp_stm3240x.o(.data)
    SerialDevCfg_STM32_USART3                0x2000001c   Data          12  serial_bsp_stm3240x.o(.data)
    SerialDevCfg_STM32_USART4                0x20000028   Data          12  serial_bsp_stm3240x.o(.data)
    SerialDevCfg_STM32_USART5                0x20000034   Data          12  serial_bsp_stm3240x.o(.data)
    SerialDevCfg_STM32_USART6                0x20000040   Data          12  serial_bsp_stm3240x.o(.data)
    SystemCoreClock                          0x20000064   Data           4  system_stm32f4xx.o(.data)
    AHBPrescTable                            0x20000068   Data          16  system_stm32f4xx.o(.data)
    CPU_TS_TmrFreq_Hz                        0x2000007c   Data           4  cpu_core.o(.data)
    CPU_IntDisMeasCtr                        0x20000080   Data           2  cpu_core.o(.data)
    CPU_IntDisNestCtr                        0x20000082   Data           2  cpu_core.o(.data)
    CPU_IntDisMeasStart_cnts                 0x20000084   Data           4  cpu_core.o(.data)
    CPU_IntDisMeasStop_cnts                  0x20000088   Data           4  cpu_core.o(.data)
    CPU_IntDisMeasOvrhd_cnts                 0x2000008c   Data           4  cpu_core.o(.data)
    CPU_IntDisMeasMaxCur_cnts                0x20000090   Data           4  cpu_core.o(.data)
    CPU_IntDisMeasMax_cnts                   0x20000094   Data           4  cpu_core.o(.data)
    Math_RandSeedCur                         0x20000098   Data           4  lib_math.o(.data)
    Mem_SegHeadPtr                           0x2000009c   Data           4  lib_mem.o(.data)
    OSPrioTbl                                0x200000a8   Data           4  os_prio.o(.data)
    OS_AppTaskCreateHookPtr                  0x200000ac   Data           4  os_var.o(.data)
    OS_AppTaskDelHookPtr                     0x200000b0   Data           4  os_var.o(.data)
    OS_AppTaskReturnHookPtr                  0x200000b4   Data           4  os_var.o(.data)
    OS_AppIdleTaskHookPtr                    0x200000b8   Data           4  os_var.o(.data)
    OS_AppStatTaskHookPtr                    0x200000bc   Data           4  os_var.o(.data)
    OS_AppTaskSwHookPtr                      0x200000c0   Data           4  os_var.o(.data)
    OS_AppTimeTickHookPtr                    0x200000c4   Data           4  os_var.o(.data)
    OSIdleTaskCtr                            0x200000c8   Data           4  os_var.o(.data)
    OSIntNestingCtr                          0x200000cc   Data           1  os_var.o(.data)
    OSIntDisTimeMax                          0x200000d0   Data           4  os_var.o(.data)
    OSRunning                                0x200000d4   Data           1  os_var.o(.data)
    OSFlagDbgListPtr                         0x200000d8   Data           4  os_var.o(.data)
    OSFlagQty                                0x200000dc   Data           2  os_var.o(.data)
    OSMemDbgListPtr                          0x200000e0   Data           4  os_var.o(.data)
    OSMemQty                                 0x200000e4   Data           2  os_var.o(.data)
    OSMutexDbgListPtr                        0x200000e8   Data           4  os_var.o(.data)
    OSMutexQty                               0x200000ec   Data           2  os_var.o(.data)
    OSPrioCur                                0x200000ee   Data           1  os_var.o(.data)
    OSPrioHighRdy                            0x200000ef   Data           1  os_var.o(.data)
    OSPrioSaved                              0x200000f0   Data           1  os_var.o(.data)
    OSQDbgListPtr                            0x200000f4   Data           4  os_var.o(.data)
    OSQQty                                   0x200000f8   Data           2  os_var.o(.data)
    OSSchedLockNestingCtr                    0x200000fa   Data           1  os_var.o(.data)
    OSSemDbgListPtr                          0x200000fc   Data           4  os_var.o(.data)
    OSSemQty                                 0x20000100   Data           2  os_var.o(.data)
    OSStatResetFlag                          0x20000102   Data           1  os_var.o(.data)
    OSStatTaskCPUUsage                       0x20000104   Data           2  os_var.o(.data)
    OSStatTaskCPUUsageMax                    0x20000106   Data           2  os_var.o(.data)
    OSStatTaskCtr                            0x20000108   Data           4  os_var.o(.data)
    OSStatTaskCtrMax                         0x2000010c   Data           4  os_var.o(.data)
    OSStatTaskCtrRun                         0x20000110   Data           4  os_var.o(.data)
    OSStatTaskRdy                            0x20000114   Data           1  os_var.o(.data)
    OSStatTaskTimeMax                        0x20000118   Data           4  os_var.o(.data)
    OSTaskCtxSwCtr                           0x2000011c   Data           4  os_var.o(.data)
    OSTaskDbgListPtr                         0x20000120   Data           4  os_var.o(.data)
    OSTaskQty                                0x20000124   Data           2  os_var.o(.data)
    OSTaskRegNextAvailID                     0x20000126   Data           1  os_var.o(.data)
    OSTickCtr                                0x20000128   Data           4  os_var.o(.data)
    OSTickTaskTimeMax                        0x2000012c   Data           4  os_var.o(.data)
    OSTickListDly                            0x20000130   Data           8  os_var.o(.data)
    OSTickListTimeout                        0x20000138   Data           8  os_var.o(.data)
    OSTmrDbgListPtr                          0x20000140   Data           4  os_var.o(.data)
    OSTmrListEntries                         0x20000144   Data           2  os_var.o(.data)
    OSTmrListPtr                             0x20000148   Data           4  os_var.o(.data)
    OSTmrQty                                 0x2000014c   Data           2  os_var.o(.data)
    OSTmrTaskTimeMax                         0x20000150   Data           4  os_var.o(.data)
    OSTmrTickCtr                             0x20000154   Data           4  os_var.o(.data)
    OSTmrUpdateCnt                           0x20000158   Data           4  os_var.o(.data)
    OSTmrUpdateCtr                           0x2000015c   Data           4  os_var.o(.data)
    OSTCBCurPtr                              0x20000160   Data           4  os_var.o(.data)
    OSTCBHighRdyPtr                          0x20000164   Data           4  os_var.o(.data)
    OS_CPU_ExceptStkBase                     0x20000168   Data           4  os_cpu_c.o(.data)
    CPU_Name                                 0x20002350   Data          16  cpu_core.o(.bss)
    Mem_Heap                                 0x20002360   Data        1024  lib_mem.o(.bss)
    Mem_SegHeap                              0x20002760   Data          20  lib_mem.o(.bss)
    OSCfg_IdleTaskStk                        0x2000290c   Data         512  os_cfg_app.o(.bss)
    OSCfg_ISRStk                             0x20002b0c   Data         400  os_cfg_app.o(.bss)
    OSCfg_MsgPool                            0x20002c9c   Data        1600  os_cfg_app.o(.bss)
    OSCfg_StatTaskStk                        0x200032dc   Data         400  os_cfg_app.o(.bss)
    OSCfg_TickTaskStk                        0x2000346c   Data         512  os_cfg_app.o(.bss)
    OSCfg_TmrTaskStk                         0x2000366c   Data         512  os_cfg_app.o(.bss)
    OSIdleTaskTCB                            0x2000386c   Data         192  os_var.o(.bss)
    OSMsgPool                                0x2000392c   Data          12  os_var.o(.bss)
    OSRdyList                                0x20003938   Data         384  os_var.o(.bss)
    OSStatTaskTCB                            0x20003ab8   Data         192  os_var.o(.bss)
    OSTickTaskTCB                            0x20003b78   Data         192  os_var.o(.bss)
    OSTmrMutex                               0x20003c38   Data          48  os_var.o(.bss)
    OSTmrTaskTCB                             0x20003c68   Data         192  os_var.o(.bss)
    __initial_sp                             0x20003f28   Data           0  startup.o(STACK)



==============================================================================

Memory Map of the image

  Image Entry point : 0x08000189

  Load Region LR_IROM1 (Base: 0x08000000, Size: 0x0000ad58, Max: 0x00100000, ABSOLUTE, COMPRESSED[0x0000ac24])

    Execution Region ER_IROM1 (Exec base: 0x08000000, Load base: 0x08000000, Size: 0x0000abe8, Max: 0x00100000, ABSOLUTE)

    Exec Addr    Load Addr    Size         Type   Attr      Idx    E Section Name        Object

    0x08000000   0x08000000   0x00000188   Data   RO         1727    RESET               startup.o
    0x08000188   0x08000188   0x00000000   Code   RO        11050  * .ARM.Collect$$$$00000000  mc_w.l(entry.o)
    0x08000188   0x08000188   0x00000004   Code   RO        11369    .ARM.Collect$$$$00000001  mc_w.l(entry2.o)
    0x0800018c   0x0800018c   0x00000004   Code   RO        11372    .ARM.Collect$$$$00000004  mc_w.l(entry5.o)
    0x08000190   0x08000190   0x00000000   Code   RO        11374    .ARM.Collect$$$$00000008  mc_w.l(entry7b.o)
    0x08000190   0x08000190   0x00000000   Code   RO        11376    .ARM.Collect$$$$0000000A  mc_w.l(entry8b.o)
    0x08000190   0x08000190   0x00000008   Code   RO        11377    .ARM.Collect$$$$0000000B  mc_w.l(entry9a.o)
    0x08000198   0x08000198   0x00000000   Code   RO        11379    .ARM.Collect$$$$0000000D  mc_w.l(entry10a.o)
    0x08000198   0x08000198   0x00000000   Code   RO        11381    .ARM.Collect$$$$0000000F  mc_w.l(entry11a.o)
    0x08000198   0x08000198   0x00000004   Code   RO        11370    .ARM.Collect$$$$00002712  mc_w.l(entry2.o)
    0x0800019c   0x0800019c   0x00000048   Code   RO         1728    .text               startup.o
    0x080001e4   0x080001e4   0x00000034   Code   RO         8848    .text               cpu_a.o
    0x08000218   0x08000218   0x00000062   Code   RO        11053    .text               mc_w.l(uldiv.o)
    0x0800027a   0x0800027a   0x0000014e   Code   RO        11322    .text               mf_w.l(dadd.o)
    0x080003c8   0x080003c8   0x000000e4   Code   RO        11324    .text               mf_w.l(dmul.o)
    0x080004ac   0x080004ac   0x000000de   Code   RO        11326    .text               mf_w.l(ddiv.o)
    0x0800058a   0x0800058a   0x00000026   Code   RO        11328    .text               mf_w.l(f2d.o)
    0x080005b0   0x080005b0   0x00000030   Code   RO        11330    .text               mf_w.l(cdcmple.o)
    0x080005e0   0x080005e0   0x00000030   Code   RO        11332    .text               mf_w.l(cdrcmple.o)
    0x08000610   0x08000610   0x00000038   Code   RO        11334    .text               mf_w.l(d2f.o)
    0x08000648   0x08000648   0x0000002c   Code   RO        11386    .text               mc_w.l(uidiv.o)
    0x08000674   0x08000674   0x0000001e   Code   RO        11388    .text               mc_w.l(llshl.o)
    0x08000692   0x08000692   0x00000020   Code   RO        11390    .text               mc_w.l(llushr.o)
    0x080006b2   0x080006b2   0x00000024   Code   RO        11392    .text               mc_w.l(llsshr.o)
    0x080006d6   0x080006d6   0x00000000   Code   RO        11401    .text               mc_w.l(iusefp.o)
    0x080006d6   0x080006d6   0x0000006e   Code   RO        11402    .text               mf_w.l(fepilogue.o)
    0x08000744   0x08000744   0x000000ba   Code   RO        11404    .text               mf_w.l(depilogue.o)
    0x080007fe   0x080007fe   0x00000022   Code   RO        11408    .text               mf_w.l(dflti.o)
    0x08000820   0x08000820   0x0000003e   Code   RO        11410    .text               mf_w.l(dfixi.o)
    0x0800085e   0x0800085e   0x00000030   Code   RO        11412    .text               mf_w.l(dfixul.o)
    0x0800088e   0x0800088e   0x00000002   PAD
    0x08000890   0x08000890   0x00000024   Code   RO        11420    .text               mc_w.l(init.o)
    0x080008b4   0x080008b4   0x0000001a   Code   RO        11424    .text               mf_w.l(dfltui.o)
    0x080008ce   0x080008ce   0x00000056   Code   RO        11434    .text               mc_w.l(__dczerorl2.o)
    0x08000924   0x08000924   0x00000118   Code   RO        10924    CODE                os_cpu_a.o
    0x08000a3c   0x08000a3c   0x00000090   Code   RO            3    i.AppObjCreate      app.o
    0x08000acc   0x08000acc   0x00000128   Code   RO            4    i.AppTaskCreate     app.o
    0x08000bf4   0x08000bf4   0x00000408   Code   RO            5    i.AppTaskEq0Fp      app.o
    0x08000ffc   0x08000ffc   0x000002c8   Code   RO            6    i.AppTaskEq1Fp      app.o
    0x080012c4   0x080012c4   0x000000a4   Code   RO            7    i.AppTaskObj0       app.o
    0x08001368   0x08001368   0x000000a4   Code   RO            8    i.AppTaskObj1       app.o
    0x0800140c   0x0800140c   0x0000011c   Code   RO            9    i.AppTaskStart      app.o
    0x08001528   0x08001528   0x00000002   Code   RO          445    i.App_OS_IdleTaskHook  os_app_hooks.o
    0x0800152a   0x0800152a   0x00000002   PAD
    0x0800152c   0x0800152c   0x0000008c   Code   RO          447    i.App_OS_SetAllHooks  os_app_hooks.o
    0x080015b8   0x080015b8   0x00000002   Code   RO          448    i.App_OS_StatTaskHook  os_app_hooks.o
    0x080015ba   0x080015ba   0x00000002   Code   RO          449    i.App_OS_TaskCreateHook  os_app_hooks.o
    0x080015bc   0x080015bc   0x00000002   Code   RO          450    i.App_OS_TaskDelHook  os_app_hooks.o
    0x080015be   0x080015be   0x00000002   Code   RO          451    i.App_OS_TaskReturnHook  os_app_hooks.o
    0x080015c0   0x080015c0   0x00000002   Code   RO          452    i.App_OS_TaskSwHook  os_app_hooks.o
    0x080015c2   0x080015c2   0x00000008   Code   RO          453    i.App_OS_TimeTickHook  os_app_hooks.o
    0x080015ca   0x080015ca   0x00000002   PAD
    0x080015cc   0x080015cc   0x00000040   Code   RO          372    i.App_SerPrintf     app_serial.o
    0x0800160c   0x0800160c   0x00000098   Code   RO          375    i.App_SerialInit    app_serial.o
    0x080016a4   0x080016a4   0x0000000c   Code   RO          713    i.BSP_CPU_ClkFreq   bsp.o
    0x080016b0   0x080016b0   0x000000b8   Code   RO          714    i.BSP_Init          bsp.o
    0x08001768   0x08001768   0x00000008   Code   RO          801    i.BSP_IntDisAll     bsp_int.o
    0x08001770   0x08001770   0x00000014   Code   RO          802    i.BSP_IntEn         bsp_int.o
    0x08001784   0x08001784   0x00000048   Code   RO          803    i.BSP_IntHandler    bsp_int.o
    0x080017cc   0x080017cc   0x0000000a   Code   RO          804    i.BSP_IntHandlerADC  bsp_int.o
    0x080017d6   0x080017d6   0x0000000a   Code   RO          805    i.BSP_IntHandlerCAN1_RX0  bsp_int.o
    0x080017e0   0x080017e0   0x0000000a   Code   RO          806    i.BSP_IntHandlerCAN1_RX1  bsp_int.o
    0x080017ea   0x080017ea   0x0000000a   Code   RO          807    i.BSP_IntHandlerCAN1_SCE  bsp_int.o
    0x080017f4   0x080017f4   0x0000000a   Code   RO          808    i.BSP_IntHandlerCAN1_TX  bsp_int.o
    0x080017fe   0x080017fe   0x0000000a   Code   RO          809    i.BSP_IntHandlerCAN2_RX0  bsp_int.o
    0x08001808   0x08001808   0x0000000a   Code   RO          810    i.BSP_IntHandlerCAN2_RX1  bsp_int.o
    0x08001812   0x08001812   0x0000000a   Code   RO          811    i.BSP_IntHandlerCAN2_SCE  bsp_int.o
    0x0800181c   0x0800181c   0x0000000a   Code   RO          812    i.BSP_IntHandlerCAN2_TX  bsp_int.o
    0x08001826   0x08001826   0x0000000a   Code   RO          813    i.BSP_IntHandlerCRYP  bsp_int.o
    0x08001830   0x08001830   0x0000000a   Code   RO          814    i.BSP_IntHandlerDCMI  bsp_int.o
    0x0800183a   0x0800183a   0x0000000a   Code   RO          815    i.BSP_IntHandlerDMA1_CH0  bsp_int.o
    0x08001844   0x08001844   0x0000000a   Code   RO          816    i.BSP_IntHandlerDMA1_CH1  bsp_int.o
    0x0800184e   0x0800184e   0x0000000a   Code   RO          817    i.BSP_IntHandlerDMA1_CH2  bsp_int.o
    0x08001858   0x08001858   0x0000000a   Code   RO          818    i.BSP_IntHandlerDMA1_CH3  bsp_int.o
    0x08001862   0x08001862   0x0000000a   Code   RO          819    i.BSP_IntHandlerDMA1_CH4  bsp_int.o
    0x0800186c   0x0800186c   0x0000000a   Code   RO          820    i.BSP_IntHandlerDMA1_CH5  bsp_int.o
    0x08001876   0x08001876   0x0000000a   Code   RO          821    i.BSP_IntHandlerDMA1_CH6  bsp_int.o
    0x08001880   0x08001880   0x0000000a   Code   RO          822    i.BSP_IntHandlerDMA1_STREAM7  bsp_int.o
    0x0800188a   0x0800188a   0x0000000a   Code   RO          823    i.BSP_IntHandlerDMA2_CH0  bsp_int.o
    0x08001894   0x08001894   0x0000000a   Code   RO          824    i.BSP_IntHandlerDMA2_CH1  bsp_int.o
    0x0800189e   0x0800189e   0x0000000a   Code   RO          825    i.BSP_IntHandlerDMA2_CH2  bsp_int.o
    0x080018a8   0x080018a8   0x0000000a   Code   RO          826    i.BSP_IntHandlerDMA2_CH3  bsp_int.o
    0x080018b2   0x080018b2   0x0000000a   Code   RO          827    i.BSP_IntHandlerDMA2_CH4  bsp_int.o
    0x080018bc   0x080018bc   0x0000000a   Code   RO          828    i.BSP_IntHandlerDMA2_CH5  bsp_int.o
    0x080018c6   0x080018c6   0x0000000a   Code   RO          829    i.BSP_IntHandlerDMA2_CH6  bsp_int.o
    0x080018d0   0x080018d0   0x0000000a   Code   RO          830    i.BSP_IntHandlerDMA2_CH7  bsp_int.o
    0x080018da   0x080018da   0x00000004   Code   RO          831    i.BSP_IntHandlerDummy  bsp_int.o
    0x080018de   0x080018de   0x0000000a   Code   RO          832    i.BSP_IntHandlerETH  bsp_int.o
    0x080018e8   0x080018e8   0x0000000a   Code   RO          833    i.BSP_IntHandlerETHWakeup  bsp_int.o
    0x080018f2   0x080018f2   0x0000000a   Code   RO          834    i.BSP_IntHandlerEXTI0  bsp_int.o
    0x080018fc   0x080018fc   0x0000000a   Code   RO          835    i.BSP_IntHandlerEXTI1  bsp_int.o
    0x08001906   0x08001906   0x0000000a   Code   RO          836    i.BSP_IntHandlerEXTI15_10  bsp_int.o
    0x08001910   0x08001910   0x0000000a   Code   RO          837    i.BSP_IntHandlerEXTI2  bsp_int.o
    0x0800191a   0x0800191a   0x0000000a   Code   RO          838    i.BSP_IntHandlerEXTI3  bsp_int.o
    0x08001924   0x08001924   0x0000000a   Code   RO          839    i.BSP_IntHandlerEXTI4  bsp_int.o
    0x0800192e   0x0800192e   0x0000000a   Code   RO          840    i.BSP_IntHandlerEXTI9_5  bsp_int.o
    0x08001938   0x08001938   0x0000000a   Code   RO          841    i.BSP_IntHandlerFLASH  bsp_int.o
    0x08001942   0x08001942   0x0000000a   Code   RO          842    i.BSP_IntHandlerFPU  bsp_int.o
    0x0800194c   0x0800194c   0x0000000a   Code   RO          843    i.BSP_IntHandlerFSMC  bsp_int.o
    0x08001956   0x08001956   0x0000000a   Code   RO          844    i.BSP_IntHandlerHASH_RNG  bsp_int.o
    0x08001960   0x08001960   0x0000000a   Code   RO          845    i.BSP_IntHandlerI2C1_ER  bsp_int.o
    0x0800196a   0x0800196a   0x0000000a   Code   RO          846    i.BSP_IntHandlerI2C1_EV  bsp_int.o
    0x08001974   0x08001974   0x0000000a   Code   RO          847    i.BSP_IntHandlerI2C2_ER  bsp_int.o
    0x0800197e   0x0800197e   0x0000000a   Code   RO          848    i.BSP_IntHandlerI2C2_EV  bsp_int.o
    0x08001988   0x08001988   0x0000000a   Code   RO          849    i.BSP_IntHandlerI2C3_ER  bsp_int.o
    0x08001992   0x08001992   0x0000000a   Code   RO          850    i.BSP_IntHandlerI2C3_EV  bsp_int.o
    0x0800199c   0x0800199c   0x0000000a   Code   RO          851    i.BSP_IntHandlerOTG_FS  bsp_int.o
    0x080019a6   0x080019a6   0x0000000a   Code   RO          852    i.BSP_IntHandlerOTG_FS_WKUP  bsp_int.o
    0x080019b0   0x080019b0   0x0000000a   Code   RO          853    i.BSP_IntHandlerOTG_HS  bsp_int.o
    0x080019ba   0x080019ba   0x0000000a   Code   RO          854    i.BSP_IntHandlerOTG_HS_EP1_IN  bsp_int.o
    0x080019c4   0x080019c4   0x0000000a   Code   RO          855    i.BSP_IntHandlerOTG_HS_EP1_OUT  bsp_int.o
    0x080019ce   0x080019ce   0x0000000a   Code   RO          856    i.BSP_IntHandlerOTG_HS_WKUP  bsp_int.o
    0x080019d8   0x080019d8   0x0000000a   Code   RO          857    i.BSP_IntHandlerPVD  bsp_int.o
    0x080019e2   0x080019e2   0x0000000a   Code   RO          858    i.BSP_IntHandlerRCC  bsp_int.o
    0x080019ec   0x080019ec   0x0000000a   Code   RO          859    i.BSP_IntHandlerRTCAlarm  bsp_int.o
    0x080019f6   0x080019f6   0x0000000a   Code   RO          860    i.BSP_IntHandlerRTC_WKUP  bsp_int.o
    0x08001a00   0x08001a00   0x0000000a   Code   RO          861    i.BSP_IntHandlerSDIO  bsp_int.o
    0x08001a0a   0x08001a0a   0x0000000a   Code   RO          862    i.BSP_IntHandlerSPI1  bsp_int.o
    0x08001a14   0x08001a14   0x0000000a   Code   RO          863    i.BSP_IntHandlerSPI2  bsp_int.o
    0x08001a1e   0x08001a1e   0x0000000a   Code   RO          864    i.BSP_IntHandlerSPI3  bsp_int.o
    0x08001a28   0x08001a28   0x0000000a   Code   RO          865    i.BSP_IntHandlerTAMP_STAMP  bsp_int.o
    0x08001a32   0x08001a32   0x0000000a   Code   RO          866    i.BSP_IntHandlerTIM1_BRK_TIM9  bsp_int.o
    0x08001a3c   0x08001a3c   0x0000000a   Code   RO          867    i.BSP_IntHandlerTIM1_CC  bsp_int.o
    0x08001a46   0x08001a46   0x0000000a   Code   RO          868    i.BSP_IntHandlerTIM1_TRG_COM_TIM11  bsp_int.o
    0x08001a50   0x08001a50   0x0000000a   Code   RO          869    i.BSP_IntHandlerTIM1_UP_TIM10  bsp_int.o
    0x08001a5a   0x08001a5a   0x0000000a   Code   RO          870    i.BSP_IntHandlerTIM2  bsp_int.o
    0x08001a64   0x08001a64   0x0000000a   Code   RO          871    i.BSP_IntHandlerTIM3  bsp_int.o
    0x08001a6e   0x08001a6e   0x0000000a   Code   RO          872    i.BSP_IntHandlerTIM4  bsp_int.o
    0x08001a78   0x08001a78   0x0000000a   Code   RO          873    i.BSP_IntHandlerTIM5  bsp_int.o
    0x08001a82   0x08001a82   0x0000000a   Code   RO          874    i.BSP_IntHandlerTIM6_DAC  bsp_int.o
    0x08001a8c   0x08001a8c   0x0000000a   Code   RO          875    i.BSP_IntHandlerTIM7  bsp_int.o
    0x08001a96   0x08001a96   0x0000000a   Code   RO          876    i.BSP_IntHandlerTIM8_BRK_TIM12  bsp_int.o
    0x08001aa0   0x08001aa0   0x0000000a   Code   RO          877    i.BSP_IntHandlerTIM8_CC  bsp_int.o
    0x08001aaa   0x08001aaa   0x0000000a   Code   RO          878    i.BSP_IntHandlerTIM8_TRG_COM_TIM14  bsp_int.o
    0x08001ab4   0x08001ab4   0x0000000a   Code   RO          879    i.BSP_IntHandlerTIM8_UP_TIM13  bsp_int.o
    0x08001abe   0x08001abe   0x0000000a   Code   RO          880    i.BSP_IntHandlerUSART1  bsp_int.o
    0x08001ac8   0x08001ac8   0x0000000a   Code   RO          881    i.BSP_IntHandlerUSART2  bsp_int.o
    0x08001ad2   0x08001ad2   0x0000000a   Code   RO          882    i.BSP_IntHandlerUSART3  bsp_int.o
    0x08001adc   0x08001adc   0x0000000a   Code   RO          883    i.BSP_IntHandlerUSART4  bsp_int.o
    0x08001ae6   0x08001ae6   0x0000000a   Code   RO          884    i.BSP_IntHandlerUSART5  bsp_int.o
    0x08001af0   0x08001af0   0x0000000a   Code   RO          885    i.BSP_IntHandlerUSART6  bsp_int.o
    0x08001afa   0x08001afa   0x0000000a   Code   RO          886    i.BSP_IntHandlerWWDG  bsp_int.o
    0x08001b04   0x08001b04   0x0000001c   Code   RO          887    i.BSP_IntInit       bsp_int.o
    0x08001b20   0x08001b20   0x0000003c   Code   RO          889    i.BSP_IntVectSet    bsp_int.o
    0x08001b5c   0x08001b5c   0x0000005c   Code   RO          715    i.BSP_LED_Init      bsp.o
    0x08001bb8   0x08001bb8   0x0000007c   Code   RO          716    i.BSP_LED_Off       bsp.o
    0x08001c34   0x08001c34   0x00000070   Code   RO          718    i.BSP_LED_Toggle    bsp.o
    0x08001ca4   0x08001ca4   0x00000158   Code   RO         1351    i.BSP_PeriphClkFreqGet  bsp_periph.o
    0x08001dfc   0x08001dfc   0x00000194   Code   RO         1352    i.BSP_PeriphDis     bsp_periph.o
    0x08001f90   0x08001f90   0x00000194   Code   RO         1353    i.BSP_PeriphEn      bsp_periph.o
    0x08002124   0x08002124   0x0000001c   Code   RO          719    i.BSP_Tick_Init     bsp.o
    0x08002140   0x08002140   0x00000010   Code   RO         8684    i.CPU_Init          cpu_core.o
    0x08002150   0x08002150   0x00000084   Code   RO         8685    i.CPU_IntDisMeasInit  cpu_core.o
    0x080021d4   0x080021d4   0x0000001c   Code   RO         8686    i.CPU_IntDisMeasMaxCalc  cpu_core.o
    0x080021f0   0x080021f0   0x0000002c   Code   RO         8687    i.CPU_IntDisMeasMaxCurGet  cpu_core.o
    0x0800221c   0x0800221c   0x0000002c   Code   RO         8688    i.CPU_IntDisMeasMaxCurReset  cpu_core.o
    0x08002248   0x08002248   0x0000002c   Code   RO         8689    i.CPU_IntDisMeasMaxGet  cpu_core.o
    0x08002274   0x08002274   0x00000034   Code   RO         8690    i.CPU_IntDisMeasStart  cpu_core.o
    0x080022a8   0x080022a8   0x00000054   Code   RO         8691    i.CPU_IntDisMeasStop  cpu_core.o
    0x080022fc   0x080022fc   0x00000178   Code   RO         8854    i.CPU_IntSrcEn      cpu_c.o
    0x08002474   0x08002474   0x00000038   Code   RO         8692    i.CPU_NameClr       cpu_core.o
    0x080024ac   0x080024ac   0x00000008   Code   RO         8694    i.CPU_NameInit      cpu_core.o
    0x080024b4   0x080024b4   0x0000006c   Code   RO         8695    i.CPU_NameSet       cpu_core.o
    0x08002520   0x08002520   0x00000004   Code   RO         8697    i.CPU_SW_Exception  cpu_core.o
    0x08002524   0x08002524   0x00000014   Code   RO         8699    i.CPU_TS_Init       cpu_core.o
    0x08002538   0x08002538   0x0000000c   Code   RO         8701    i.CPU_TS_TmrFreqSet  cpu_core.o
    0x08002544   0x08002544   0x00000034   Code   RO         1376    i.CPU_TS_TmrInit    cpu_bsp.o
    0x08002578   0x08002578   0x0000000c   Code   RO         1377    i.CPU_TS_TmrRd      cpu_bsp.o
    0x08002584   0x08002584   0x00000208   Code   RO         3448    i.HAL_GPIO_Init     stm32f4xx_hal_gpio.o
    0x0800278c   0x0800278c   0x00000008   Code   RO         3451    i.HAL_GPIO_TogglePin  stm32f4xx_hal_gpio.o
    0x08002794   0x08002794   0x0000000c   Code   RO         3452    i.HAL_GPIO_WritePin  stm32f4xx_hal_gpio.o
    0x080027a0   0x080027a0   0x0000000c   Code   RO         1785    i.HAL_GetREVID      stm32f4xx_hal.o
    0x080027ac   0x080027ac   0x0000000c   Code   RO         1786    i.HAL_GetTick       stm32f4xx_hal.o
    0x080027b8   0x080027b8   0x00000010   Code   RO         1787    i.HAL_IncTick       stm32f4xx_hal.o
    0x080027c8   0x080027c8   0x0000003c   Code   RO         1788    i.HAL_Init          stm32f4xx_hal.o
    0x08002804   0x08002804   0x0000001c   Code   RO          720    i.HAL_InitTick      bsp.o
    0x08002820   0x08002820   0x00000002   Code   RO         4558    i.HAL_MspInit       stm32f4xx_hal_msp_template.o
    0x08002822   0x08002822   0x00000002   PAD
    0x08002824   0x08002824   0x00000028   Code   RO         2331    i.HAL_NVIC_SetPriorityGrouping  stm32f4xx_hal_cortex.o
    0x0800284c   0x0800284c   0x000002b0   Code   RO         5361    i.HAL_RCC_ClockConfig  stm32f4xx_hal_rcc.o
    0x08002afc   0x08002afc   0x00000070   Code   RO         5362    i.HAL_RCC_DeInit    stm32f4xx_hal_rcc.o
    0x08002b6c   0x08002b6c   0x00000038   Code   RO         5366    i.HAL_RCC_GetHCLKFreq  stm32f4xx_hal_rcc.o
    0x08002ba4   0x08002ba4   0x000000b4   Code   RO         5370    i.HAL_RCC_GetSysClockFreq  stm32f4xx_hal_rcc.o
    0x08002c58   0x08002c58   0x00000404   Code   RO         5373    i.HAL_RCC_OscConfig  stm32f4xx_hal_rcc.o
    0x0800305c   0x0800305c   0x0000000a   Code   RO         9007    i.Math_Init         lib_math.o
    0x08003066   0x08003066   0x00000002   PAD
    0x08003068   0x08003068   0x00000040   Code   RO         9008    i.Math_Rand         lib_math.o
    0x080030a8   0x080030a8   0x00000018   Code   RO         9009    i.Math_RandSeed     lib_math.o
    0x080030c0   0x080030c0   0x00000034   Code   RO         9010    i.Math_RandSetSeed  lib_math.o
    0x080030f4   0x080030f4   0x00000012   Code   RO         9052    i.Mem_Clr           lib_mem.o
    0x08003106   0x08003106   0x00000002   PAD
    0x08003108   0x08003108   0x0000003c   Code   RO         9060    i.Mem_HeapAlloc     lib_mem.o
    0x08003144   0x08003144   0x00000048   Code   RO         9062    i.Mem_Init          lib_mem.o
    0x0800318c   0x0800318c   0x0000006c   Code   RO         9064    i.Mem_PoolBlkFree   lib_mem.o
    0x080031f8   0x080031f8   0x00000064   Code   RO         9065    i.Mem_PoolBlkGet    lib_mem.o
    0x0800325c   0x0800325c   0x00000016   Code   RO         9067    i.Mem_PoolClr       lib_mem.o
    0x08003272   0x08003272   0x00000002   PAD
    0x08003274   0x08003274   0x000001b8   Code   RO         9068    i.Mem_PoolCreate    lib_mem.o
    0x0800342c   0x0800342c   0x000000a4   Code   RO         9071    i.Mem_SegAllocExtCritical  lib_mem.o
    0x080034d0   0x080034d0   0x00000070   Code   RO         9073    i.Mem_SegAllocInternal  lib_mem.o
    0x08003540   0x08003540   0x00000052   Code   RO         9075    i.Mem_SegCreate     lib_mem.o
    0x08003592   0x08003592   0x00000002   PAD
    0x08003594   0x08003594   0x00000020   Code   RO         9076    i.Mem_SegCreateCritical  lib_mem.o
    0x080035b4   0x080035b4   0x00000058   Code   RO         9077    i.Mem_SegOverlapChkCritical  lib_mem.o
    0x0800360c   0x0800360c   0x00000054   Code   RO         9079    i.Mem_Set           lib_mem.o
    0x08003660   0x08003660   0x00000002   Code   RO         9888    i.OSCfg_Init        os_cfg_app.o
    0x08003662   0x08003662   0x00000002   PAD
    0x08003664   0x08003664   0x00000068   Code   RO        10133    i.OSFlagCreate      os_flag.o
    0x080036cc   0x080036cc   0x00000308   Code   RO        10134    i.OSFlagPend        os_flag.o
    0x080039d4   0x080039d4   0x00000040   Code   RO        10136    i.OSFlagPost        os_flag.o
    0x08003a14   0x08003a14   0x00000014   Code   RO        10927    i.OSIdleTaskHook    os_cpu_c.o
    0x08003a28   0x08003a28   0x0000014c   Code   RO         9914    i.OSInit            os_core.o
    0x08003b74   0x08003b74   0x00000028   Code   RO        10928    i.OSInitHook        os_cpu_c.o
    0x08003b9c   0x08003b9c   0x0000002c   Code   RO         9915    i.OSIntEnter        os_core.o
    0x08003bc8   0x08003bc8   0x000000dc   Code   RO         9916    i.OSIntExit         os_core.o
    0x08003ca4   0x08003ca4   0x0000006c   Code   RO        10283    i.OSMutexCreate     os_mutex.o
    0x08003d10   0x08003d10   0x000001ec   Code   RO        10284    i.OSMutexPend       os_mutex.o
    0x08003efc   0x08003efc   0x0000017c   Code   RO        10285    i.OSMutexPost       os_mutex.o
    0x08004078   0x08004078   0x0000006c   Code   RO        10422    i.OSQCreate         os_q.o
    0x080040e4   0x080040e4   0x000001a0   Code   RO        10423    i.OSQPend           os_q.o
    0x08004284   0x08004284   0x00000040   Code   RO        10425    i.OSQPost           os_q.o
    0x080042c4   0x080042c4   0x000000a4   Code   RO         9917    i.OSSched           os_core.o
    0x08004368   0x08004368   0x00000064   Code   RO         9918    i.OSSchedLock       os_core.o
    0x080043cc   0x080043cc   0x00000088   Code   RO         9919    i.OSSchedUnlock     os_core.o
    0x08004454   0x08004454   0x00000068   Code   RO        10482    i.OSSemCreate       os_sem.o
    0x080044bc   0x080044bc   0x00000114   Code   RO        10483    i.OSSemDel          os_sem.o
    0x080045d0   0x080045d0   0x00000188   Code   RO        10484    i.OSSemPend         os_sem.o
    0x08004758   0x08004758   0x000000b4   Code   RO        10485    i.OSSemPendAbort    os_sem.o
    0x0800480c   0x0800480c   0x0000003c   Code   RO        10486    i.OSSemPost         os_sem.o
    0x08004848   0x08004848   0x00000068   Code   RO         9920    i.OSStart           os_core.o
    0x080048b0   0x080048b0   0x00000148   Code   RO        10554    i.OSStatReset       os_stat.o
    0x080049f8   0x080049f8   0x00000100   Code   RO        10555    i.OSStatTaskCPUUsageInit  os_stat.o
    0x08004af8   0x08004af8   0x00000014   Code   RO        10929    i.OSStatTaskHook    os_cpu_c.o
    0x08004b0c   0x08004b0c   0x00000144   Code   RO        10585    i.OSTaskCreate      os_task.o
    0x08004c50   0x08004c50   0x00000018   Code   RO        10930    i.OSTaskCreateHook  os_cpu_c.o
    0x08004c68   0x08004c68   0x00000036   Code   RO        10592    i.OSTaskResume      os_task.o
    0x08004c9e   0x08004c9e   0x00000002   PAD
    0x08004ca0   0x08004ca0   0x00000018   Code   RO        10932    i.OSTaskReturnHook  os_cpu_c.o
    0x08004cb8   0x08004cb8   0x000001c8   Code   RO        10593    i.OSTaskSemPend     os_task.o
    0x08004e80   0x08004e80   0x00000024   Code   RO        10595    i.OSTaskSemPost     os_task.o
    0x08004ea4   0x08004ea4   0x000000bc   Code   RO        10597    i.OSTaskStkChk      os_task.o
    0x08004f60   0x08004f60   0x000002c4   Code   RO        10933    i.OSTaskStkInit     os_cpu_c.o
    0x08005224   0x08005224   0x00000024   Code   RO        10598    i.OSTaskSuspend     os_task.o
    0x08005248   0x08005248   0x000000ac   Code   RO        10934    i.OSTaskSwHook      os_cpu_c.o
    0x080052f4   0x080052f4   0x000000b0   Code   RO        10786    i.OSTimeDly         os_time.o
    0x080053a4   0x080053a4   0x00000114   Code   RO        10787    i.OSTimeDlyHMSM     os_time.o
    0x080054b8   0x080054b8   0x00000044   Code   RO        10790    i.OSTimeTick        os_time.o
    0x080054fc   0x080054fc   0x00000014   Code   RO        10935    i.OSTimeTickHook    os_cpu_c.o
    0x08005510   0x08005510   0x00000040   Code   RO        10936    i.OS_CPU_SysTickHandler  os_cpu_c.o
    0x08005550   0x08005550   0x00000030   Code   RO        10937    i.OS_CPU_SysTickInit  os_cpu_c.o
    0x08005580   0x08005580   0x000001a8   Code   RO        10118    i.OS_Dbg_Init       os_dbg.o
    0x08005728   0x08005728   0x0000003c   Code   RO        10137    i.OS_FlagBlock      os_flag.o
    0x08005764   0x08005764   0x00000030   Code   RO        10139    i.OS_FlagDbgListAdd  os_flag.o
    0x08005794   0x08005794   0x00000018   Code   RO        10141    i.OS_FlagInit       os_flag.o
    0x080057ac   0x080057ac   0x00000174   Code   RO        10142    i.OS_FlagPost       os_flag.o
    0x08005920   0x08005920   0x00000064   Code   RO        10143    i.OS_FlagTaskRdy    os_flag.o
    0x08005984   0x08005984   0x0000004c   Code   RO         9922    i.OS_IdleTask       os_core.o
    0x080059d0   0x080059d0   0x00000070   Code   RO         9923    i.OS_IdleTaskInit   os_core.o
    0x08005a40   0x08005a40   0x00000018   Code   RO        10215    i.OS_MemInit        os_mem.o
    0x08005a58   0x08005a58   0x0000005c   Code   RO        10247    i.OS_MsgPoolInit    os_msg.o
    0x08005ab4   0x08005ab4   0x00000068   Code   RO        10249    i.OS_MsgQGet        os_msg.o
    0x08005b1c   0x08005b1c   0x0000000e   Code   RO        10250    i.OS_MsgQInit       os_msg.o
    0x08005b2a   0x08005b2a   0x00000002   PAD
    0x08005b2c   0x08005b2c   0x00000104   Code   RO        10251    i.OS_MsgQPut        os_msg.o
    0x08005c30   0x08005c30   0x00000030   Code   RO        10287    i.OS_MutexDbgListAdd  os_mutex.o
    0x08005c60   0x08005c60   0x00000008   Code   RO        10289    i.OS_MutexGrpAdd    os_mutex.o
    0x08005c68   0x08005c68   0x0000002c   Code   RO        10291    i.OS_MutexGrpPrioFindHighest  os_mutex.o
    0x08005c94   0x08005c94   0x0000001c   Code   RO        10292    i.OS_MutexGrpRemove  os_mutex.o
    0x08005cb0   0x08005cb0   0x00000018   Code   RO        10293    i.OS_MutexInit      os_mutex.o
    0x08005cc8   0x08005cc8   0x00000068   Code   RO         9924    i.OS_Pend           os_core.o
    0x08005d30   0x08005d30   0x000000bc   Code   RO         9925    i.OS_PendAbort      os_core.o
    0x08005dec   0x08005dec   0x00000026   Code   RO         9926    i.OS_PendAbort1     os_core.o
    0x08005e12   0x08005e12   0x00000028   Code   RO         9927    i.OS_PendDataInit   os_core.o
    0x08005e3a   0x08005e3a   0x00000002   PAD
    0x08005e3c   0x08005e3c   0x0000005c   Code   RO         9928    i.OS_PendDbgNameAdd  os_core.o
    0x08005e98   0x08005e98   0x00000024   Code   RO         9929    i.OS_PendDbgNameRemove  os_core.o
    0x08005ebc   0x08005ebc   0x0000003a   Code   RO         9930    i.OS_PendListChangePrio  os_core.o
    0x08005ef6   0x08005ef6   0x0000000a   Code   RO         9931    i.OS_PendListInit   os_core.o
    0x08005f00   0x08005f00   0x00000066   Code   RO         9933    i.OS_PendListInsertPrio  os_core.o
    0x08005f66   0x08005f66   0x00000034   Code   RO         9934    i.OS_PendListRemove  os_core.o
    0x08005f9a   0x08005f9a   0x00000042   Code   RO         9935    i.OS_PendListRemove1  os_core.o
    0x08005fdc   0x08005fdc   0x000000b8   Code   RO         9936    i.OS_PendObjDel     os_core.o
    0x08006094   0x08006094   0x00000026   Code   RO         9937    i.OS_PendObjDel1    os_core.o
    0x080060ba   0x080060ba   0x000000d6   Code   RO         9938    i.OS_Post           os_core.o
    0x08006190   0x08006190   0x0000002c   Code   RO         9939    i.OS_Post1          os_core.o
    0x080061bc   0x080061bc   0x00000028   Code   RO        10385    i.OS_PrioGetHighest  os_prio.o
    0x080061e4   0x080061e4   0x00000018   Code   RO        10386    i.OS_PrioInit       os_prio.o
    0x080061fc   0x080061fc   0x00000024   Code   RO        10387    i.OS_PrioInsert     os_prio.o
    0x08006220   0x08006220   0x00000024   Code   RO        10388    i.OS_PrioRemove     os_prio.o
    0x08006244   0x08006244   0x00000030   Code   RO        10427    i.OS_QDbgListAdd    os_q.o
    0x08006274   0x08006274   0x00000018   Code   RO        10429    i.OS_QInit          os_q.o
    0x0800628c   0x0800628c   0x000000ca   Code   RO        10430    i.OS_QPost          os_q.o
    0x08006356   0x08006356   0x00000002   PAD
    0x08006358   0x08006358   0x00000024   Code   RO         9940    i.OS_RdyListInit    os_core.o
    0x0800637c   0x0800637c   0x0000002c   Code   RO         9941    i.OS_RdyListInsert  os_core.o
    0x080063a8   0x080063a8   0x00000040   Code   RO         9942    i.OS_RdyListInsertHead  os_core.o
    0x080063e8   0x080063e8   0x0000003c   Code   RO         9943    i.OS_RdyListInsertTail  os_core.o
    0x08006424   0x08006424   0x0000005c   Code   RO         9945    i.OS_RdyListRemove  os_core.o
    0x08006480   0x08006480   0x00000028   Code   RO        10488    i.OS_SemClr         os_sem.o
    0x080064a8   0x080064a8   0x00000030   Code   RO        10489    i.OS_SemDbgListAdd  os_sem.o
    0x080064d8   0x080064d8   0x00000030   Code   RO        10490    i.OS_SemDbgListRemove  os_sem.o
    0x08006508   0x08006508   0x00000018   Code   RO        10491    i.OS_SemInit        os_sem.o
    0x08006520   0x08006520   0x0000013e   Code   RO        10492    i.OS_SemPost        os_sem.o
    0x0800665e   0x0800665e   0x00000002   PAD
    0x08006660   0x08006660   0x00000324   Code   RO        10556    i.OS_StatTask       os_stat.o
    0x08006984   0x08006984   0x000000cc   Code   RO        10557    i.OS_StatTaskInit   os_stat.o
    0x08006a50   0x08006a50   0x0000002c   Code   RO         9946    i.OS_TaskBlock      os_core.o
    0x08006a7c   0x08006a7c   0x000000ec   Code   RO        10599    i.OS_TaskChangePrio  os_task.o
    0x08006b68   0x08006b68   0x00000030   Code   RO        10600    i.OS_TaskDbgListAdd  os_task.o
    0x08006b98   0x08006b98   0x00000020   Code   RO        10602    i.OS_TaskInit       os_task.o
    0x08006bb8   0x08006bb8   0x000000c4   Code   RO        10603    i.OS_TaskInitTCB    os_task.o
    0x08006c7c   0x08006c7c   0x0000011c   Code   RO        10605    i.OS_TaskResume     os_task.o
    0x08006d98   0x08006d98   0x00000024   Code   RO        10606    i.OS_TaskReturn     os_task.o
    0x08006dbc   0x08006dbc   0x000001f0   Code   RO        10607    i.OS_TaskSemPost    os_task.o
    0x08006fac   0x08006fac   0x00000138   Code   RO        10608    i.OS_TaskSuspend    os_task.o
    0x080070e4   0x080070e4   0x00000086   Code   RO        10740    i.OS_TickListInsert  os_tick.o
    0x0800716a   0x0800716a   0x00000002   PAD
    0x0800716c   0x0800716c   0x000000bc   Code   RO        10741    i.OS_TickListInsertDly  os_tick.o
    0x08007228   0x08007228   0x00000058   Code   RO        10742    i.OS_TickListRemove  os_tick.o
    0x08007280   0x08007280   0x000000a0   Code   RO        10743    i.OS_TickListUpdateDly  os_tick.o
    0x08007320   0x08007320   0x0000011c   Code   RO        10744    i.OS_TickListUpdateTimeout  os_tick.o
    0x0800743c   0x0800743c   0x0000006c   Code   RO        10745    i.OS_TickTask       os_tick.o
    0x080074a8   0x080074a8   0x000000c8   Code   RO        10746    i.OS_TickTaskInit   os_tick.o
    0x08007570   0x08007570   0x00000134   Code   RO        10831    i.OS_TmrInit        os_tmr.o
    0x080076a4   0x080076a4   0x00000018   Code   RO        10832    i.OS_TmrLock        os_tmr.o
    0x080076bc   0x080076bc   0x00000094   Code   RO        10833    i.OS_TmrTask        os_tmr.o
    0x08007750   0x08007750   0x00000044   Code   RO        10834    i.OS_TmrUnlink      os_tmr.o
    0x08007794   0x08007794   0x00000014   Code   RO        10835    i.OS_TmrUnlock      os_tmr.o
    0x080077a8   0x080077a8   0x00000012   Code   RO         1405    i.SerialBSP_STM32_USART1_CfgGPIO  serial_bsp_stm3240x.o
    0x080077ba   0x080077ba   0x00000002   PAD
    0x080077bc   0x080077bc   0x00000028   Code   RO         1406    i.SerialBSP_STM32_USART1_CfgInt  serial_bsp_stm3240x.o
    0x080077e4   0x080077e4   0x00000006   Code   RO         1407    i.SerialBSP_STM32_USART1_ClkDis  serial_bsp_stm3240x.o
    0x080077ea   0x080077ea   0x00000006   Code   RO         1408    i.SerialBSP_STM32_USART1_ClkEn  serial_bsp_stm3240x.o
    0x080077f0   0x080077f0   0x0000000e   Code   RO         1409    i.SerialBSP_STM32_USART1_ClkFreqGet  serial_bsp_stm3240x.o
    0x080077fe   0x080077fe   0x00000002   PAD
    0x08007800   0x08007800   0x00000018   Code   RO         1410    i.SerialBSP_STM32_USART1_IntHandler  serial_bsp_stm3240x.o
    0x08007818   0x08007818   0x00000012   Code   RO         1411    i.SerialBSP_STM32_USART2_CfgGPIO  serial_bsp_stm3240x.o
    0x0800782a   0x0800782a   0x00000002   PAD
    0x0800782c   0x0800782c   0x00000028   Code   RO         1412    i.SerialBSP_STM32_USART2_CfgInt  serial_bsp_stm3240x.o
    0x08007854   0x08007854   0x00000006   Code   RO         1413    i.SerialBSP_STM32_USART2_ClkDis  serial_bsp_stm3240x.o
    0x0800785a   0x0800785a   0x00000006   Code   RO         1414    i.SerialBSP_STM32_USART2_ClkEn  serial_bsp_stm3240x.o
    0x08007860   0x08007860   0x0000000e   Code   RO         1415    i.SerialBSP_STM32_USART2_ClkFreqGet  serial_bsp_stm3240x.o
    0x0800786e   0x0800786e   0x00000002   PAD
    0x08007870   0x08007870   0x00000018   Code   RO         1416    i.SerialBSP_STM32_USART2_IntHandler  serial_bsp_stm3240x.o
    0x08007888   0x08007888   0x00000054   Code   RO         1417    i.SerialBSP_STM32_USART3_CfgGPIO  serial_bsp_stm3240x.o
    0x080078dc   0x080078dc   0x00000028   Code   RO         1418    i.SerialBSP_STM32_USART3_CfgInt  serial_bsp_stm3240x.o
    0x08007904   0x08007904   0x00000010   Code   RO         1419    i.SerialBSP_STM32_USART3_ClkDis  serial_bsp_stm3240x.o
    0x08007914   0x08007914   0x00000012   Code   RO         1420    i.SerialBSP_STM32_USART3_ClkEn  serial_bsp_stm3240x.o
    0x08007926   0x08007926   0x0000000e   Code   RO         1421    i.SerialBSP_STM32_USART3_ClkFreqGet  serial_bsp_stm3240x.o
    0x08007934   0x08007934   0x00000018   Code   RO         1422    i.SerialBSP_STM32_USART3_IntHandler  serial_bsp_stm3240x.o
    0x0800794c   0x0800794c   0x00000012   Code   RO         1423    i.SerialBSP_STM32_USART4_CfgGPIO  serial_bsp_stm3240x.o
    0x0800795e   0x0800795e   0x00000002   PAD
    0x08007960   0x08007960   0x00000028   Code   RO         1424    i.SerialBSP_STM32_USART4_CfgInt  serial_bsp_stm3240x.o
    0x08007988   0x08007988   0x00000006   Code   RO         1425    i.SerialBSP_STM32_USART4_ClkDis  serial_bsp_stm3240x.o
    0x0800798e   0x0800798e   0x00000006   Code   RO         1426    i.SerialBSP_STM32_USART4_ClkEn  serial_bsp_stm3240x.o
    0x08007994   0x08007994   0x0000000e   Code   RO         1427    i.SerialBSP_STM32_USART4_ClkFreqGet  serial_bsp_stm3240x.o
    0x080079a2   0x080079a2   0x00000002   PAD
    0x080079a4   0x080079a4   0x00000018   Code   RO         1428    i.SerialBSP_STM32_USART4_IntHandler  serial_bsp_stm3240x.o
    0x080079bc   0x080079bc   0x00000012   Code   RO         1429    i.SerialBSP_STM32_USART5_CfgGPIO  serial_bsp_stm3240x.o
    0x080079ce   0x080079ce   0x00000002   PAD
    0x080079d0   0x080079d0   0x00000028   Code   RO         1430    i.SerialBSP_STM32_USART5_CfgInt  serial_bsp_stm3240x.o
    0x080079f8   0x080079f8   0x00000006   Code   RO         1431    i.SerialBSP_STM32_USART5_ClkDis  serial_bsp_stm3240x.o
    0x080079fe   0x080079fe   0x00000006   Code   RO         1432    i.SerialBSP_STM32_USART5_ClkEn  serial_bsp_stm3240x.o
    0x08007a04   0x08007a04   0x0000000e   Code   RO         1433    i.SerialBSP_STM32_USART5_ClkFreqGet  serial_bsp_stm3240x.o
    0x08007a12   0x08007a12   0x00000002   PAD
    0x08007a14   0x08007a14   0x00000018   Code   RO         1434    i.SerialBSP_STM32_USART5_IntHandler  serial_bsp_stm3240x.o
    0x08007a2c   0x08007a2c   0x00000012   Code   RO         1435    i.SerialBSP_STM32_USART6_CfgGPIO  serial_bsp_stm3240x.o
    0x08007a3e   0x08007a3e   0x00000002   PAD
    0x08007a40   0x08007a40   0x00000028   Code   RO         1436    i.SerialBSP_STM32_USART6_CfgInt  serial_bsp_stm3240x.o
    0x08007a68   0x08007a68   0x00000006   Code   RO         1437    i.SerialBSP_STM32_USART6_ClkDis  serial_bsp_stm3240x.o
    0x08007a6e   0x08007a6e   0x00000006   Code   RO         1438    i.SerialBSP_STM32_USART6_ClkEn  serial_bsp_stm3240x.o
    0x08007a74   0x08007a74   0x0000000e   Code   RO         1439    i.SerialBSP_STM32_USART6_ClkFreqGet  serial_bsp_stm3240x.o
    0x08007a82   0x08007a82   0x00000002   PAD
    0x08007a84   0x08007a84   0x00000018   Code   RO         1440    i.SerialBSP_STM32_USART6_IntHandler  serial_bsp_stm3240x.o
    0x08007a9c   0x08007a9c   0x0000000a   Code   RO         9583    i.SerialBuf_Clr     serial_buf.o
    0x08007aa6   0x08007aa6   0x0000009e   Code   RO         9584    i.SerialBuf_Cmp     serial_buf.o
    0x08007b44   0x08007b44   0x0000000a   Code   RO         9585    i.SerialBuf_DataLen  serial_buf.o
    0x08007b4e   0x08007b4e   0x0000001a   Code   RO         9586    i.SerialBuf_Init    serial_buf.o
    0x08007b68   0x08007b68   0x00000010   Code   RO         9588    i.SerialBuf_IsFull  serial_buf.o
    0x08007b78   0x08007b78   0x00000072   Code   RO         9590    i.SerialBuf_RdOctet  serial_buf.o
    0x08007bea   0x08007bea   0x00000006   Code   RO         9591    i.SerialBuf_Size    serial_buf.o
    0x08007bf0   0x08007bf0   0x0000006e   Code   RO         9592    i.SerialBuf_WrOctet  serial_buf.o
    0x08007c5e   0x08007c5e   0x00000034   Code   RO         9826    i.SerialDrv_Close   serial_drv_stm32.o
    0x08007c92   0x08007c92   0x0000008a   Code   RO         9827    i.SerialDrv_ISR_Handler  serial_drv_stm32.o
    0x08007d1c   0x08007d1c   0x00000006   Code   RO         9828    i.SerialDrv_Init    serial_drv_stm32.o
    0x08007d22   0x08007d22   0x00000180   Code   RO         9829    i.SerialDrv_Open    serial_drv_stm32.o
    0x08007ea2   0x08007ea2   0x00000020   Code   RO         9830    i.SerialDrv_RxOctet  serial_drv_stm32.o
    0x08007ec2   0x08007ec2   0x00000014   Code   RO         9831    i.SerialDrv_RxStart  serial_drv_stm32.o
    0x08007ed6   0x08007ed6   0x00000014   Code   RO         9832    i.SerialDrv_RxStop  serial_drv_stm32.o
    0x08007eea   0x08007eea   0x0000001e   Code   RO         9833    i.SerialDrv_TxOctet  serial_drv_stm32.o
    0x08007f08   0x08007f08   0x00000014   Code   RO         9834    i.SerialDrv_TxStart  serial_drv_stm32.o
    0x08007f1c   0x08007f1c   0x00000014   Code   RO         9835    i.SerialDrv_TxStop  serial_drv_stm32.o
    0x08007f30   0x08007f30   0x000001d0   Code   RO         9388    i.SerialIF_Rx       serial.o
    0x08008100   0x08008100   0x00000134   Code   RO         9389    i.SerialIF_Tx       serial.o
    0x08008234   0x08008234   0x00000058   Code   RO         9390    i.SerialIF_TxWrBuf  serial.o
    0x0800828c   0x0800828c   0x00000006   Code   RO         9716    i.SerialLine_Close  serial_line_dflt.o
    0x08008292   0x08008292   0x00000002   PAD
    0x08008294   0x08008294   0x00000024   Code   RO         9781    i.SerialLine_Close  serial_line_tty.o
    0x080082b8   0x080082b8   0x00000008   Code   RO         9717    i.SerialLine_Open   serial_line_dflt.o
    0x080082c0   0x080082c0   0x00000044   Code   RO         9782    i.SerialLine_Open   serial_line_tty.o
    0x08008304   0x08008304   0x00000028   Code   RO         9718    i.SerialLine_RdOctet  serial_line_dflt.o
    0x0800832c   0x0800832c   0x00000062   Code   RO         9783    i.SerialLine_RdOctet  serial_line_tty.o
    0x0800838e   0x0800838e   0x00000028   Code   RO         9719    i.SerialLine_WrOctet  serial_line_dflt.o
    0x080083b6   0x080083b6   0x00000054   Code   RO         9786    i.SerialLine_WrOctet  serial_line_tty.o
    0x0800840a   0x0800840a   0x00000002   PAD
    0x0800840c   0x0800840c   0x00000044   Code   RO         9662    i.SerialOS_Init     serial_os.o
    0x08008450   0x08008450   0x00000048   Code   RO         9663    i.SerialOS_SemCreate  serial_os.o
    0x08008498   0x08008498   0x0000002c   Code   RO         9664    i.SerialOS_SemDel   serial_os.o
    0x080084c4   0x080084c4   0x0000001c   Code   RO         9665    i.SerialOS_SemSignal  serial_os.o
    0x080084e0   0x080084e0   0x0000005c   Code   RO         9667    i.SerialOS_SemWait  serial_os.o
    0x0800853c   0x0800853c   0x0000025c   Code   RO         9392    i.Serial_DevDrvAdd  serial.o
    0x08008798   0x08008798   0x00000028   Code   RO         9393    i.Serial_IF_Clr     serial.o
    0x080087c0   0x080087c0   0x0000004c   Code   RO         9394    i.Serial_IF_IsValid  serial.o
    0x0800880c   0x0800880c   0x00000018   Code   RO         9395    i.Serial_IF_RdClr   serial.o
    0x08008824   0x08008824   0x00000018   Code   RO         9396    i.Serial_IF_RxReset  serial.o
    0x0800883c   0x0800883c   0x0000001c   Code   RO         9398    i.Serial_IF_RxStop  serial.o
    0x08008858   0x08008858   0x00000016   Code   RO         9399    i.Serial_IF_WrClr   serial.o
    0x0800886e   0x0800886e   0x00000002   PAD
    0x08008870   0x08008870   0x00000064   Code   RO         9400    i.Serial_Init       serial.o
    0x080088d4   0x080088d4   0x00000154   Code   RO         9401    i.Serial_Open       serial.o
    0x08008a28   0x08008a28   0x000000e0   Code   RO         9408    i.Serial_SetLineDrv  serial.o
    0x08008b08   0x08008b08   0x000000e0   Code   RO         9410    i.Serial_Wr         serial.o
    0x08008be8   0x08008be8   0x00000074   Code   RO         9412    i.Serial_WrBufInsert  serial.o
    0x08008c5c   0x08008c5c   0x0000005a   Code   RO         9413    i.Serial_WrBufRemove  serial.o
    0x08008cb6   0x08008cb6   0x00000052   Code   RO         9414    i.Serial_WrBufTxStart  serial.o
    0x08008d08   0x08008d08   0x0000001e   Code   RO         9415    i.Serial_WrCallback  serial.o
    0x08008d26   0x08008d26   0x000000e2   Code   RO         9416    i.Serial_WrEnd      serial.o
    0x08008e08   0x08008e08   0x0000007c   Code   RO         9417    i.Serial_WrNext     serial.o
    0x08008e84   0x08008e84   0x0000005e   Code   RO         9418    i.Serial_WrStart    serial.o
    0x08008ee2   0x08008ee2   0x00000018   Code   RO         9239    i.Str_Cmp           lib_str.o
    0x08008efa   0x08008efa   0x0000009c   Code   RO         9242    i.Str_Cmp_N         lib_str.o
    0x08008f96   0x08008f96   0x00000046   Code   RO         9244    i.Str_Copy_N        lib_str.o
    0x08008fdc   0x08008fdc   0x00000014   Code   RO         9248    i.Str_Len           lib_str.o
    0x08008ff0   0x08008ff0   0x0000001c   Code   RO         9249    i.Str_Len_N         lib_str.o
    0x0800900c   0x0800900c   0x00000064   Code   RO         1608    i.SystemInit        system_stm32f4xx.o
    0x08009070   0x08009070   0x00000024   Code   RO        11300    i.__0vsprintf       mc_w.l(printfa.o)
    0x08009094   0x08009094   0x00000030   Code   RO        11353    i.__ARM_fpclassify  m_wm.l(fpclassify.o)
    0x080090c4   0x080090c4   0x00000004   PAD
    0x080090c8   0x080090c8   0x000000c8   Code   RO        11012    i.__hardfp_cos      m_wm.l(cos.o)
    0x08009190   0x08009190   0x00000358   Code   RO        11024    i.__hardfp_exp      m_wm.l(exp.o)
    0x080094e8   0x080094e8   0x000000c8   Code   RO        11038    i.__hardfp_sin      m_wm.l(sin.o)
    0x080095b0   0x080095b0   0x00000438   Code   RO        11358    i.__ieee754_rem_pio2  m_wm.l(rred.o)
    0x080099e8   0x080099e8   0x00000170   Code   RO        11336    i.__kernel_cos      m_wm.l(cos_i.o)
    0x08009b58   0x08009b58   0x000000f8   Code   RO        11355    i.__kernel_poly     m_wm.l(poly.o)
    0x08009c50   0x08009c50   0x00000130   Code   RO        11363    i.__kernel_sin      m_wm.l(sin_i.o)
    0x08009d80   0x08009d80   0x00000014   Code   RO        11340    i.__mathlib_dbl_infnan  m_wm.l(dunder.o)
    0x08009d94   0x08009d94   0x00000004   PAD
    0x08009d98   0x08009d98   0x00000020   Code   RO        11342    i.__mathlib_dbl_invalid  m_wm.l(dunder.o)
    0x08009db8   0x08009db8   0x00000020   Code   RO        11343    i.__mathlib_dbl_overflow  m_wm.l(dunder.o)
    0x08009dd8   0x08009dd8   0x00000020   Code   RO        11345    i.__mathlib_dbl_underflow  m_wm.l(dunder.o)
    0x08009df8   0x08009df8   0x0000000e   Code   RO        11428    i.__scatterload_copy  mc_w.l(handlers.o)
    0x08009e06   0x08009e06   0x00000002   Code   RO        11429    i.__scatterload_null  mc_w.l(handlers.o)
    0x08009e08   0x08009e08   0x0000000e   Code   RO        11430    i.__scatterload_zeroinit  mc_w.l(handlers.o)
    0x08009e16   0x08009e16   0x00000002   PAD
    0x08009e18   0x08009e18   0x0000000c   Code   RO        11396    i.__set_errno       mc_w.l(errno.o)
    0x08009e24   0x08009e24   0x00000184   Code   RO        11301    i._fp_digits        mc_w.l(printfa.o)
    0x08009fa8   0x08009fa8   0x000006dc   Code   RO        11302    i._printf_core      mc_w.l(printfa.o)
    0x0800a684   0x0800a684   0x00000024   Code   RO        11303    i._printf_post_padding  mc_w.l(printfa.o)
    0x0800a6a8   0x0800a6a8   0x0000002e   Code   RO        11304    i._printf_pre_padding  mc_w.l(printfa.o)
    0x0800a6d6   0x0800a6d6   0x0000000a   Code   RO        11306    i._sputc            mc_w.l(printfa.o)
    0x0800a6e0   0x0800a6e0   0x00000018   Code   RO        11416    i.fabs              m_wm.l(fabs.o)
    0x0800a6f8   0x0800a6f8   0x00000088   Code   RO           11    i.main              app.o
    0x0800a780   0x0800a780   0x00000078   Data   RO         1441    .constdata          serial_bsp_stm3240x.o
    0x0800a7f8   0x0800a7f8   0x00000010   Data   RO         5374    .constdata          stm32f4xx_hal_rcc.o
    0x0800a808   0x0800a808   0x00000010   Data   RO         9720    .constdata          serial_line_dflt.o
    0x0800a818   0x0800a818   0x00000010   Data   RO         9787    .constdata          serial_line_tty.o
    0x0800a828   0x0800a828   0x00000028   Data   RO         9836    .constdata          serial_drv_stm32.o
    0x0800a850   0x0800a850   0x00000094   Data   RO         9890    .constdata          os_cfg_app.o
    0x0800a8e4   0x0800a8e4   0x0000016c   Data   RO        10119    .constdata          os_dbg.o
    0x0800aa50   0x0800aa50   0x00000058   Data   RO        11027    .constdata          m_wm.l(exp.o)
    0x0800aaa8   0x0800aaa8   0x00000030   Data   RO        11337    .constdata          m_wm.l(cos_i.o)
    0x0800aad8   0x0800aad8   0x000000c8   Data   RO        11360    .constdata          m_wm.l(rred.o)
    0x0800aba0   0x0800aba0   0x00000028   Data   RO        11364    .constdata          m_wm.l(sin_i.o)
    0x0800abc8   0x0800abc8   0x00000020   Data   RO        11426    Region$$Table       anon$$obj.o


    Execution Region RW_IRAM1 (Exec base: 0x20000000, Load base: 0x0800abe8, Size: 0x00003f28, Max: 0x00020000, ABSOLUTE, COMPRESSED[0x0000003c])

    Exec Addr    Load Addr    Size         Type   Attr      Idx    E Section Name        Object

    0x20000000   COMPRESSED   0x00000001   Data   RW          376    .data               app_serial.o
    0x20000001   COMPRESSED   0x00000003   PAD
    0x20000004   COMPRESSED   0x00000060   Data   RW         1442    .data               serial_bsp_stm3240x.o
    0x20000064   COMPRESSED   0x00000014   Data   RW         1609    .data               system_stm32f4xx.o
    0x20000078   COMPRESSED   0x00000004   Data   RW         1794    .data               stm32f4xx_hal.o
    0x2000007c   COMPRESSED   0x0000001c   Data   RW         8705    .data               cpu_core.o
    0x20000098   COMPRESSED   0x00000004   Data   RW         9011    .data               lib_math.o
    0x2000009c   COMPRESSED   0x00000004   Data   RW         9081    .data               lib_mem.o
    0x200000a0   COMPRESSED   0x00000001   Data   RW         9420    .data               serial.o
    0x200000a1   COMPRESSED   0x00000003   PAD
    0x200000a4   COMPRESSED   0x00000004   Data   RW         9788    .data               serial_line_tty.o
    0x200000a8   COMPRESSED   0x00000004   Data   RW        10389    .data               os_prio.o
    0x200000ac   COMPRESSED   0x000000bc   Data   RW        10911    .data               os_var.o
    0x20000168   COMPRESSED   0x00000004   Data   RW        10938    .data               os_cpu_c.o
    0x2000016c   COMPRESSED   0x00000004   Data   RW        11397    .data               mc_w.l(errno.o)
    0x20000170        -       0x00002098   Zero   RW           12    .bss                app.o
    0x20002208        -       0x00000148   Zero   RW          890    .bss                bsp_int.o
    0x20002350        -       0x00000010   Zero   RW         8703    .bss                cpu_core.o
    0x20002360        -       0x00000414   Zero   RW         9080    .bss                lib_mem.o
    0x20002774        -       0x00000180   Zero   RW         9419    .bss                serial.o
    0x200028f4        -       0x00000018   Zero   RW         9668    .bss                serial_os.o
    0x2000290c        -       0x00000f60   Zero   RW         9889    .bss                os_cfg_app.o
    0x2000386c        -       0x000004bc   Zero   RW        10910    .bss                os_var.o
    0x20003d28        -       0x00000200   Zero   RW         1725    STACK               startup.o


==============================================================================

Image component sizes


      Code (inc. data)   RO Data    RW Data    ZI Data      Debug   Object Name

      2932        670          0          0       8344     355791   app.o
       216         30          0          1          0      16357   app_serial.o
       580         74          0          0          0      44127   bsp.o
      1012         16          0          0        328      47585   bsp_int.o
      1152        256          0          0          0       2150   bsp_periph.o
        52          0          0          0          0        392   cpu_a.o
        64         14          0          0          0       2932   cpu_bsp.o
       376         22          0          0          0        883   cpu_c.o
       652        102          0         28         16      11485   cpu_core.o
         0          0          0          0          0      11176   lib_ascii.o
       150         14          0          4          0       3694   lib_math.o
      1382         96          0          4       1044      23503   lib_mem.o
       298          0          0          0          0       4577   lib_str.o
       160         56          0          0          0      76848   os_app_hooks.o
         2          0        148          0       3936      20157   os_cfg_app.o
      2894        332          0          0          0      23003   os_core.o
       280         14          0          0          0        480   os_cpu_a.o
      1140        160          0          4          0      27009   os_cpu_c.o
       424        278        364          0          0       4921   os_dbg.o
      1548         60          0          0          0       8197   os_flag.o
        24         10          0          0          0       1009   os_mem.o
       470         24          0          0          0       3765   os_msg.o
      1132         56          0          0          0       6994   os_mutex.o
       136         16          0          4          0       3246   os_prio.o
       862         48          0          0          0       5951   os_q.o
      1490         78          0          0          0       9645   os_sem.o
      1592        196          0          0          0       4383   os_stat.o
      2734        128          0          0          0      13062   os_task.o
      1162         88          0          0          0       6423   os_tick.o
       520         40          0          0          0       3033   os_time.o
       568        142          0          0          0       3957   os_tmr.o
         0          0          0        188       1212      17922   os_var.o
      3328         72          0          1        384      26418   serial.o
       736         90        120         96          0      22446   serial_bsp_stm3240x.o
       450          0          0          0          0       7037   serial_buf.o
       722          6         40          0          0       9730   serial_drv_stm32.o
        94          0         16          0          0       3650   serial_line_dflt.o
       286         12         16          4          0       4393   serial_line_tty.o
       304         22          0          0         24       8427   serial_os.o
        72         18        392          0        512        736   startup.o
       100         20          0          4          0       3938   stm32f4xx_hal.o
        40          8          0          0          0      27190   stm32f4xx_hal_cortex.o
       540         48          0          0          0       3325   stm32f4xx_hal_gpio.o
         2          0          0          0          0        606   stm32f4xx_hal_msp_template.o
      2064         66         16          0          0       5890   stm32f4xx_hal_rcc.o
       100         18          0         20          0       1285   system_stm32f4xx.o

    ----------------------------------------------------------------------
     34896       3400       1144        364      15800     889728   Object Totals
         0          0         32          0          0          0   (incl. Generated)
        54          0          0          6          0          0   (incl. Padding)

    ----------------------------------------------------------------------

      Code (inc. data)   RO Data    RW Data    ZI Data      Debug   Library Member Name

       200         20          0          0          0        164   cos.o
       368         46         48          0          0        200   cos_i.o
       116         24          0          0          0        496   dunder.o
       856        142         88          0          0        288   exp.o
        24          0          0          0          0        124   fabs.o
        48          0          0          0          0        124   fpclassify.o
       248          0          0          0          0        152   poly.o
      1080        142        200          0          0        188   rred.o
       200         20          0          0          0        164   sin.o
       304         24         40          0          0        208   sin_i.o
        86          0          0          0          0          0   __dczerorl2.o
         0          0          0          0          0          0   entry.o
         0          0          0          0          0          0   entry10a.o
         0          0          0          0          0          0   entry11a.o
         8          4          0          0          0          0   entry2.o
         4          0          0          0          0          0   entry5.o
         0          0          0          0          0          0   entry7b.o
         0          0          0          0          0          0   entry8b.o
         8          4          0          0          0          0   entry9a.o
        12          6          0          4          0         68   errno.o
        30          0          0          0          0          0   handlers.o
        36          8          0          0          0         68   init.o
         0          0          0          0          0          0   iusefp.o
        30          0          0          0          0         68   llshl.o
        36          0          0          0          0         68   llsshr.o
        32          0          0          0          0         68   llushr.o
      2272         86          0          0          0        516   printfa.o
        44          0          0          0          0         80   uidiv.o
        98          0          0          0          0         92   uldiv.o
        48          0          0          0          0         68   cdcmple.o
        48          0          0          0          0         68   cdrcmple.o
        56          0          0          0          0         88   d2f.o
       334          0          0          0          0        148   dadd.o
       222          0          0          0          0        100   ddiv.o
       186          0          0          0          0        176   depilogue.o
        62          0          0          0          0         80   dfixi.o
        48          0          0          0          0         68   dfixul.o
        34          0          0          0          0         76   dflti.o
        26          0          0          0          0         76   dfltui.o
       228          0          0          0          0         96   dmul.o
        38          0          0          0          0         68   f2d.o
       110          0          0          0          0        168   fepilogue.o

    ----------------------------------------------------------------------
      7592        526        376          4          0       4416   Library Totals
        12          0          0          0          0          0   (incl. Padding)

    ----------------------------------------------------------------------

      Code (inc. data)   RO Data    RW Data    ZI Data      Debug   Library Name

      3444        418        376          0          0       2108   m_wm.l
      2696        108          0          4          0       1028   mc_w.l
      1440          0          0          0          0       1280   mf_w.l

    ----------------------------------------------------------------------
      7592        526        376          4          0       4416   Library Totals

    ----------------------------------------------------------------------

==============================================================================


      Code (inc. data)   RO Data    RW Data    ZI Data      Debug   

     42488       3926       1520        368      15800     855132   Grand Totals
     42488       3926       1520         60      15800     855132   ELF Image Totals (compressed)
     42488       3926       1520         60          0          0   ROM Totals

==============================================================================

    Total RO  Size (Code + RO Data)                44008 (  42.98kB)
    Total RW  Size (RW Data + ZI Data)             16168 (  15.79kB)
    Total ROM Size (Code + RO Data + RW Data)      44068 (  43.04kB)

==============================================================================

